2026-06-09 09:16:50,620 [INFO] Activator:176 - 


2026-06-09 09:16:50,624 [INFO] Activator:177 - !SESSION log4j initialized
2026-06-09 09:16:54,201 [INFO] LogOutputStream:77 - [STDOUT_REDIRECT] 
2026-06-09 09:16:55,075 [INFO] ApplicationProperties:184 - Using Application install path: /opt/st/stm32cubeide_1.13.2_2/plugins/com.st.stm32cube.common.mx_6.9.2.202309101412
2026-06-09 09:16:55,099 [INFO] DbMcusXml:78 - Set database path to: /opt/st/stm32cubeide_1.13.2_2/plugins/com.st.stm32cube.common.mx_6.9.2.202309101412//db//mcu/
2026-06-09 09:16:55,099 [INFO] ApiDb:274 - Set plugin database path to: /opt/st/stm32cubeide_1.13.2_2/plugins/com.st.stm32cube.common.mx_6.9.2.202309101412//db//plugins/boardmanager/
2026-06-09 09:16:55,099 [WARN] ApiDb:259 - Overriding images path with different value:  => /opt/st/stm32cubeide_1.13.2_2/plugins/com.st.stm32cube.common.mx_6.9.2.202309101412//db//plugins/mcufinder/images/
2026-06-09 09:16:55,110 [INFO] ApiDb:250 - Set database path to: /home/papijou/.stmcufinder/plugins/mcufinder//mcu/
2026-06-09 09:16:55,111 [INFO] DbMcusAds:125 - Set database path to: /home/papijou/.stmcufinder/plugins/mcufinder//mcu/
2026-06-09 09:16:55,113 [INFO] CrossReferenceDbSqlite:203 - Set database path to: /home/papijou/.stmcufinder/plugins/mcufinder//mcu/cs/
2026-06-09 09:16:55,241 [INFO] RulesReader:64 - Compatibility file has been processed (293 Rules)
2026-06-09 09:16:55,300 [INFO] DbMcusXml:78 - Set database path to: /opt/st/stm32cubeide_1.13.2_2/plugins/com.st.stm32cube.common.mx_6.9.2.202309101412//db//mcu/
2026-06-09 09:16:55,300 [INFO] ApiDb:274 - Set plugin database path to: /opt/st/stm32cubeide_1.13.2_2/plugins/com.st.stm32cube.common.mx_6.9.2.202309101412//db//plugins/boardmanager/
2026-06-09 09:16:55,301 [INFO] ApiDb:261 - Set plugin images path to: /opt/st/stm32cubeide_1.13.2_2/plugins/com.st.stm32cube.common.mx_6.9.2.202309101412//db//plugins/mcufinder/images/
2026-06-09 09:16:55,301 [WARN] DbFile:41 - Overriding database path with different value: /home/papijou/.stmcufinder/plugins/mcufinder/ => /home/papijou/.stmcufinder/plugins/mcufinder
2026-06-09 09:16:55,301 [INFO] ApiDb:250 - Set database path to: /home/papijou/.stmcufinder/plugins/mcufinder//mcu/
2026-06-09 09:16:55,301 [WARN] DbFile:41 - Overriding database path with different value: /home/papijou/.stmcufinder/plugins/mcufinder/ => /home/papijou/.stmcufinder/plugins/mcufinder
2026-06-09 09:16:55,301 [INFO] DbMcusAds:125 - Set database path to: /home/papijou/.stmcufinder/plugins/mcufinder//mcu/
2026-06-09 09:16:55,301 [WARN] DbFile:41 - Overriding database path with different value: /home/papijou/.stmcufinder/plugins/mcufinder/ => /home/papijou/.stmcufinder/plugins/mcufinder
2026-06-09 09:16:55,301 [WARN] DbFile:41 - Overriding database path with different value: /home/papijou/.stmcufinder/plugins/mcufinder/ => /home/papijou/.stmcufinder/plugins/mcufinder
2026-06-09 09:16:55,301 [INFO] CrossReferenceDbSqlite:203 - Set database path to: /home/papijou/.stmcufinder/plugins/mcufinder//mcu/cs/
2026-06-09 09:16:55,367 [INFO] MainPanel:262 - HeapMemory: 268435456
2026-06-09 09:16:55,445 [INFO] DbMcusXml:78 - Set database path to: /opt/st/stm32cubeide_1.13.2_2/plugins/com.st.stm32cube.common.mx_6.9.2.202309101412//db//mcu/
2026-06-09 09:16:55,445 [INFO] ApiDb:274 - Set plugin database path to: /opt/st/stm32cubeide_1.13.2_2/plugins/com.st.stm32cube.common.mx_6.9.2.202309101412//db//plugins/boardmanager/
2026-06-09 09:16:55,445 [INFO] ApiDb:261 - Set plugin images path to: /opt/st/stm32cubeide_1.13.2_2/plugins/com.st.stm32cube.common.mx_6.9.2.202309101412//db//plugins/mcufinder/images/
2026-06-09 09:16:55,446 [WARN] DbFile:41 - Overriding database path with different value: /home/papijou/.stmcufinder/plugins/mcufinder/ => /home/papijou/.stmcufinder/plugins/mcufinder
2026-06-09 09:16:55,446 [INFO] ApiDb:250 - Set database path to: /home/papijou/.stmcufinder/plugins/mcufinder//mcu/
2026-06-09 09:16:55,446 [WARN] DbFile:41 - Overriding database path with different value: /home/papijou/.stmcufinder/plugins/mcufinder/ => /home/papijou/.stmcufinder/plugins/mcufinder
2026-06-09 09:16:55,446 [INFO] DbMcusAds:125 - Set database path to: /home/papijou/.stmcufinder/plugins/mcufinder//mcu/
2026-06-09 09:16:55,446 [WARN] DbFile:41 - Overriding database path with different value: /home/papijou/.stmcufinder/plugins/mcufinder/ => /home/papijou/.stmcufinder/plugins/mcufinder
2026-06-09 09:16:55,446 [WARN] DbFile:41 - Overriding database path with different value: /home/papijou/.stmcufinder/plugins/mcufinder/ => /home/papijou/.stmcufinder/plugins/mcufinder
2026-06-09 09:16:55,446 [INFO] CrossReferenceDbSqlite:203 - Set database path to: /home/papijou/.stmcufinder/plugins/mcufinder//mcu/cs/
2026-06-09 09:16:55,461 [INFO] ApplicationProperties:184 - Using Application install path: /opt/st/stm32cubeide_1.13.2_2/plugins/com.st.stm32cube.common.mx_6.9.2.202309101412
2026-06-09 09:16:55,463 [INFO] PluginManage:196 - Search for loadable plugins [exclusion list=, ]
2026-06-09 09:16:55,464 [INFO] PluginManage:310 - Check plugin analytics
2026-06-09 09:16:55,576 [INFO] AnalyticsPlugin:253 - Accepted Software Licenses: 
2026-06-09 09:16:55,576 [INFO] AnalyticsPlugin:255 - Accepted CMSIS Pack Licenses: 
2026-06-09 09:16:55,576 [INFO] AnalyticsPlugin:257 - Accepted Firmware Licenses: FW.L4.1.18.0
2026-06-09 09:16:55,578 [INFO] PluginManage:359 - Loaded plugin analytics (category:tool,tabindex:-1)
2026-06-09 09:16:55,579 [INFO] PluginManage:310 - Check plugin cadmodel
2026-06-09 09:16:55,662 [INFO] CADModel:105 - Init CAD model plugin
2026-06-09 09:16:55,662 [INFO] PluginManage:359 - Loaded plugin cadmodel (category:power,tabindex:5)
2026-06-09 09:16:55,662 [INFO] PluginManage:310 - Check plugin clock
2026-06-09 09:16:55,669 [INFO] PluginManage:359 - Loaded plugin clock (category:base,tabindex:2)
2026-06-09 09:16:55,670 [INFO] PluginManage:310 - Check plugin ddr
2026-06-09 09:16:55,672 [INFO] PluginManage:359 - Loaded plugin ddr (category:tool,tabindex:6)
2026-06-09 09:16:55,672 [INFO] PluginManage:310 - Check plugin filemanager
2026-06-09 09:16:55,756 [INFO] PluginManage:359 - Loaded plugin filemanager (category:base,tabindex:10)
2026-06-09 09:16:55,756 [INFO] PluginManage:310 - Check plugin ipmanager
2026-06-09 09:16:55,761 [INFO] PluginManage:359 - Loaded plugin ipmanager (category:base,tabindex:5)
2026-06-09 09:16:55,761 [INFO] PluginManage:310 - Check plugin lpbam
2026-06-09 09:16:55,767 [INFO] PluginManage:359 - Loaded plugin lpbam (category:base,tabindex:0)
2026-06-09 09:16:55,767 [INFO] PluginManage:310 - Check plugin memorymap
2026-06-09 09:16:55,775 [INFO] PluginManage:359 - Loaded plugin memorymap (category:base,tabindex:4)
2026-06-09 09:16:55,775 [INFO] PluginManage:310 - Check plugin pinoutandconfiguration
2026-06-09 09:16:55,782 [INFO] PluginManage:359 - Loaded plugin pinoutandconfiguration (category:base,tabindex:1)
2026-06-09 09:16:55,782 [INFO] PluginManage:310 - Check plugin pinoutconfig
2026-06-09 09:16:55,845 [WARN] SupportedApi:132 - Cannot load RTOS API schema: s4s-elt-must-match.1: The content of 'definitions' must match (annotation?, (simpleType | complexType)?, (unique | key | keyref)*)). A problem was found starting at: attribute.
2026-06-09 09:16:55,957 [INFO] PluginManage:359 - Loaded plugin pinoutconfig (category:base,tabindex:0)
2026-06-09 09:16:55,958 [INFO] PluginManage:310 - Check plugin power
2026-06-09 09:16:55,968 [INFO] PluginManage:359 - Loaded plugin power (category:power,tabindex:4)
2026-06-09 09:16:55,968 [INFO] PluginManage:310 - Check plugin projectmanager
2026-06-09 09:16:55,983 [INFO] PluginManage:359 - Loaded plugin projectmanager (category:projectmanager,tabindex:3)
2026-06-09 09:16:55,983 [INFO] PluginManage:310 - Check plugin thirdparty
2026-06-09 09:16:56,094 [INFO] PluginManage:359 - Loaded plugin thirdparty (category:base,tabindex:-1)
2026-06-09 09:16:56,094 [WARN] IntegrityCheckThread:84 - waiting for thirdparty lock release [integrity check]
2026-06-09 09:16:56,094 [INFO] PluginManage:310 - Check plugin tools
2026-06-09 09:16:56,094 [INFO] IntegrityCheckThread:86 - entering critical section [integrity check]
2026-06-09 09:16:56,095 [INFO] ThirdPartyUpdaterWithRetryManager:70 - Updater plugin not ready yet. [1/15]
2026-06-09 09:16:56,097 [INFO] PluginManage:359 - Loaded plugin tools (category:base,tabindex:7)
2026-06-09 09:16:56,097 [INFO] PluginManage:310 - Check plugin tutovideos
2026-06-09 09:16:56,235 [INFO] PluginManage:359 - Loaded plugin tutovideos (category:base,tabindex:-1)
2026-06-09 09:16:56,235 [INFO] PluginManage:310 - Check plugin updater
2026-06-09 09:16:56,246 [INFO] PluginManage:359 - Loaded plugin updater (category:base,tabindex:12)
2026-06-09 09:16:56,246 [INFO] PluginManage:310 - Check plugin userauth
2026-06-09 09:16:56,252 [INFO] UserAuth:113 - Init User Auth plugin
2026-06-09 09:16:56,252 [INFO] PluginManage:359 - Loaded plugin userauth (category:base,tabindex:14)
2026-06-09 09:16:56,253 [INFO] PluginManage:283 - PluginManage : Loaded plugins [17]
2026-06-09 09:16:56,415 [INFO] PinOutPanel:1499 - setPackage(No Configuration,No Configuration)
2026-06-09 09:16:56,496 [INFO] CADModel:165 - CPN selected for project level
2026-06-09 09:16:56,497 [INFO] CADModel:114 - Register for checkConnection events
2026-06-09 09:16:56,507 [INFO] IPUIPlugin:80 - create IPUIPlugin
2026-06-09 09:16:56,508 [INFO] PluginManager:220 - loadIPPluginJar : add can
2026-06-09 09:16:56,512 [INFO] IPUIPlugin:80 - create IPUIPlugin
2026-06-09 09:16:56,513 [INFO] PluginManager:220 - loadIPPluginJar : add gic
2026-06-09 09:16:56,514 [INFO] IPUIPlugin:80 - create IPUIPlugin
2026-06-09 09:16:56,514 [INFO] PluginManager:220 - loadIPPluginJar : add quadspi
2026-06-09 09:16:56,517 [INFO] IPUIPlugin:80 - create IPUIPlugin
2026-06-09 09:16:56,517 [INFO] PluginManager:220 - loadIPPluginJar : add sai
2026-06-09 09:16:56,518 [INFO] IPUIPlugin:80 - create IPUIPlugin
2026-06-09 09:16:56,518 [INFO] PluginManager:220 - loadIPPluginJar : add comp
2026-06-09 09:16:56,523 [INFO] IPUIPlugin:80 - create IPUIPlugin
2026-06-09 09:16:56,523 [INFO] PluginManager:220 - loadIPPluginJar : add fmc
2026-06-09 09:16:56,526 [INFO] IPUIPlugin:80 - create IPUIPlugin
2026-06-09 09:16:56,526 [INFO] PluginManager:220 - loadIPPluginJar : add spi
2026-06-09 09:16:56,529 [INFO] IPUIPlugin:80 - create IPUIPlugin
2026-06-09 09:16:56,530 [INFO] PluginManager:220 - loadIPPluginJar : add nvic
2026-06-09 09:16:56,532 [INFO] IPUIPlugin:80 - create IPUIPlugin
2026-06-09 09:16:56,532 [INFO] PluginManager:220 - loadIPPluginJar : add usbx
2026-06-09 09:16:56,534 [INFO] IPUIPlugin:80 - create IPUIPlugin
2026-06-09 09:16:56,534 [INFO] PluginManager:220 - loadIPPluginJar : add ucpd
2026-06-09 09:16:56,536 [INFO] IPUIPlugin:80 - create IPUIPlugin
2026-06-09 09:16:56,536 [INFO] PluginManager:220 - loadIPPluginJar : add lorawan
2026-06-09 09:16:56,539 [INFO] IPUIPlugin:80 - create IPUIPlugin
2026-06-09 09:16:56,539 [INFO] PluginManager:220 - loadIPPluginJar : add hash
2026-06-09 09:16:56,540 [INFO] IPUIPlugin:80 - create IPUIPlugin
2026-06-09 09:16:56,540 [INFO] PluginManager:220 - loadIPPluginJar : add ltdc
2026-06-09 09:16:56,542 [INFO] IPUIPlugin:80 - create IPUIPlugin
2026-06-09 09:16:56,542 [INFO] PluginManager:220 - loadIPPluginJar : add tim
2026-06-09 09:16:56,545 [INFO] IPUIPlugin:80 - create IPUIPlugin
2026-06-09 09:16:56,545 [INFO] PluginManager:220 - loadIPPluginJar : add usart
2026-06-09 09:16:56,552 [INFO] IPUIPlugin:80 - create IPUIPlugin
2026-06-09 09:16:56,554 [INFO] PluginManager:220 - loadIPPluginJar : add plateformsettings
2026-06-09 09:16:56,556 [INFO] IPUIPlugin:80 - create IPUIPlugin
2026-06-09 09:16:56,556 [INFO] PluginManager:220 - loadIPPluginJar : add aes
2026-06-09 09:16:56,559 [INFO] IPUIPlugin:80 - create IPUIPlugin
2026-06-09 09:16:56,560 [INFO] PluginManager:220 - loadIPPluginJar : add opamp
2026-06-09 09:16:56,561 [INFO] IPUIPlugin:80 - create IPUIPlugin
2026-06-09 09:16:56,562 [INFO] PluginManager:220 - loadIPPluginJar : add dma3
2026-06-09 09:16:56,567 [INFO] IPUIPlugin:80 - create IPUIPlugin
2026-06-09 09:16:56,568 [INFO] PluginManager:220 - loadIPPluginJar : add linkedlist
2026-06-09 09:16:56,569 [INFO] IPUIPlugin:80 - create IPUIPlugin
2026-06-09 09:16:56,569 [INFO] PluginManager:220 - loadIPPluginJar : add i3c
2026-06-09 09:16:56,574 [INFO] IPUIPlugin:80 - create IPUIPlugin
2026-06-09 09:16:56,574 [INFO] PluginManager:220 - loadIPPluginJar : add mdma
2026-06-09 09:16:56,576 [INFO] IPUIPlugin:80 - create IPUIPlugin
2026-06-09 09:16:56,576 [INFO] PluginManager:220 - loadIPPluginJar : add i2c
2026-06-09 09:16:56,579 [INFO] IPUIPlugin:80 - create IPUIPlugin
2026-06-09 09:16:56,579 [INFO] PluginManager:220 - loadIPPluginJar : add ipddr
2026-06-09 09:16:56,581 [INFO] IPUIPlugin:80 - create IPUIPlugin
2026-06-09 09:16:56,581 [INFO] PluginManager:220 - loadIPPluginJar : add fatfs
2026-06-09 09:16:56,582 [INFO] IPUIPlugin:80 - create IPUIPlugin
2026-06-09 09:16:56,582 [INFO] PluginManager:220 - loadIPPluginJar : add gfxmmu
2026-06-09 09:16:56,583 [INFO] IPUIPlugin:80 - create IPUIPlugin
2026-06-09 09:16:56,583 [INFO] PluginManager:220 - loadIPPluginJar : add tsc
2026-06-09 09:16:56,588 [INFO] IPUIPlugin:80 - create IPUIPlugin
2026-06-09 09:16:56,588 [INFO] PluginManager:220 - loadIPPluginJar : add stm32_wpan
2026-06-09 09:16:56,589 [INFO] IPUIPlugin:80 - create IPUIPlugin
2026-06-09 09:16:56,589 [INFO] PluginManager:220 - loadIPPluginJar : add genericplugin
2026-06-09 09:16:56,591 [INFO] IPUIPlugin:80 - create IPUIPlugin
2026-06-09 09:16:56,591 [INFO] PluginManager:220 - loadIPPluginJar : add i2s
2026-06-09 09:16:56,596 [INFO] IPUIPlugin:80 - create IPUIPlugin
2026-06-09 09:16:56,596 [INFO] PluginManager:220 - loadIPPluginJar : add adc
2026-06-09 09:16:56,600 [INFO] IPUIPlugin:80 - create IPUIPlugin
2026-06-09 09:16:56,601 [INFO] PluginManager:220 - loadIPPluginJar : add freertos
2026-06-09 09:16:56,604 [INFO] IPUIPlugin:80 - create IPUIPlugin
2026-06-09 09:16:56,605 [INFO] PluginManager:220 - loadIPPluginJar : add dma
2026-06-09 09:16:56,607 [INFO] IPUIPlugin:80 - create IPUIPlugin
2026-06-09 09:16:56,608 [INFO] PluginManager:220 - loadIPPluginJar : add cryp
2026-06-09 09:16:56,610 [INFO] IPUIPlugin:80 - create IPUIPlugin
2026-06-09 09:16:56,610 [INFO] PluginManager:220 - loadIPPluginJar : add touchsensing
2026-06-09 09:16:56,613 [INFO] IPUIPlugin:80 - create IPUIPlugin
2026-06-09 09:16:56,613 [INFO] PluginManager:220 - loadIPPluginJar : add gpio
2026-06-09 09:16:56,616 [INFO] IPUIPlugin:80 - create IPUIPlugin
2026-06-09 09:16:56,616 [INFO] PluginManager:220 - loadIPPluginJar : add openamp
2026-06-09 09:16:56,618 [INFO] IPUIPlugin:80 - create IPUIPlugin
2026-06-09 09:16:56,618 [INFO] PluginManager:220 - loadIPPluginJar : add gtzc
2026-06-09 09:16:56,619 [INFO] IPUIPlugin:80 - create IPUIPlugin
2026-06-09 09:16:56,620 [INFO] PluginManager:220 - loadIPPluginJar : add tracer_emb
2026-06-09 09:16:56,622 [INFO] IPUIPlugin:80 - create IPUIPlugin
2026-06-09 09:16:56,622 [INFO] PluginManager:220 - loadIPPluginJar : add dfsdm
2026-06-09 09:16:56,624 [INFO] IPUIPlugin:80 - create IPUIPlugin
2026-06-09 09:16:56,624 [INFO] PluginManager:220 - loadIPPluginJar : add ts
2026-06-09 09:16:56,628 [INFO] IPUIPlugin:80 - create IPUIPlugin
2026-06-09 09:16:56,628 [INFO] PluginManager:220 - loadIPPluginJar : add resmgrutility
2026-06-09 09:16:56,631 [INFO] IPUIPlugin:80 - create IPUIPlugin
2026-06-09 09:16:56,631 [INFO] PluginManager:220 - loadIPPluginJar : add pdm2pcm
2026-06-09 09:16:56,728 [INFO] CADModel:165 - CPN selected for project level
2026-06-09 09:16:56,728 [INFO] CADModel:114 - Register for checkConnection events
2026-06-09 09:16:56,728 [FATAL] Updater:308 - Updater called before beeing initialized
2026-06-09 09:16:56,728 [ERROR] CADModel:125 - Updater not yet initialized, retry later 
2026-06-09 09:16:56,823 [INFO] CADModel:165 - CPN selected for project level
2026-06-09 09:16:56,823 [INFO] CADModel:114 - Register for checkConnection events
2026-06-09 09:16:56,823 [FATAL] Updater:308 - Updater called before beeing initialized
2026-06-09 09:16:56,823 [ERROR] CADModel:125 - Updater not yet initialized, retry later 
2026-06-09 09:16:56,826 [FATAL] Updater:308 - Updater called before beeing initialized
2026-06-09 09:16:56,886 [FATAL] Updater:308 - Updater called before beeing initialized
2026-06-09 09:16:56,892 [INFO] DbMcusAds:53 - JSON generation date=Thu May 28 12:08:16 CLT 2026 (1779984496303)
2026-06-09 09:16:56,892 [FATAL] Updater:308 - Updater called before beeing initialized
2026-06-09 09:16:56,917 [WARN] DetailPanel:346 - Failed to get advertising image, set to default
2026-06-09 09:16:57,024 [FATAL] Updater:308 - Updater called before beeing initialized
2026-06-09 09:16:57,026 [FATAL] Updater:308 - Updater called before beeing initialized
2026-06-09 09:16:57,026 [FATAL] Updater:308 - Updater called before beeing initialized
2026-06-09 09:16:57,026 [WARN] DetailPanel:346 - Failed to get advertising image, set to default
2026-06-09 09:16:57,027 [FATAL] Updater:308 - Updater called before beeing initialized
2026-06-09 09:16:57,064 [ERROR] Updater:1120 - MainUpdater not yet initialized. External WinMGr cannot be set.
2026-06-09 09:16:57,066 [INFO] Updater:1056 - Updater Version found : 6.9.2
2026-06-09 09:16:57,083 [INFO] ApplicationProperties:184 - Using Application install path: /opt/st/stm32cubeide_1.13.2_2/plugins/com.st.stm32cube.common.mx_6.9.2.202309101412
2026-06-09 09:16:57,888 [INFO] MainUpdater:2868 - connection check result : 10
2026-06-09 09:16:57,888 [INFO] MainUpdater:3562 - Updater definition file requires update
2026-06-09 09:16:57,889 [INFO] MainUpdater:285 - Updater Check For Update Now.
2026-06-09 09:16:57,889 [INFO] MicroXplorer:498 - Change Database Version : DB.6.0.92
2026-06-09 09:16:57,894 [INFO] McuFinderGlobals:63 - Set McuFinder mode to 2 (CubeIDE integrated)
2026-06-09 09:16:57,894 [INFO] UserAuth:179 - activating auth plugin
2026-06-09 09:16:57,896 [INFO] UserAuth:393 - Internet connection configuration mode: 1
2026-06-09 09:16:57,907 [INFO] ServerAccessManage:473 - Download File updaters.zip
2026-06-09 09:16:57,908 [INFO] JxBrowserEngine:151 - Initiate JxBrowser Engine with user profile folder
2026-06-09 09:16:57,974 [INFO] FileExtend:240 - Unzip File : updaters.zip
2026-06-09 09:16:57,975 [INFO] FileExtend:255 - Standard Zip Deflate
2026-06-09 09:16:58,115 [INFO] ServerAccessManage:473 - Download File PacksControlFlags.xml
2026-06-09 09:16:58,165 [INFO] ServerAccessManage:473 - Download File cubemx.pidx
2026-06-09 09:16:58,246 [INFO] LoadServerUpdatesThread:373 - End of LoadServerUpdate Thread
2026-06-09 09:16:58,404 [INFO] CheckServerUpdateThread:120 - End of CheckServer Thread
2026-06-09 09:16:58,607 [INFO] WebApp:157 - Instantiating new browser for Auth
2026-06-09 09:16:59,061 [INFO] WebApp:753 - Register for checkConnection events
2026-06-09 09:16:59,061 [INFO] WebApp:390 - Apply proxy settings
2026-06-09 09:16:59,062 [INFO] WebApp:475 - Chromium requires no authentication
2026-06-09 09:16:59,067 [INFO] WebApp:418 - Direct internet connection detected
2026-06-09 09:16:59,170 [WARN] PackLoader:240 - Cannot read IP mode file for STMicroelectronics.FP-ATR-SIGFOX1.3.2.0
2026-06-09 09:16:59,172 [INFO] ThirdParty:978 - Integrity check success = true
2026-06-09 09:16:59,172 [INFO] IntegrityCheckThread:100 - exiting critical section [integrity check]
2026-06-09 09:16:59,172 [INFO] IntegrityCheckThread:103 - End integrity checks thread
2026-06-09 09:16:59,173 [INFO] WebApp:188 - Starting web application
2026-06-09 09:16:59,174 [INFO] WebApp:520 - Web application path used /opt/st/stm32cubeide_1.13.2_2/plugins/com.st.stm32cube.common.mx_6.9.2.202309101412/db/plugins/mcufinder/reactClient1/index.html
2026-06-09 09:17:19,511 [ERROR] LogOutputStream:75 - [STDERR_REDIRECT] SLF4J: Failed to load class "org.slf4j.impl.StaticLoggerBinder".
2026-06-09 09:17:19,511 [ERROR] LogOutputStream:75 - [STDERR_REDIRECT] SLF4J: Defaulting to no-operation (NOP) logger implementation
2026-06-09 09:17:19,511 [ERROR] LogOutputStream:75 - [STDERR_REDIRECT] SLF4J: See http://www.slf4j.org/codes.html#StaticLoggerBinder for further details.
2026-06-09 09:34:06,089 [ERROR] LogOutputStream:75 - [STDERR_REDIRECT] 
