2026-06-22 20:29:39,240 [INFO] Activator:176 - 


2026-06-22 20:29:39,243 [INFO] Activator:177 - !SESSION log4j initialized
2026-06-22 20:29:42,992 [INFO] LogOutputStream:77 - [STDOUT_REDIRECT] 
2026-06-22 20:29:44,095 [INFO] ApplicationProperties:184 - Using Application install path: /opt/st/stm32cubeide_1.13.2_2/plugins/com.st.stm32cube.common.mx_6.9.2.202309101412
2026-06-22 20:29:44,109 [INFO] DbMcusXml:78 - Set database path to: /opt/st/stm32cubeide_1.13.2_2/plugins/com.st.stm32cube.common.mx_6.9.2.202309101412//db//mcu/
2026-06-22 20:29:44,109 [INFO] ApiDb:274 - Set plugin database path to: /opt/st/stm32cubeide_1.13.2_2/plugins/com.st.stm32cube.common.mx_6.9.2.202309101412//db//plugins/boardmanager/
2026-06-22 20:29:44,110 [WARN] ApiDb:259 - Overriding images path with different value:  => /opt/st/stm32cubeide_1.13.2_2/plugins/com.st.stm32cube.common.mx_6.9.2.202309101412//db//plugins/mcufinder/images/
2026-06-22 20:29:44,119 [INFO] ApiDb:250 - Set database path to: /home/papijou/.stmcufinder/plugins/mcufinder//mcu/
2026-06-22 20:29:44,120 [INFO] DbMcusAds:125 - Set database path to: /home/papijou/.stmcufinder/plugins/mcufinder//mcu/
2026-06-22 20:29:44,122 [INFO] CrossReferenceDbSqlite:203 - Set database path to: /home/papijou/.stmcufinder/plugins/mcufinder//mcu/cs/
2026-06-22 20:29:44,218 [INFO] RulesReader:64 - Compatibility file has been processed (293 Rules)
2026-06-22 20:29:44,276 [INFO] DbMcusXml:78 - Set database path to: /opt/st/stm32cubeide_1.13.2_2/plugins/com.st.stm32cube.common.mx_6.9.2.202309101412//db//mcu/
2026-06-22 20:29:44,276 [INFO] ApiDb:274 - Set plugin database path to: /opt/st/stm32cubeide_1.13.2_2/plugins/com.st.stm32cube.common.mx_6.9.2.202309101412//db//plugins/boardmanager/
2026-06-22 20:29:44,276 [INFO] ApiDb:261 - Set plugin images path to: /opt/st/stm32cubeide_1.13.2_2/plugins/com.st.stm32cube.common.mx_6.9.2.202309101412//db//plugins/mcufinder/images/
2026-06-22 20:29:44,276 [WARN] DbFile:41 - Overriding database path with different value: /home/papijou/.stmcufinder/plugins/mcufinder/ => /home/papijou/.stmcufinder/plugins/mcufinder
2026-06-22 20:29:44,276 [INFO] ApiDb:250 - Set database path to: /home/papijou/.stmcufinder/plugins/mcufinder//mcu/
2026-06-22 20:29:44,276 [WARN] DbFile:41 - Overriding database path with different value: /home/papijou/.stmcufinder/plugins/mcufinder/ => /home/papijou/.stmcufinder/plugins/mcufinder
2026-06-22 20:29:44,277 [INFO] DbMcusAds:125 - Set database path to: /home/papijou/.stmcufinder/plugins/mcufinder//mcu/
2026-06-22 20:29:44,277 [WARN] DbFile:41 - Overriding database path with different value: /home/papijou/.stmcufinder/plugins/mcufinder/ => /home/papijou/.stmcufinder/plugins/mcufinder
2026-06-22 20:29:44,277 [WARN] DbFile:41 - Overriding database path with different value: /home/papijou/.stmcufinder/plugins/mcufinder/ => /home/papijou/.stmcufinder/plugins/mcufinder
2026-06-22 20:29:44,277 [INFO] CrossReferenceDbSqlite:203 - Set database path to: /home/papijou/.stmcufinder/plugins/mcufinder//mcu/cs/
2026-06-22 20:29:44,336 [INFO] MainPanel:262 - HeapMemory: 268435456
2026-06-22 20:29:44,405 [INFO] DbMcusXml:78 - Set database path to: /opt/st/stm32cubeide_1.13.2_2/plugins/com.st.stm32cube.common.mx_6.9.2.202309101412//db//mcu/
2026-06-22 20:29:44,405 [INFO] ApiDb:274 - Set plugin database path to: /opt/st/stm32cubeide_1.13.2_2/plugins/com.st.stm32cube.common.mx_6.9.2.202309101412//db//plugins/boardmanager/
2026-06-22 20:29:44,406 [INFO] ApiDb:261 - Set plugin images path to: /opt/st/stm32cubeide_1.13.2_2/plugins/com.st.stm32cube.common.mx_6.9.2.202309101412//db//plugins/mcufinder/images/
2026-06-22 20:29:44,406 [WARN] DbFile:41 - Overriding database path with different value: /home/papijou/.stmcufinder/plugins/mcufinder/ => /home/papijou/.stmcufinder/plugins/mcufinder
2026-06-22 20:29:44,406 [INFO] ApiDb:250 - Set database path to: /home/papijou/.stmcufinder/plugins/mcufinder//mcu/
2026-06-22 20:29:44,406 [WARN] DbFile:41 - Overriding database path with different value: /home/papijou/.stmcufinder/plugins/mcufinder/ => /home/papijou/.stmcufinder/plugins/mcufinder
2026-06-22 20:29:44,406 [INFO] DbMcusAds:125 - Set database path to: /home/papijou/.stmcufinder/plugins/mcufinder//mcu/
2026-06-22 20:29:44,406 [WARN] DbFile:41 - Overriding database path with different value: /home/papijou/.stmcufinder/plugins/mcufinder/ => /home/papijou/.stmcufinder/plugins/mcufinder
2026-06-22 20:29:44,406 [WARN] DbFile:41 - Overriding database path with different value: /home/papijou/.stmcufinder/plugins/mcufinder/ => /home/papijou/.stmcufinder/plugins/mcufinder
2026-06-22 20:29:44,406 [INFO] CrossReferenceDbSqlite:203 - Set database path to: /home/papijou/.stmcufinder/plugins/mcufinder//mcu/cs/
2026-06-22 20:29:44,418 [INFO] ApplicationProperties:184 - Using Application install path: /opt/st/stm32cubeide_1.13.2_2/plugins/com.st.stm32cube.common.mx_6.9.2.202309101412
2026-06-22 20:29:44,419 [INFO] PluginManage:196 - Search for loadable plugins [exclusion list=, ]
2026-06-22 20:29:44,420 [INFO] PluginManage:310 - Check plugin analytics
2026-06-22 20:29:44,513 [INFO] AnalyticsPlugin:253 - Accepted Software Licenses: 
2026-06-22 20:29:44,513 [INFO] AnalyticsPlugin:255 - Accepted CMSIS Pack Licenses: 
2026-06-22 20:29:44,513 [INFO] AnalyticsPlugin:257 - Accepted Firmware Licenses: FW.L4.1.18.0
2026-06-22 20:29:44,515 [INFO] PluginManage:359 - Loaded plugin analytics (category:tool,tabindex:-1)
2026-06-22 20:29:44,515 [INFO] PluginManage:310 - Check plugin cadmodel
2026-06-22 20:29:44,575 [INFO] CADModel:105 - Init CAD model plugin
2026-06-22 20:29:44,575 [INFO] PluginManage:359 - Loaded plugin cadmodel (category:power,tabindex:5)
2026-06-22 20:29:44,575 [INFO] PluginManage:310 - Check plugin clock
2026-06-22 20:29:44,582 [INFO] PluginManage:359 - Loaded plugin clock (category:base,tabindex:2)
2026-06-22 20:29:44,582 [INFO] PluginManage:310 - Check plugin ddr
2026-06-22 20:29:44,584 [INFO] PluginManage:359 - Loaded plugin ddr (category:tool,tabindex:6)
2026-06-22 20:29:44,584 [INFO] PluginManage:310 - Check plugin filemanager
2026-06-22 20:29:44,665 [INFO] PluginManage:359 - Loaded plugin filemanager (category:base,tabindex:10)
2026-06-22 20:29:44,665 [INFO] PluginManage:310 - Check plugin ipmanager
2026-06-22 20:29:44,669 [INFO] PluginManage:359 - Loaded plugin ipmanager (category:base,tabindex:5)
2026-06-22 20:29:44,670 [INFO] PluginManage:310 - Check plugin lpbam
2026-06-22 20:29:44,676 [INFO] PluginManage:359 - Loaded plugin lpbam (category:base,tabindex:0)
2026-06-22 20:29:44,677 [INFO] PluginManage:310 - Check plugin memorymap
2026-06-22 20:29:44,685 [INFO] PluginManage:359 - Loaded plugin memorymap (category:base,tabindex:4)
2026-06-22 20:29:44,685 [INFO] PluginManage:310 - Check plugin pinoutandconfiguration
2026-06-22 20:29:44,690 [INFO] PluginManage:359 - Loaded plugin pinoutandconfiguration (category:base,tabindex:1)
2026-06-22 20:29:44,690 [INFO] PluginManage:310 - Check plugin pinoutconfig
2026-06-22 20:29:44,743 [WARN] SupportedApi:132 - Cannot load RTOS API schema: s4s-elt-must-match.1: The content of 'definitions' must match (annotation?, (simpleType | complexType)?, (unique | key | keyref)*)). A problem was found starting at: attribute.
2026-06-22 20:29:44,821 [INFO] PluginManage:359 - Loaded plugin pinoutconfig (category:base,tabindex:0)
2026-06-22 20:29:44,821 [INFO] PluginManage:310 - Check plugin power
2026-06-22 20:29:44,827 [INFO] PluginManage:359 - Loaded plugin power (category:power,tabindex:4)
2026-06-22 20:29:44,827 [INFO] PluginManage:310 - Check plugin projectmanager
2026-06-22 20:29:44,836 [INFO] PluginManage:359 - Loaded plugin projectmanager (category:projectmanager,tabindex:3)
2026-06-22 20:29:44,836 [INFO] PluginManage:310 - Check plugin thirdparty
2026-06-22 20:29:44,926 [INFO] PluginManage:359 - Loaded plugin thirdparty (category:base,tabindex:-1)
2026-06-22 20:29:44,926 [WARN] IntegrityCheckThread:84 - waiting for thirdparty lock release [integrity check]
2026-06-22 20:29:44,926 [INFO] PluginManage:310 - Check plugin tools
2026-06-22 20:29:44,926 [INFO] IntegrityCheckThread:86 - entering critical section [integrity check]
2026-06-22 20:29:44,927 [INFO] ThirdPartyUpdaterWithRetryManager:70 - Updater plugin not ready yet. [1/15]
2026-06-22 20:29:44,928 [INFO] PluginManage:359 - Loaded plugin tools (category:base,tabindex:7)
2026-06-22 20:29:44,928 [INFO] PluginManage:310 - Check plugin tutovideos
2026-06-22 20:29:45,040 [INFO] PluginManage:359 - Loaded plugin tutovideos (category:base,tabindex:-1)
2026-06-22 20:29:45,040 [INFO] PluginManage:310 - Check plugin updater
2026-06-22 20:29:45,049 [INFO] PluginManage:359 - Loaded plugin updater (category:base,tabindex:12)
2026-06-22 20:29:45,049 [INFO] PluginManage:310 - Check plugin userauth
2026-06-22 20:29:45,053 [INFO] UserAuth:113 - Init User Auth plugin
2026-06-22 20:29:45,054 [INFO] PluginManage:359 - Loaded plugin userauth (category:base,tabindex:14)
2026-06-22 20:29:45,054 [INFO] PluginManage:283 - PluginManage : Loaded plugins [17]
2026-06-22 20:29:45,173 [INFO] PinOutPanel:1499 - setPackage(No Configuration,No Configuration)
2026-06-22 20:29:45,234 [INFO] CADModel:165 - CPN selected for project level
2026-06-22 20:29:45,235 [INFO] CADModel:114 - Register for checkConnection events
2026-06-22 20:29:45,244 [INFO] IPUIPlugin:80 - create IPUIPlugin
2026-06-22 20:29:45,244 [INFO] PluginManager:220 - loadIPPluginJar : add can
2026-06-22 20:29:45,247 [INFO] IPUIPlugin:80 - create IPUIPlugin
2026-06-22 20:29:45,247 [INFO] PluginManager:220 - loadIPPluginJar : add gic
2026-06-22 20:29:45,248 [INFO] IPUIPlugin:80 - create IPUIPlugin
2026-06-22 20:29:45,248 [INFO] PluginManager:220 - loadIPPluginJar : add quadspi
2026-06-22 20:29:45,250 [INFO] IPUIPlugin:80 - create IPUIPlugin
2026-06-22 20:29:45,250 [INFO] PluginManager:220 - loadIPPluginJar : add sai
2026-06-22 20:29:45,251 [INFO] IPUIPlugin:80 - create IPUIPlugin
2026-06-22 20:29:45,251 [INFO] PluginManager:220 - loadIPPluginJar : add comp
2026-06-22 20:29:45,255 [INFO] IPUIPlugin:80 - create IPUIPlugin
2026-06-22 20:29:45,255 [INFO] PluginManager:220 - loadIPPluginJar : add fmc
2026-06-22 20:29:45,256 [INFO] IPUIPlugin:80 - create IPUIPlugin
2026-06-22 20:29:45,256 [INFO] PluginManager:220 - loadIPPluginJar : add spi
2026-06-22 20:29:45,259 [INFO] IPUIPlugin:80 - create IPUIPlugin
2026-06-22 20:29:45,259 [INFO] PluginManager:220 - loadIPPluginJar : add nvic
2026-06-22 20:29:45,260 [INFO] IPUIPlugin:80 - create IPUIPlugin
2026-06-22 20:29:45,261 [INFO] PluginManager:220 - loadIPPluginJar : add usbx
2026-06-22 20:29:45,262 [INFO] IPUIPlugin:80 - create IPUIPlugin
2026-06-22 20:29:45,262 [INFO] PluginManager:220 - loadIPPluginJar : add ucpd
2026-06-22 20:29:45,263 [INFO] IPUIPlugin:80 - create IPUIPlugin
2026-06-22 20:29:45,263 [INFO] PluginManager:220 - loadIPPluginJar : add lorawan
2026-06-22 20:29:45,264 [INFO] IPUIPlugin:80 - create IPUIPlugin
2026-06-22 20:29:45,264 [INFO] PluginManager:220 - loadIPPluginJar : add hash
2026-06-22 20:29:45,265 [INFO] IPUIPlugin:80 - create IPUIPlugin
2026-06-22 20:29:45,265 [INFO] PluginManager:220 - loadIPPluginJar : add ltdc
2026-06-22 20:29:45,266 [INFO] IPUIPlugin:80 - create IPUIPlugin
2026-06-22 20:29:45,266 [INFO] PluginManager:220 - loadIPPluginJar : add tim
2026-06-22 20:29:45,268 [INFO] IPUIPlugin:80 - create IPUIPlugin
2026-06-22 20:29:45,268 [INFO] PluginManager:220 - loadIPPluginJar : add usart
2026-06-22 20:29:45,272 [INFO] IPUIPlugin:80 - create IPUIPlugin
2026-06-22 20:29:45,274 [INFO] PluginManager:220 - loadIPPluginJar : add plateformsettings
2026-06-22 20:29:45,275 [INFO] IPUIPlugin:80 - create IPUIPlugin
2026-06-22 20:29:45,275 [INFO] PluginManager:220 - loadIPPluginJar : add aes
2026-06-22 20:29:45,277 [INFO] IPUIPlugin:80 - create IPUIPlugin
2026-06-22 20:29:45,277 [INFO] PluginManager:220 - loadIPPluginJar : add opamp
2026-06-22 20:29:45,278 [INFO] IPUIPlugin:80 - create IPUIPlugin
2026-06-22 20:29:45,278 [INFO] PluginManager:220 - loadIPPluginJar : add dma3
2026-06-22 20:29:45,283 [INFO] IPUIPlugin:80 - create IPUIPlugin
2026-06-22 20:29:45,283 [INFO] PluginManager:220 - loadIPPluginJar : add linkedlist
2026-06-22 20:29:45,285 [INFO] IPUIPlugin:80 - create IPUIPlugin
2026-06-22 20:29:45,285 [INFO] PluginManager:220 - loadIPPluginJar : add i3c
2026-06-22 20:29:45,289 [INFO] IPUIPlugin:80 - create IPUIPlugin
2026-06-22 20:29:45,290 [INFO] PluginManager:220 - loadIPPluginJar : add mdma
2026-06-22 20:29:45,291 [INFO] IPUIPlugin:80 - create IPUIPlugin
2026-06-22 20:29:45,292 [INFO] PluginManager:220 - loadIPPluginJar : add i2c
2026-06-22 20:29:45,294 [INFO] IPUIPlugin:80 - create IPUIPlugin
2026-06-22 20:29:45,294 [INFO] PluginManager:220 - loadIPPluginJar : add ipddr
2026-06-22 20:29:45,295 [INFO] IPUIPlugin:80 - create IPUIPlugin
2026-06-22 20:29:45,295 [INFO] PluginManager:220 - loadIPPluginJar : add fatfs
2026-06-22 20:29:45,296 [INFO] IPUIPlugin:80 - create IPUIPlugin
2026-06-22 20:29:45,297 [INFO] PluginManager:220 - loadIPPluginJar : add gfxmmu
2026-06-22 20:29:45,298 [INFO] IPUIPlugin:80 - create IPUIPlugin
2026-06-22 20:29:45,298 [INFO] PluginManager:220 - loadIPPluginJar : add tsc
2026-06-22 20:29:45,302 [INFO] IPUIPlugin:80 - create IPUIPlugin
2026-06-22 20:29:45,302 [INFO] PluginManager:220 - loadIPPluginJar : add stm32_wpan
2026-06-22 20:29:45,303 [INFO] IPUIPlugin:80 - create IPUIPlugin
2026-06-22 20:29:45,303 [INFO] PluginManager:220 - loadIPPluginJar : add genericplugin
2026-06-22 20:29:45,304 [INFO] IPUIPlugin:80 - create IPUIPlugin
2026-06-22 20:29:45,304 [INFO] PluginManager:220 - loadIPPluginJar : add i2s
2026-06-22 20:29:45,308 [INFO] IPUIPlugin:80 - create IPUIPlugin
2026-06-22 20:29:45,308 [INFO] PluginManager:220 - loadIPPluginJar : add adc
2026-06-22 20:29:45,313 [INFO] IPUIPlugin:80 - create IPUIPlugin
2026-06-22 20:29:45,313 [INFO] PluginManager:220 - loadIPPluginJar : add freertos
2026-06-22 20:29:45,317 [INFO] IPUIPlugin:80 - create IPUIPlugin
2026-06-22 20:29:45,317 [INFO] PluginManager:220 - loadIPPluginJar : add dma
2026-06-22 20:29:45,319 [INFO] IPUIPlugin:80 - create IPUIPlugin
2026-06-22 20:29:45,319 [INFO] PluginManager:220 - loadIPPluginJar : add cryp
2026-06-22 20:29:45,321 [INFO] IPUIPlugin:80 - create IPUIPlugin
2026-06-22 20:29:45,321 [INFO] PluginManager:220 - loadIPPluginJar : add touchsensing
2026-06-22 20:29:45,324 [INFO] IPUIPlugin:80 - create IPUIPlugin
2026-06-22 20:29:45,325 [INFO] PluginManager:220 - loadIPPluginJar : add gpio
2026-06-22 20:29:45,326 [INFO] IPUIPlugin:80 - create IPUIPlugin
2026-06-22 20:29:45,326 [INFO] PluginManager:220 - loadIPPluginJar : add openamp
2026-06-22 20:29:45,328 [INFO] IPUIPlugin:80 - create IPUIPlugin
2026-06-22 20:29:45,328 [INFO] PluginManager:220 - loadIPPluginJar : add gtzc
2026-06-22 20:29:45,330 [INFO] IPUIPlugin:80 - create IPUIPlugin
2026-06-22 20:29:45,330 [INFO] PluginManager:220 - loadIPPluginJar : add tracer_emb
2026-06-22 20:29:45,331 [INFO] IPUIPlugin:80 - create IPUIPlugin
2026-06-22 20:29:45,331 [INFO] PluginManager:220 - loadIPPluginJar : add dfsdm
2026-06-22 20:29:45,332 [INFO] IPUIPlugin:80 - create IPUIPlugin
2026-06-22 20:29:45,332 [INFO] PluginManager:220 - loadIPPluginJar : add ts
2026-06-22 20:29:45,335 [INFO] IPUIPlugin:80 - create IPUIPlugin
2026-06-22 20:29:45,335 [INFO] PluginManager:220 - loadIPPluginJar : add resmgrutility
2026-06-22 20:29:45,337 [INFO] IPUIPlugin:80 - create IPUIPlugin
2026-06-22 20:29:45,337 [INFO] PluginManager:220 - loadIPPluginJar : add pdm2pcm
2026-06-22 20:29:45,431 [INFO] CADModel:165 - CPN selected for project level
2026-06-22 20:29:45,431 [INFO] CADModel:114 - Register for checkConnection events
2026-06-22 20:29:45,431 [FATAL] Updater:308 - Updater called before beeing initialized
2026-06-22 20:29:45,432 [ERROR] CADModel:125 - Updater not yet initialized, retry later 
2026-06-22 20:29:45,501 [INFO] CADModel:165 - CPN selected for project level
2026-06-22 20:29:45,501 [INFO] CADModel:114 - Register for checkConnection events
2026-06-22 20:29:45,501 [FATAL] Updater:308 - Updater called before beeing initialized
2026-06-22 20:29:45,501 [ERROR] CADModel:125 - Updater not yet initialized, retry later 
2026-06-22 20:29:45,504 [FATAL] Updater:308 - Updater called before beeing initialized
2026-06-22 20:29:45,550 [FATAL] Updater:308 - Updater called before beeing initialized
2026-06-22 20:29:45,553 [INFO] DbMcusAds:53 - JSON generation date=Thu May 28 12:08:16 CLT 2026 (1779984496303)
2026-06-22 20:29:45,554 [FATAL] Updater:308 - Updater called before beeing initialized
2026-06-22 20:29:45,575 [WARN] DetailPanel:346 - Failed to get advertising image, set to default
2026-06-22 20:29:45,642 [FATAL] Updater:308 - Updater called before beeing initialized
2026-06-22 20:29:45,644 [FATAL] Updater:308 - Updater called before beeing initialized
2026-06-22 20:29:45,644 [FATAL] Updater:308 - Updater called before beeing initialized
2026-06-22 20:29:45,644 [WARN] DetailPanel:346 - Failed to get advertising image, set to default
2026-06-22 20:29:45,645 [FATAL] Updater:308 - Updater called before beeing initialized
2026-06-22 20:29:45,677 [ERROR] Updater:1120 - MainUpdater not yet initialized. External WinMGr cannot be set.
2026-06-22 20:29:45,679 [INFO] Updater:1056 - Updater Version found : 6.9.2
2026-06-22 20:29:45,694 [INFO] ApplicationProperties:184 - Using Application install path: /opt/st/stm32cubeide_1.13.2_2/plugins/com.st.stm32cube.common.mx_6.9.2.202309101412
2026-06-22 20:29:46,583 [INFO] MainUpdater:2868 - connection check result : 10
2026-06-22 20:29:46,583 [INFO] MainUpdater:3562 - Updater definition file requires update
2026-06-22 20:29:46,584 [INFO] MainUpdater:285 - Updater Check For Update Now.
2026-06-22 20:29:46,584 [INFO] MicroXplorer:498 - Change Database Version : DB.6.0.92
2026-06-22 20:29:46,589 [INFO] McuFinderGlobals:63 - Set McuFinder mode to 2 (CubeIDE integrated)
2026-06-22 20:29:46,589 [INFO] UserAuth:179 - activating auth plugin
2026-06-22 20:29:46,591 [INFO] UserAuth:393 - Internet connection configuration mode: 1
2026-06-22 20:29:46,599 [INFO] JxBrowserEngine:151 - Initiate JxBrowser Engine with user profile folder
2026-06-22 20:29:46,882 [INFO] ServerAccessManage:473 - Download File updaters.zip
2026-06-22 20:29:46,944 [INFO] FileExtend:240 - Unzip File : updaters.zip
2026-06-22 20:29:46,944 [INFO] FileExtend:255 - Standard Zip Deflate
2026-06-22 20:29:47,148 [INFO] WebApp:157 - Instantiating new browser for Auth
2026-06-22 20:29:47,494 [INFO] ServerAccessManage:473 - Download File PacksControlFlags.xml
2026-06-22 20:29:47,498 [INFO] WebApp:753 - Register for checkConnection events
2026-06-22 20:29:47,498 [INFO] WebApp:390 - Apply proxy settings
2026-06-22 20:29:47,498 [INFO] WebApp:475 - Chromium requires no authentication
2026-06-22 20:29:47,501 [INFO] WebApp:418 - Direct internet connection detected
2026-06-22 20:29:47,586 [INFO] WebApp:188 - Starting web application
2026-06-22 20:29:47,586 [INFO] WebApp:520 - Web application path used /opt/st/stm32cubeide_1.13.2_2/plugins/com.st.stm32cube.common.mx_6.9.2.202309101412/db/plugins/mcufinder/reactClient1/index.html
2026-06-22 20:29:47,806 [INFO] ServerAccessManage:473 - Download File cubemx.pidx
2026-06-22 20:29:47,927 [WARN] MainUpdater:1189 - Updater busy. Cannot search thirdparties
2026-06-22 20:29:47,927 [INFO] ThirdPartyUpdaterWithRetryManager:96 - Updater plugin is busy. [1/15]
2026-06-22 20:29:48,426 [INFO] ServerAccessManage:473 - Download File STMicroelectronics.X-CUBE-AI.pdsc
2026-06-22 20:29:50,928 [WARN] MainUpdater:1189 - Updater busy. Cannot search thirdparties
2026-06-22 20:29:50,928 [INFO] ThirdPartyUpdaterWithRetryManager:96 - Updater plugin is busy. [2/15]
2026-06-22 20:29:53,637 [INFO] ServerAccessManage:473 - Download File STMicroelectronics.X-CUBE-BLE1.pdsc
2026-06-22 20:29:53,928 [WARN] MainUpdater:1189 - Updater busy. Cannot search thirdparties
2026-06-22 20:29:53,928 [INFO] ThirdPartyUpdaterWithRetryManager:96 - Updater plugin is busy. [3/15]
2026-06-22 20:29:56,929 [WARN] MainUpdater:1189 - Updater busy. Cannot search thirdparties
2026-06-22 20:29:56,929 [INFO] ThirdPartyUpdaterWithRetryManager:96 - Updater plugin is busy. [4/15]
2026-06-22 20:29:57,739 [ERROR] ServerAccessManage:1089 - Problem, file not found on Server
2026-06-22 20:29:57,780 [INFO] ServerAccessManage:473 - Download File STMicroelectronics.X-CUBE-BLE2.pdsc
2026-06-22 20:29:59,929 [WARN] MainUpdater:1189 - Updater busy. Cannot search thirdparties
2026-06-22 20:29:59,930 [INFO] ThirdPartyUpdaterWithRetryManager:96 - Updater plugin is busy. [5/15]
2026-06-22 20:30:02,930 [WARN] MainUpdater:1189 - Updater busy. Cannot search thirdparties
2026-06-22 20:30:02,931 [INFO] ThirdPartyUpdaterWithRetryManager:96 - Updater plugin is busy. [6/15]
2026-06-22 20:30:03,934 [INFO] ServerAccessManage:473 - Download File STMicroelectronics.X-CUBE-BLEMGR.pdsc
2026-06-22 20:30:05,471 [ERROR] ConfigurationRetriever:142 - IOException on connection: Read timed out
2026-06-22 20:30:05,931 [WARN] MainUpdater:1189 - Updater busy. Cannot search thirdparties
2026-06-22 20:30:05,931 [INFO] ThirdPartyUpdaterWithRetryManager:96 - Updater plugin is busy. [7/15]
2026-06-22 20:30:06,872 [ERROR] ServerAccessManage:1089 - Problem, file not found on Server
2026-06-22 20:30:07,846 [ERROR] LogOutputStream:75 - [STDERR_REDIRECT] SLF4J: Failed to load class "org.slf4j.impl.StaticLoggerBinder".
2026-06-22 20:30:07,846 [ERROR] LogOutputStream:75 - [STDERR_REDIRECT] SLF4J: Defaulting to no-operation (NOP) logger implementation
2026-06-22 20:30:07,847 [ERROR] LogOutputStream:75 - [STDERR_REDIRECT] SLF4J: See http://www.slf4j.org/codes.html#StaticLoggerBinder for further details.
2026-06-22 20:30:08,813 [INFO] ServerAccessManage:473 - Download File STMicroelectronics.X-CUBE-DISPLAY.pdsc
2026-06-22 20:30:08,931 [WARN] MainUpdater:1189 - Updater busy. Cannot search thirdparties
2026-06-22 20:30:08,932 [INFO] ThirdPartyUpdaterWithRetryManager:96 - Updater plugin is busy. [8/15]
2026-06-22 20:30:09,917 [INFO] ServerAccessManage:473 - Download File STMicroelectronics.X-CUBE-DPOWER.pdsc
2026-06-22 20:30:10,839 [ERROR] ServerAccessManage:1089 - Problem, file not found on Server
2026-06-22 20:30:11,176 [ERROR] ServerAccessManage:1089 - Problem, file not found on Server
2026-06-22 20:30:11,932 [WARN] MainUpdater:1189 - Updater busy. Cannot search thirdparties
2026-06-22 20:30:11,932 [INFO] ThirdPartyUpdaterWithRetryManager:96 - Updater plugin is busy. [9/15]
2026-06-22 20:30:12,401 [ERROR] ServerAccessManage:1089 - Problem, file not found on Server
2026-06-22 20:30:12,686 [ERROR] ServerAccessManage:1089 - Problem, file not found on Server
2026-06-22 20:30:13,709 [ERROR] ServerAccessManage:1089 - Problem, file not found on Server
2026-06-22 20:30:14,848 [ERROR] ServerAccessManage:1089 - Problem, file not found on Server
2026-06-22 20:30:14,932 [WARN] MainUpdater:1189 - Updater busy. Cannot search thirdparties
2026-06-22 20:30:14,932 [INFO] ThirdPartyUpdaterWithRetryManager:96 - Updater plugin is busy. [10/15]
2026-06-22 20:30:15,860 [ERROR] ServerAccessManage:1089 - Problem, file not found on Server
2026-06-22 20:30:16,675 [ERROR] ServerAccessManage:1089 - Problem, file not found on Server
2026-06-22 20:30:17,596 [ERROR] ServerAccessManage:1089 - Problem, file not found on Server
2026-06-22 20:30:17,933 [WARN] MainUpdater:1189 - Updater busy. Cannot search thirdparties
2026-06-22 20:30:17,933 [INFO] ThirdPartyUpdaterWithRetryManager:96 - Updater plugin is busy. [11/15]
2026-06-22 20:30:18,527 [ERROR] ServerAccessManage:1089 - Problem, file not found on Server
2026-06-22 20:30:19,473 [ERROR] ServerAccessManage:1089 - Problem, file not found on Server
2026-06-22 20:30:19,495 [INFO] ServerAccessManage:473 - Download File STMicroelectronics.X-CUBE-EEPRMA1.pdsc
2026-06-22 20:30:20,672 [ERROR] ServerAccessManage:1089 - Problem, file not found on Server
2026-06-22 20:30:20,933 [WARN] MainUpdater:1189 - Updater busy. Cannot search thirdparties
2026-06-22 20:30:20,933 [INFO] ThirdPartyUpdaterWithRetryManager:96 - Updater plugin is busy. [12/15]
2026-06-22 20:30:21,594 [ERROR] ServerAccessManage:1089 - Problem, file not found on Server
2026-06-22 20:30:21,799 [INFO] ServerAccessManage:473 - Download File STMicroelectronics.X-CUBE-FREERTOS.pdsc
2026-06-22 20:30:22,960 [INFO] ServerAccessManage:473 - Download File STMicroelectronics.X-CUBE-GNSS1.pdsc
2026-06-22 20:30:23,934 [WARN] MainUpdater:1189 - Updater busy. Cannot search thirdparties
2026-06-22 20:30:23,934 [INFO] ThirdPartyUpdaterWithRetryManager:96 - Updater plugin is busy. [13/15]
2026-06-22 20:30:25,275 [ERROR] ServerAccessManage:1089 - Problem, file not found on Server
2026-06-22 20:30:26,061 [ERROR] ServerAccessManage:1089 - Problem, file not found on Server
2026-06-22 20:30:26,934 [WARN] MainUpdater:1189 - Updater busy. Cannot search thirdparties
2026-06-22 20:30:26,934 [INFO] ThirdPartyUpdaterWithRetryManager:96 - Updater plugin is busy. [14/15]
2026-06-22 20:30:27,121 [ERROR] ServerAccessManage:1089 - Problem, file not found on Server
2026-06-22 20:30:27,842 [ERROR] ServerAccessManage:1089 - Problem, file not found on Server
2026-06-22 20:30:29,842 [ERROR] ServerAccessManage:1089 - Problem, file not found on Server
2026-06-22 20:30:29,935 [WARN] MainUpdater:1189 - Updater busy. Cannot search thirdparties
2026-06-22 20:30:29,935 [INFO] ThirdPartyUpdaterWithRetryManager:96 - Updater plugin is busy. [15/15]
2026-06-22 20:30:29,935 [ERROR] IntegrityCheckThread:130 - Cannot retrieve database content from updater: error -1
2026-06-22 20:30:29,936 [INFO] ThirdParty:978 - Integrity check success = false
2026-06-22 20:30:29,936 [INFO] IntegrityCheckThread:100 - exiting critical section [integrity check]
2026-06-22 20:30:29,936 [INFO] IntegrityCheckThread:103 - End integrity checks thread
2026-06-22 20:30:30,804 [ERROR] ServerAccessManage:1089 - Problem, file not found on Server
2026-06-22 20:30:31,694 [INFO] ServerAccessManage:473 - Download File STMicroelectronics.X-CUBE-ISPU.pdsc
2026-06-22 20:30:32,314 [INFO] ServerAccessManage:473 - Download File STMicroelectronics.X-CUBE-IPS.pdsc
2026-06-22 20:30:32,956 [INFO] ServerAccessManage:473 - Download File STMicroelectronics.X-CUBE-MEMS1.pdsc
2026-06-22 20:30:38,200 [INFO] ServerAccessManage:473 - Download File STMicroelectronics.X-CUBE-NFC4.pdsc
2026-06-22 20:30:39,823 [INFO] ServerAccessManage:473 - Download File STMicroelectronics.X-CUBE-NFC6.pdsc
2026-06-22 20:30:40,085 [INFO] ServerAccessManage:473 - Download File STMicroelectronics.X-CUBE-NFC7.pdsc
2026-06-22 20:30:40,664 [INFO] ServerAccessManage:473 - Download File STMicroelectronics.X-CUBE-NFC9.pdsc
2026-06-22 20:30:41,248 [INFO] ServerAccessManage:473 - Download File STMicroelectronics.X-CUBE-NFC10.pdsc
2026-06-22 20:30:41,306 [INFO] ServerAccessManage:473 - Download File STMicroelectronics.X-CUBE-NFC12.pdsc
2026-06-22 20:30:41,676 [INFO] ServerAccessManage:473 - Download File STMicroelectronics.X-CUBE-NFC13.pdsc
2026-06-22 20:30:41,867 [INFO] ServerAccessManage:473 - Download File STMicroelectronics.X-CUBE-SFXS2LP1.pdsc
2026-06-22 20:30:43,128 [INFO] ServerAccessManage:473 - Download File STMicroelectronics.X-CUBE-SUBG2.pdsc
2026-06-22 20:30:44,939 [INFO] ServerAccessManage:473 - Download File STMicroelectronics.X-CUBE-SMBUS.pdsc
2026-06-22 20:30:46,471 [ERROR] ServerAccessManage:1089 - Problem, file not found on Server
2026-06-22 20:30:46,496 [INFO] ServerAccessManage:473 - Download File STMicroelectronics.X-CUBE-ST60.pdsc
2026-06-22 20:30:46,778 [INFO] ServerAccessManage:473 - Download File STMicroelectronics.X-CUBE-ST67W61.pdsc
2026-06-22 20:30:47,122 [INFO] ServerAccessManage:473 - Download File STMicroelectronics.X-CUBE-STSE01.pdsc
2026-06-22 20:30:47,720 [INFO] ServerAccessManage:473 - Download File STMicroelectronics.X-CUBE-PM33A1.pdsc
2026-06-22 20:30:47,823 [INFO] ServerAccessManage:473 - Download File STMicroelectronics.X-CUBE-TCPP.pdsc
2026-06-22 20:30:48,011 [INFO] ServerAccessManage:473 - Download File STMicroelectronics.X-CUBE-TOF1.pdsc
2026-06-22 20:30:50,770 [ERROR] ServerAccessManage:1089 - Problem, file not found on Server
2026-06-22 20:30:51,104 [INFO] ServerAccessManage:473 - Download File STMicroelectronics.X-CUBE-TOUCHGFX.pdsc
2026-06-22 20:30:55,993 [INFO] ServerAccessManage:473 - Download File STMicroelectronics.X-CUBE-ALGOBUILD.pdsc
2026-06-22 20:30:57,730 [INFO] ServerAccessManage:473 - Download File STMicroelectronics.X-CUBE-AZRTOS-H7.pdsc
2026-06-22 20:30:59,707 [INFO] ServerAccessManage:473 - Download File STMicroelectronics.X-CUBE-AZRTOS-H7RS.pdsc
2026-06-22 20:30:59,931 [INFO] ServerAccessManage:473 - Download File STMicroelectronics.X-CUBE-AZRTOS-F4.pdsc
2026-06-22 20:31:00,601 [INFO] ServerAccessManage:473 - Download File STMicroelectronics.X-CUBE-AZRTOS-F7.pdsc
2026-06-22 20:31:00,907 [INFO] ServerAccessManage:473 - Download File STMicroelectronics.X-CUBE-AZRTOS-L4.pdsc
2026-06-22 20:31:01,709 [INFO] ServerAccessManage:473 - Download File STMicroelectronics.X-CUBE-AZRTOS-L5.pdsc
2026-06-22 20:31:02,443 [INFO] ServerAccessManage:473 - Download File STMicroelectronics.X-CUBE-AZRTOS-G0.pdsc
2026-06-22 20:31:02,766 [INFO] ServerAccessManage:473 - Download File STMicroelectronics.X-CUBE-AZRTOS-G4.pdsc
2026-06-22 20:31:03,371 [INFO] ServerAccessManage:473 - Download File STMicroelectronics.X-CUBE-AZRTOS-WB.pdsc
2026-06-22 20:31:03,972 [INFO] ServerAccessManage:473 - Download File STMicroelectronics.X-CUBE-AZRTOS-WL.pdsc
2026-06-22 20:31:04,171 [INFO] ServerAccessManage:473 - Download File STMicroelectronics.X-CUBE-WB05N.pdsc
2026-06-22 20:31:04,273 [INFO] ServerAccessManage:473 - Download File STMicroelectronics.eDS-WB_DPC_VIENNA.pdsc
2026-06-22 20:31:05,504 [ERROR] ServerAccessManage:1089 - Problem, file not found on Server
2026-06-22 20:31:06,425 [ERROR] ServerAccessManage:1089 - Problem, file not found on Server
2026-06-22 20:31:07,338 [ERROR] ServerAccessManage:1089 - Problem, file not found on Server
2026-06-22 20:31:08,158 [ERROR] ServerAccessManage:1089 - Problem, file not found on Server
2026-06-22 20:31:08,903 [ERROR] ServerAccessManage:1089 - Problem, file not found on Server
2026-06-22 20:31:08,940 [INFO] ServerAccessManage:473 - Download File STMicroelectronics.eDS-WB_DPC_TT-BIDIR.pdsc
2026-06-22 20:31:09,897 [ERROR] ServerAccessManage:1089 - Problem, file not found on Server
2026-06-22 20:31:10,715 [ERROR] ServerAccessManage:1089 - Problem, file not found on Server
2026-06-22 20:31:11,634 [ERROR] ServerAccessManage:1089 - Problem, file not found on Server
2026-06-22 20:31:12,086 [ERROR] ServerAccessManage:1089 - Problem, file not found on Server
2026-06-22 20:31:12,109 [INFO] ServerAccessManage:473 - Download File STMicroelectronics.eDS-WB_DPC_3PH2L-BIDIR.pdsc
2026-06-22 20:31:13,162 [ERROR] ServerAccessManage:1089 - Problem, file not found on Server
2026-06-22 20:31:13,882 [ERROR] ServerAccessManage:1089 - Problem, file not found on Server
2026-06-22 20:31:15,012 [INFO] ServerAccessManage:473 - Download File wolfSSL.I-CUBE-wolfSSL.pdsc
2026-06-22 20:31:22,672 [ERROR] ServerAccessManage:1089 - Problem, file not found on Server
2026-06-22 20:31:22,974 [ERROR] ServerAccessManage:1089 - Problem, file not found on Server
2026-06-22 20:31:23,285 [ERROR] ServerAccessManage:1089 - Problem, file not found on Server
2026-06-22 20:31:23,591 [INFO] ServerAccessManage:473 - Download File wolfSSL.I-CUBE-wolfMQTT.pdsc
2026-06-22 20:31:25,120 [ERROR] ServerAccessManage:1089 - Problem, file not found on Server
2026-06-22 20:31:25,426 [INFO] ServerAccessManage:473 - Download File wolfSSL.I-CUBE-wolfTPM.pdsc
2026-06-22 20:31:27,271 [INFO] ServerAccessManage:473 - Download File wolfSSL.I-CUBE-wolfSSH.pdsc
2026-06-22 20:31:31,258 [INFO] ServerAccessManage:473 - Download File RealThread.X-CUBE-RT-Thread_Nano.pdsc
2026-06-22 20:31:33,430 [INFO] ServerAccessManage:473 - Download File SEGGER.I-CUBE-embOS.pdsc
2026-06-22 20:31:38,616 [INFO] ServerAccessManage:473 - Download File emotas.I-CUBE-CANOPEN.pdsc
2026-06-22 20:31:41,691 [INFO] ServerAccessManage:473 - Download File WES.I-CUBE-Cesium.pdsc
2026-06-22 20:31:42,913 [ERROR] ServerAccessManage:1089 - Problem, file not found on Server
2026-06-22 20:31:43,527 [ERROR] ServerAccessManage:1089 - Problem, file not found on Server
2026-06-22 20:31:46,288 [INFO] ServerAccessManage:473 - Download File ITTIA_DB.I-CUBE-ITTIADB.pdsc
2026-06-22 20:31:53,958 [INFO] ServerAccessManage:473 - Download File Infineon.AIROC-Wi-Fi-Bluetooth-STM32.pdsc
2026-06-22 20:32:07,753 [INFO] ServerAccessManage:473 - Download File Cesanta.I-CUBE-Mongoose.pdsc
2026-06-22 20:32:20,348 [INFO] ServerAccessManage:473 - Download File EmbeddedOffice.I-CUBE-FS-RTOS.pdsc
2026-06-22 20:32:22,803 [INFO] ServerAccessManage:473 - Download File quantropi.X-CUBE-qispace-sdk-base.pdsc
2026-06-22 20:32:24,185 [INFO] ServerAccessManage:473 - Download File Avnet-IOTCONNECT.X-CUBE-iotc-st67-sdk.pdsc
2026-06-22 20:32:24,245 [WARN] PackLoader:240 - Cannot read IP mode file for STMicroelectronics.X-CUBE-AI.10.2.1
2026-06-22 20:32:24,250 [WARN] PackLoader:240 - Cannot read IP mode file for STMicroelectronics.X-CUBE-BLE1.7.1.0
2026-06-22 20:32:24,254 [WARN] PackLoader:240 - Cannot read IP mode file for STMicroelectronics.X-CUBE-BLE2.3.3.0
2026-06-22 20:32:24,263 [WARN] PopulateThirdPartyThread:106 - Error when creating pack: /home/papijou/.stm32cubemx/thirdparties/pdsc/STMicroelectronics.X-CUBE-BLEMGR.pdsc
2026-06-22 20:32:24,272 [WARN] PackLoader:240 - Cannot read IP mode file for STMicroelectronics.X-CUBE-DISPLAY.3.0.0
2026-06-22 20:32:24,277 [WARN] PopulateThirdPartyThread:106 - Error when creating pack: /home/papijou/.stm32cubemx/thirdparties/pdsc/STMicroelectronics.X-CUBE-DPOWER.pdsc
2026-06-22 20:32:24,281 [WARN] PackLoader:240 - Cannot read IP mode file for STMicroelectronics.X-CUBE-EEPRMA1.5.2.0
2026-06-22 20:32:24,284 [WARN] PopulateThirdPartyThread:106 - Error when creating pack: /home/papijou/.stm32cubemx/thirdparties/pdsc/STMicroelectronics.X-CUBE-FREERTOS.pdsc
2026-06-22 20:32:24,286 [WARN] PackLoader:240 - Cannot read IP mode file for STMicroelectronics.X-CUBE-GNSS1.7.1.1
2026-06-22 20:32:24,289 [WARN] PackLoader:240 - Cannot read IP mode file for STMicroelectronics.X-CUBE-ISPU.2.1.0
2026-06-22 20:32:24,291 [WARN] PopulateThirdPartyThread:106 - Error when creating pack: /home/papijou/.stm32cubemx/thirdparties/pdsc/STMicroelectronics.X-CUBE-IPS.pdsc
2026-06-22 20:32:24,319 [WARN] PackLoader:240 - Cannot read IP mode file for STMicroelectronics.X-CUBE-MEMS1.12.1.0
2026-06-22 20:32:24,356 [INFO] CheckServerUpdateThread:120 - End of CheckServer Thread
2026-06-22 20:32:24,384 [WARN] PackLoader:240 - Cannot read IP mode file for STMicroelectronics.X-CUBE-NFC4.3.0.0
2026-06-22 20:32:24,389 [WARN] PackLoader:240 - Cannot read IP mode file for STMicroelectronics.X-CUBE-NFC6.3.2.0
2026-06-22 20:32:24,392 [WARN] PackLoader:240 - Cannot read IP mode file for STMicroelectronics.X-CUBE-NFC7.2.0.0
2026-06-22 20:32:24,396 [WARN] PackLoader:240 - Cannot read IP mode file for STMicroelectronics.X-CUBE-NFC9.1.0.0
2026-06-22 20:32:24,399 [WARN] PackLoader:240 - Cannot read IP mode file for STMicroelectronics.X-CUBE-NFC10.1.0.0
2026-06-22 20:32:24,404 [WARN] PackLoader:240 - Cannot read IP mode file for STMicroelectronics.X-CUBE-NFC12.1.0.0
2026-06-22 20:32:24,408 [WARN] PackLoader:240 - Cannot read IP mode file for STMicroelectronics.X-CUBE-NFC13.1.0.0
2026-06-22 20:32:24,412 [WARN] PackLoader:240 - Cannot read IP mode file for STMicroelectronics.X-CUBE-SFXS2LP1.4.0.0
2026-06-22 20:32:24,417 [WARN] PackLoader:240 - Cannot read IP mode file for STMicroelectronics.X-CUBE-SUBG2.5.0.0
2026-06-22 20:32:24,420 [WARN] PopulateThirdPartyThread:106 - Error when creating pack: /home/papijou/.stm32cubemx/thirdparties/pdsc/STMicroelectronics.X-CUBE-SMBUS.pdsc
2026-06-22 20:32:24,421 [WARN] PopulateThirdPartyThread:106 - Error when creating pack: /home/papijou/.stm32cubemx/thirdparties/pdsc/STMicroelectronics.X-CUBE-ST60.pdsc
2026-06-22 20:32:24,422 [WARN] PopulateThirdPartyThread:106 - Error when creating pack: /home/papijou/.stm32cubemx/thirdparties/pdsc/STMicroelectronics.X-CUBE-ST67W61.pdsc
2026-06-22 20:32:24,424 [WARN] PackLoader:240 - Cannot read IP mode file for STMicroelectronics.X-CUBE-STSE01.2.0.0
2026-06-22 20:32:24,426 [WARN] PackLoader:240 - Cannot read IP mode file for STMicroelectronics.X-CUBE-PM33A1.1.0.0
2026-06-22 20:32:24,428 [WARN] PopulateThirdPartyThread:106 - Error when creating pack: /home/papijou/.stm32cubemx/thirdparties/pdsc/STMicroelectronics.X-CUBE-TCPP.pdsc
2026-06-22 20:32:24,429 [WARN] PopulateThirdPartyThread:106 - Error when creating pack: /home/papijou/.stm32cubemx/thirdparties/pdsc/STMicroelectronics.X-CUBE-TOF1.pdsc
2026-06-22 20:32:24,431 [WARN] PackLoader:240 - Cannot read IP mode file for STMicroelectronics.X-CUBE-TOUCHGFX.4.26.1
2026-06-22 20:32:24,433 [WARN] PackLoader:240 - Cannot read IP mode file for STMicroelectronics.X-CUBE-ALGOBUILD.1.5.0
2026-06-22 20:32:24,441 [WARN] PackLoader:240 - Cannot read IP mode file for STMicroelectronics.X-CUBE-AZRTOS-H7.3.5.0
2026-06-22 20:32:24,450 [WARN] PackLoader:240 - Cannot read IP mode file for STMicroelectronics.X-CUBE-AZRTOS-H7RS.1.2.0
2026-06-22 20:32:24,457 [WARN] PackLoader:240 - Cannot read IP mode file for STMicroelectronics.X-CUBE-AZRTOS-F4.1.1.0
2026-06-22 20:32:24,464 [WARN] PackLoader:240 - Cannot read IP mode file for STMicroelectronics.X-CUBE-AZRTOS-F7.1.1.0
2026-06-22 20:32:24,472 [WARN] ConditionMgr:438 - getConditionDescription Invalid condition id : LAN8742 Phy interface Condition cause : null
2026-06-22 20:32:24,472 [WARN] PackLoader:240 - Cannot read IP mode file for STMicroelectronics.X-CUBE-AZRTOS-L4.2.0.0
2026-06-22 20:32:24,473 [WARN] ConditionMgr:1039 - genDependencies : Invalid condition id : LAN8742 Phy interface Condition cause : null
2026-06-22 20:32:24,473 [WARN] ConditionMgr:1039 - genDependencies : Invalid condition id : LAN8742 Phy interface Condition cause : null
2026-06-22 20:32:24,473 [WARN] ConditionMgr:1039 - genDependencies : Invalid condition id : LAN8742 Phy interface Condition cause : null
2026-06-22 20:32:24,480 [WARN] PackLoader:240 - Cannot read IP mode file for STMicroelectronics.X-CUBE-AZRTOS-L5.2.0.0
2026-06-22 20:32:24,488 [WARN] PackLoader:240 - Cannot read IP mode file for STMicroelectronics.X-CUBE-AZRTOS-G0.1.1.0
2026-06-22 20:32:24,496 [WARN] PackLoader:240 - Cannot read IP mode file for STMicroelectronics.X-CUBE-AZRTOS-G4.2.0.0
2026-06-22 20:32:24,503 [WARN] ConditionMgr:438 - getConditionDescription Invalid condition id : UX DEVICE CLASS RTOS Condition cause : null
2026-06-22 20:32:24,503 [WARN] ConditionMgr:438 - getConditionDescription Invalid condition id : UX DEVICE CLASS RTOS Condition cause : null
2026-06-22 20:32:24,504 [WARN] PackLoader:240 - Cannot read IP mode file for STMicroelectronics.X-CUBE-AZRTOS-WB.2.0.0
2026-06-22 20:32:24,505 [WARN] ConditionMgr:1039 - genDependencies : Invalid condition id : UX DEVICE CLASS RTOS Condition cause : null
2026-06-22 20:32:24,505 [WARN] ConditionMgr:1039 - genDependencies : Invalid condition id : UX DEVICE CLASS RTOS Condition cause : null
2026-06-22 20:32:24,505 [WARN] ConditionMgr:1039 - genDependencies : Invalid condition id : UX DEVICE CLASS RTOS Condition cause : null
2026-06-22 20:32:24,505 [WARN] ConditionMgr:1039 - genDependencies : Invalid condition id : UX DEVICE CLASS RTOS Condition cause : null
2026-06-22 20:32:24,505 [WARN] ConditionMgr:1039 - genDependencies : Invalid condition id : UX DEVICE CLASS RTOS Condition cause : null
2026-06-22 20:32:24,510 [INFO] LogOutputStream:77 - [STDOUT_REDIRECT] 1 : Invalid condition id : UX_CORESTACK_Condition cause : null
2026-06-22 20:32:24,510 [INFO] LogOutputStream:77 - [STDOUT_REDIRECT] 1 : Invalid condition id : UX_CORESTACK_Condition cause : null
2026-06-22 20:32:24,510 [INFO] LogOutputStream:77 - [STDOUT_REDIRECT] 1 : Invalid condition id : UX_CORESTACK_Condition cause : null
2026-06-22 20:32:24,511 [INFO] LogOutputStream:77 - [STDOUT_REDIRECT] 1 : Invalid condition id : UX_CORESTACK_Condition cause : null
2026-06-22 20:32:24,511 [INFO] LogOutputStream:77 - [STDOUT_REDIRECT] 1 : Invalid condition id : UX_CORESTACK_Condition cause : null
2026-06-22 20:32:24,512 [WARN] PackLoader:240 - Cannot read IP mode file for STMicroelectronics.X-CUBE-AZRTOS-WL.2.0.0
2026-06-22 20:32:24,516 [WARN] PackLoader:240 - Cannot read IP mode file for STMicroelectronics.X-CUBE-WB05N.2.1.0
2026-06-22 20:32:24,517 [WARN] PopulateThirdPartyThread:106 - Error when creating pack: /home/papijou/.stm32cubemx/thirdparties/pdsc/STMicroelectronics.eDS-WB_DPC_VIENNA.pdsc
2026-06-22 20:32:24,518 [WARN] PopulateThirdPartyThread:106 - Error when creating pack: /home/papijou/.stm32cubemx/thirdparties/pdsc/STMicroelectronics.eDS-WB_DPC_TT-BIDIR.pdsc
2026-06-22 20:32:24,518 [WARN] PopulateThirdPartyThread:106 - Error when creating pack: /home/papijou/.stm32cubemx/thirdparties/pdsc/STMicroelectronics.eDS-WB_DPC_3PH2L-BIDIR.pdsc
2026-06-22 20:32:24,520 [WARN] PackLoader:240 - Cannot read IP mode file for wolfSSL.I-CUBE-wolfSSL.5.9.1
2026-06-22 20:32:24,522 [WARN] PackLoader:240 - Cannot read IP mode file for wolfSSL.I-CUBE-wolfMQTT.1.19.2
2026-06-22 20:32:24,523 [WARN] PackLoader:240 - Cannot read IP mode file for wolfSSL.I-CUBE-wolfTPM.3.8.0
2026-06-22 20:32:24,524 [WARN] PackLoader:240 - Cannot read IP mode file for wolfSSL.I-CUBE-wolfSSH.1.4.20
2026-06-22 20:32:24,525 [WARN] PopulateThirdPartyThread:106 - Error when creating pack: /home/papijou/.stm32cubemx/thirdparties/pdsc/RealThread.X-CUBE-RT-Thread_Nano.pdsc
2026-06-22 20:32:24,542 [WARN] PackLoader:240 - Cannot read IP mode file for SEGGER.I-CUBE-embOS.1.3.1
2026-06-22 20:32:24,570 [WARN] PackLoader:240 - Cannot read IP mode file for emotas.I-CUBE-CANOPEN.1.3.0
2026-06-22 20:32:24,571 [WARN] PopulateThirdPartyThread:106 - Error when creating pack: /home/papijou/.stm32cubemx/thirdparties/pdsc/WES.I-CUBE-Cesium.pdsc
2026-06-22 20:32:24,574 [WARN] PackLoader:240 - Cannot read IP mode file for ITTIA_DB.I-CUBE-ITTIADB.8.9.0
2026-06-22 20:32:24,576 [WARN] PopulateThirdPartyThread:106 - Error when creating pack: /home/papijou/.stm32cubemx/thirdparties/pdsc/Infineon.AIROC-Wi-Fi-Bluetooth-STM32.pdsc
2026-06-22 20:32:24,577 [WARN] PopulateThirdPartyThread:106 - Error when creating pack: /home/papijou/.stm32cubemx/thirdparties/pdsc/Cesanta.I-CUBE-Mongoose.pdsc
2026-06-22 20:32:24,578 [WARN] PopulateThirdPartyThread:106 - Error when creating pack: /home/papijou/.stm32cubemx/thirdparties/pdsc/EmbeddedOffice.I-CUBE-FS-RTOS.pdsc
2026-06-22 20:32:24,579 [WARN] PopulateThirdPartyThread:106 - Error when creating pack: /home/papijou/.stm32cubemx/thirdparties/pdsc/quantropi.X-CUBE-qispace-sdk-base.pdsc
2026-06-22 20:32:24,580 [WARN] PopulateThirdPartyThread:106 - Error when creating pack: /home/papijou/.stm32cubemx/thirdparties/pdsc/Avnet-IOTCONNECT.X-CUBE-iotc-st67-sdk.pdsc
2026-06-22 20:32:24,580 [INFO] PopulateThirdPartyThread:66 - Ending populate Thread
2026-06-22 20:32:24,582 [INFO] ThirdParty:1030 - CMSIS Pack Vendor :wolfSSL I-CUBE-wolfTPM 3.8.0
2026-06-22 20:32:24,582 [INFO] ThirdParty:1030 - CMSIS Pack Vendor :STMicroelectronics X-CUBE-AZRTOS-H7 3.5.0
2026-06-22 20:32:24,582 [INFO] ThirdParty:1030 - CMSIS Pack Vendor :STMicroelectronics X-CUBE-PM33A1 1.0.0
2026-06-22 20:32:24,582 [INFO] ThirdParty:1030 - CMSIS Pack Vendor :STMicroelectronics X-CUBE-DISPLAY 3.0.0
2026-06-22 20:32:24,582 [INFO] ThirdParty:1030 - CMSIS Pack Vendor :STMicroelectronics X-CUBE-NFC9 1.0.0
2026-06-22 20:32:24,582 [INFO] ThirdParty:1030 - CMSIS Pack Vendor :wolfSSL I-CUBE-wolfSSH 1.4.20
2026-06-22 20:32:24,582 [INFO] ThirdParty:1030 - CMSIS Pack Vendor :STMicroelectronics X-CUBE-NFC7 2.0.0
2026-06-22 20:32:24,582 [INFO] ThirdParty:1030 - CMSIS Pack Vendor :STMicroelectronics X-CUBE-GNSS1 7.1.1
2026-06-22 20:32:24,582 [INFO] ThirdParty:1030 - CMSIS Pack Vendor :STMicroelectronics X-CUBE-AZRTOS-F4 1.1.0
2026-06-22 20:32:24,582 [INFO] ThirdParty:1030 - CMSIS Pack Vendor :wolfSSL I-CUBE-wolfSSL 5.9.1
2026-06-22 20:32:24,582 [INFO] ThirdParty:1030 - CMSIS Pack Vendor :STMicroelectronics X-CUBE-BLE1 7.1.0
2026-06-22 20:32:24,582 [INFO] ThirdParty:1030 - CMSIS Pack Vendor :STMicroelectronics X-CUBE-NFC10 1.0.0
2026-06-22 20:32:24,582 [INFO] ThirdParty:1030 - CMSIS Pack Vendor :wolfSSL I-CUBE-wolfMQTT 1.19.2
2026-06-22 20:32:24,582 [INFO] ThirdParty:1030 - CMSIS Pack Vendor :STMicroelectronics X-CUBE-ISPU 2.1.0
2026-06-22 20:32:24,582 [INFO] ThirdParty:1030 - CMSIS Pack Vendor :STMicroelectronics X-CUBE-EEPRMA1 5.2.0
2026-06-22 20:32:24,582 [INFO] ThirdParty:1030 - CMSIS Pack Vendor :STMicroelectronics X-CUBE-AZRTOS-WB 2.0.0
2026-06-22 20:32:24,582 [INFO] ThirdParty:1030 - CMSIS Pack Vendor :emotas I-CUBE-CANOPEN 1.3.0
2026-06-22 20:32:24,582 [INFO] ThirdParty:1030 - CMSIS Pack Vendor :ITTIA_DB I-CUBE-ITTIADB 8.9.0
2026-06-22 20:32:24,582 [INFO] ThirdParty:1030 - CMSIS Pack Vendor :STMicroelectronics X-CUBE-NFC12 1.0.0
2026-06-22 20:32:24,582 [INFO] ThirdParty:1030 - CMSIS Pack Vendor :STMicroelectronics X-CUBE-AZRTOS-F7 1.1.0
2026-06-22 20:32:24,582 [INFO] ThirdParty:1030 - CMSIS Pack Vendor :STMicroelectronics X-CUBE-AZRTOS-L5 2.0.0
2026-06-22 20:32:24,582 [INFO] ThirdParty:1030 - CMSIS Pack Vendor :STMicroelectronics X-CUBE-TOUCHGFX 4.26.1
2026-06-22 20:32:24,582 [INFO] ThirdParty:1030 - CMSIS Pack Vendor :STMicroelectronics X-CUBE-NFC6 3.2.0
2026-06-22 20:32:24,582 [INFO] ThirdParty:1030 - CMSIS Pack Vendor :STMicroelectronics X-CUBE-AI 10.2.1
2026-06-22 20:32:24,582 [INFO] ThirdParty:1030 - CMSIS Pack Vendor :STMicroelectronics X-CUBE-MEMS1 12.1.0
2026-06-22 20:32:24,582 [INFO] ThirdParty:1030 - CMSIS Pack Vendor :STMicroelectronics X-CUBE-STSE01 2.0.0
2026-06-22 20:32:24,582 [INFO] ThirdParty:1030 - CMSIS Pack Vendor :STMicroelectronics X-CUBE-AZRTOS-WL 2.0.0
2026-06-22 20:32:24,582 [INFO] ThirdParty:1030 - CMSIS Pack Vendor :SEGGER I-CUBE-embOS 1.3.1
2026-06-22 20:32:24,582 [INFO] ThirdParty:1030 - CMSIS Pack Vendor :STMicroelectronics X-CUBE-ALGOBUILD 1.5.0
2026-06-22 20:32:24,582 [INFO] ThirdParty:1030 - CMSIS Pack Vendor :STMicroelectronics X-CUBE-AZRTOS-G0 1.1.0
2026-06-22 20:32:24,583 [INFO] ThirdParty:1030 - CMSIS Pack Vendor :STMicroelectronics X-CUBE-AZRTOS-H7RS 1.2.0
2026-06-22 20:32:24,583 [INFO] ThirdParty:1030 - CMSIS Pack Vendor :STMicroelectronics X-CUBE-NFC4 3.0.0
2026-06-22 20:32:24,583 [INFO] ThirdParty:1030 - CMSIS Pack Vendor :STMicroelectronics X-CUBE-SUBG2 5.0.0
2026-06-22 20:32:24,583 [INFO] ThirdParty:1030 - CMSIS Pack Vendor :STMicroelectronics X-CUBE-AZRTOS-L4 2.0.0
2026-06-22 20:32:24,583 [INFO] ThirdParty:1030 - CMSIS Pack Vendor :STMicroelectronics X-CUBE-SFXS2LP1 4.0.0
2026-06-22 20:32:24,583 [INFO] ThirdParty:1030 - CMSIS Pack Vendor :STMicroelectronics X-CUBE-BLE2 3.3.0
2026-06-22 20:32:24,583 [INFO] ThirdParty:1030 - CMSIS Pack Vendor :STMicroelectronics X-CUBE-AZRTOS-G4 2.0.0
2026-06-22 20:32:24,583 [INFO] ThirdParty:1030 - CMSIS Pack Vendor :STMicroelectronics X-CUBE-NFC13 1.0.0
2026-06-22 20:32:24,583 [INFO] ThirdParty:1030 - CMSIS Pack Vendor :STMicroelectronics X-CUBE-WB05N 2.1.0
2026-06-22 20:32:24,583 [INFO] LoadServerUpdatesThread:373 - End of LoadServerUpdate Thread
2026-06-22 21:15:55,406 [ERROR] LogOutputStream:75 - [STDERR_REDIRECT] 
