2026-06-26 16:51:37,876 [INFO] Activator:176 - 


2026-06-26 16:51:37,879 [INFO] Activator:177 - !SESSION log4j initialized
2026-06-26 16:51:41,988 [INFO] LogOutputStream:77 - [STDOUT_REDIRECT] 
2026-06-26 16:51:42,732 [INFO] ApplicationProperties:184 - Using Application install path: /opt/st/stm32cubeide_1.13.2_2/plugins/com.st.stm32cube.common.mx_6.9.2.202309101412
2026-06-26 16:51:42,744 [INFO] DbMcusXml:78 - Set database path to: /opt/st/stm32cubeide_1.13.2_2/plugins/com.st.stm32cube.common.mx_6.9.2.202309101412//db//mcu/
2026-06-26 16:51:42,745 [INFO] ApiDb:274 - Set plugin database path to: /opt/st/stm32cubeide_1.13.2_2/plugins/com.st.stm32cube.common.mx_6.9.2.202309101412//db//plugins/boardmanager/
2026-06-26 16:51:42,745 [WARN] ApiDb:259 - Overriding images path with different value:  => /opt/st/stm32cubeide_1.13.2_2/plugins/com.st.stm32cube.common.mx_6.9.2.202309101412//db//plugins/mcufinder/images/
2026-06-26 16:51:42,753 [INFO] ApiDb:250 - Set database path to: /home/papijou/.stmcufinder/plugins/mcufinder//mcu/
2026-06-26 16:51:42,753 [INFO] DbMcusAds:125 - Set database path to: /home/papijou/.stmcufinder/plugins/mcufinder//mcu/
2026-06-26 16:51:42,754 [INFO] CrossReferenceDbSqlite:203 - Set database path to: /home/papijou/.stmcufinder/plugins/mcufinder//mcu/cs/
2026-06-26 16:51:42,836 [INFO] RulesReader:64 - Compatibility file has been processed (293 Rules)
2026-06-26 16:51:42,884 [INFO] DbMcusXml:78 - Set database path to: /opt/st/stm32cubeide_1.13.2_2/plugins/com.st.stm32cube.common.mx_6.9.2.202309101412//db//mcu/
2026-06-26 16:51:42,884 [INFO] ApiDb:274 - Set plugin database path to: /opt/st/stm32cubeide_1.13.2_2/plugins/com.st.stm32cube.common.mx_6.9.2.202309101412//db//plugins/boardmanager/
2026-06-26 16:51:42,884 [INFO] ApiDb:261 - Set plugin images path to: /opt/st/stm32cubeide_1.13.2_2/plugins/com.st.stm32cube.common.mx_6.9.2.202309101412//db//plugins/mcufinder/images/
2026-06-26 16:51:42,884 [WARN] DbFile:41 - Overriding database path with different value: /home/papijou/.stmcufinder/plugins/mcufinder/ => /home/papijou/.stmcufinder/plugins/mcufinder
2026-06-26 16:51:42,884 [INFO] ApiDb:250 - Set database path to: /home/papijou/.stmcufinder/plugins/mcufinder//mcu/
2026-06-26 16:51:42,884 [WARN] DbFile:41 - Overriding database path with different value: /home/papijou/.stmcufinder/plugins/mcufinder/ => /home/papijou/.stmcufinder/plugins/mcufinder
2026-06-26 16:51:42,884 [INFO] DbMcusAds:125 - Set database path to: /home/papijou/.stmcufinder/plugins/mcufinder//mcu/
2026-06-26 16:51:42,885 [WARN] DbFile:41 - Overriding database path with different value: /home/papijou/.stmcufinder/plugins/mcufinder/ => /home/papijou/.stmcufinder/plugins/mcufinder
2026-06-26 16:51:42,885 [WARN] DbFile:41 - Overriding database path with different value: /home/papijou/.stmcufinder/plugins/mcufinder/ => /home/papijou/.stmcufinder/plugins/mcufinder
2026-06-26 16:51:42,885 [INFO] CrossReferenceDbSqlite:203 - Set database path to: /home/papijou/.stmcufinder/plugins/mcufinder//mcu/cs/
2026-06-26 16:51:42,932 [INFO] MainPanel:262 - HeapMemory: 268435456
2026-06-26 16:51:43,000 [INFO] DbMcusXml:78 - Set database path to: /opt/st/stm32cubeide_1.13.2_2/plugins/com.st.stm32cube.common.mx_6.9.2.202309101412//db//mcu/
2026-06-26 16:51:43,000 [INFO] ApiDb:274 - Set plugin database path to: /opt/st/stm32cubeide_1.13.2_2/plugins/com.st.stm32cube.common.mx_6.9.2.202309101412//db//plugins/boardmanager/
2026-06-26 16:51:43,000 [INFO] ApiDb:261 - Set plugin images path to: /opt/st/stm32cubeide_1.13.2_2/plugins/com.st.stm32cube.common.mx_6.9.2.202309101412//db//plugins/mcufinder/images/
2026-06-26 16:51:43,000 [WARN] DbFile:41 - Overriding database path with different value: /home/papijou/.stmcufinder/plugins/mcufinder/ => /home/papijou/.stmcufinder/plugins/mcufinder
2026-06-26 16:51:43,001 [INFO] ApiDb:250 - Set database path to: /home/papijou/.stmcufinder/plugins/mcufinder//mcu/
2026-06-26 16:51:43,001 [WARN] DbFile:41 - Overriding database path with different value: /home/papijou/.stmcufinder/plugins/mcufinder/ => /home/papijou/.stmcufinder/plugins/mcufinder
2026-06-26 16:51:43,001 [INFO] DbMcusAds:125 - Set database path to: /home/papijou/.stmcufinder/plugins/mcufinder//mcu/
2026-06-26 16:51:43,001 [WARN] DbFile:41 - Overriding database path with different value: /home/papijou/.stmcufinder/plugins/mcufinder/ => /home/papijou/.stmcufinder/plugins/mcufinder
2026-06-26 16:51:43,001 [WARN] DbFile:41 - Overriding database path with different value: /home/papijou/.stmcufinder/plugins/mcufinder/ => /home/papijou/.stmcufinder/plugins/mcufinder
2026-06-26 16:51:43,001 [INFO] CrossReferenceDbSqlite:203 - Set database path to: /home/papijou/.stmcufinder/plugins/mcufinder//mcu/cs/
2026-06-26 16:51:43,011 [INFO] ApplicationProperties:184 - Using Application install path: /opt/st/stm32cubeide_1.13.2_2/plugins/com.st.stm32cube.common.mx_6.9.2.202309101412
2026-06-26 16:51:43,012 [INFO] PluginManage:196 - Search for loadable plugins [exclusion list=, ]
2026-06-26 16:51:43,013 [INFO] PluginManage:310 - Check plugin analytics
2026-06-26 16:51:43,114 [INFO] AnalyticsPlugin:253 - Accepted Software Licenses: 
2026-06-26 16:51:43,115 [INFO] AnalyticsPlugin:255 - Accepted CMSIS Pack Licenses: 
2026-06-26 16:51:43,115 [INFO] AnalyticsPlugin:257 - Accepted Firmware Licenses: FW.L4.1.18.0
2026-06-26 16:51:43,116 [INFO] PluginManage:359 - Loaded plugin analytics (category:tool,tabindex:-1)
2026-06-26 16:51:43,117 [INFO] PluginManage:310 - Check plugin cadmodel
2026-06-26 16:51:43,191 [INFO] CADModel:105 - Init CAD model plugin
2026-06-26 16:51:43,192 [INFO] PluginManage:359 - Loaded plugin cadmodel (category:power,tabindex:5)
2026-06-26 16:51:43,192 [INFO] PluginManage:310 - Check plugin clock
2026-06-26 16:51:43,199 [INFO] PluginManage:359 - Loaded plugin clock (category:base,tabindex:2)
2026-06-26 16:51:43,199 [INFO] PluginManage:310 - Check plugin ddr
2026-06-26 16:51:43,201 [INFO] PluginManage:359 - Loaded plugin ddr (category:tool,tabindex:6)
2026-06-26 16:51:43,201 [INFO] PluginManage:310 - Check plugin filemanager
2026-06-26 16:51:43,286 [INFO] PluginManage:359 - Loaded plugin filemanager (category:base,tabindex:10)
2026-06-26 16:51:43,286 [INFO] PluginManage:310 - Check plugin ipmanager
2026-06-26 16:51:43,291 [INFO] PluginManage:359 - Loaded plugin ipmanager (category:base,tabindex:5)
2026-06-26 16:51:43,291 [INFO] PluginManage:310 - Check plugin lpbam
2026-06-26 16:51:43,297 [INFO] PluginManage:359 - Loaded plugin lpbam (category:base,tabindex:0)
2026-06-26 16:51:43,298 [INFO] PluginManage:310 - Check plugin memorymap
2026-06-26 16:51:43,305 [INFO] PluginManage:359 - Loaded plugin memorymap (category:base,tabindex:4)
2026-06-26 16:51:43,305 [INFO] PluginManage:310 - Check plugin pinoutandconfiguration
2026-06-26 16:51:43,311 [INFO] PluginManage:359 - Loaded plugin pinoutandconfiguration (category:base,tabindex:1)
2026-06-26 16:51:43,311 [INFO] PluginManage:310 - Check plugin pinoutconfig
2026-06-26 16:51:43,363 [WARN] SupportedApi:132 - Cannot load RTOS API schema: s4s-elt-must-match.1: The content of 'definitions' must match (annotation?, (simpleType | complexType)?, (unique | key | keyref)*)). A problem was found starting at: attribute.
2026-06-26 16:51:43,442 [INFO] PluginManage:359 - Loaded plugin pinoutconfig (category:base,tabindex:0)
2026-06-26 16:51:43,442 [INFO] PluginManage:310 - Check plugin power
2026-06-26 16:51:43,448 [INFO] PluginManage:359 - Loaded plugin power (category:power,tabindex:4)
2026-06-26 16:51:43,448 [INFO] PluginManage:310 - Check plugin projectmanager
2026-06-26 16:51:43,456 [INFO] PluginManage:359 - Loaded plugin projectmanager (category:projectmanager,tabindex:3)
2026-06-26 16:51:43,457 [INFO] PluginManage:310 - Check plugin thirdparty
2026-06-26 16:51:43,532 [INFO] PluginManage:359 - Loaded plugin thirdparty (category:base,tabindex:-1)
2026-06-26 16:51:43,531 [WARN] IntegrityCheckThread:84 - waiting for thirdparty lock release [integrity check]
2026-06-26 16:51:43,532 [INFO] PluginManage:310 - Check plugin tools
2026-06-26 16:51:43,532 [INFO] IntegrityCheckThread:86 - entering critical section [integrity check]
2026-06-26 16:51:43,532 [INFO] ThirdPartyUpdaterWithRetryManager:70 - Updater plugin not ready yet. [1/15]
2026-06-26 16:51:43,533 [INFO] PluginManage:359 - Loaded plugin tools (category:base,tabindex:7)
2026-06-26 16:51:43,533 [INFO] PluginManage:310 - Check plugin tutovideos
2026-06-26 16:51:43,621 [INFO] PluginManage:359 - Loaded plugin tutovideos (category:base,tabindex:-1)
2026-06-26 16:51:43,622 [INFO] PluginManage:310 - Check plugin updater
2026-06-26 16:51:43,629 [INFO] PluginManage:359 - Loaded plugin updater (category:base,tabindex:12)
2026-06-26 16:51:43,629 [INFO] PluginManage:310 - Check plugin userauth
2026-06-26 16:51:43,632 [INFO] UserAuth:113 - Init User Auth plugin
2026-06-26 16:51:43,632 [INFO] PluginManage:359 - Loaded plugin userauth (category:base,tabindex:14)
2026-06-26 16:51:43,632 [INFO] PluginManage:283 - PluginManage : Loaded plugins [17]
2026-06-26 16:51:43,735 [INFO] PinOutPanel:1499 - setPackage(No Configuration,No Configuration)
2026-06-26 16:51:43,786 [INFO] CADModel:165 - CPN selected for project level
2026-06-26 16:51:43,786 [INFO] CADModel:114 - Register for checkConnection events
2026-06-26 16:51:43,794 [INFO] IPUIPlugin:80 - create IPUIPlugin
2026-06-26 16:51:43,794 [INFO] PluginManager:220 - loadIPPluginJar : add can
2026-06-26 16:51:43,797 [INFO] IPUIPlugin:80 - create IPUIPlugin
2026-06-26 16:51:43,797 [INFO] PluginManager:220 - loadIPPluginJar : add gic
2026-06-26 16:51:43,798 [INFO] IPUIPlugin:80 - create IPUIPlugin
2026-06-26 16:51:43,798 [INFO] PluginManager:220 - loadIPPluginJar : add quadspi
2026-06-26 16:51:43,799 [INFO] IPUIPlugin:80 - create IPUIPlugin
2026-06-26 16:51:43,799 [INFO] PluginManager:220 - loadIPPluginJar : add sai
2026-06-26 16:51:43,800 [INFO] IPUIPlugin:80 - create IPUIPlugin
2026-06-26 16:51:43,800 [INFO] PluginManager:220 - loadIPPluginJar : add comp
2026-06-26 16:51:43,803 [INFO] IPUIPlugin:80 - create IPUIPlugin
2026-06-26 16:51:43,803 [INFO] PluginManager:220 - loadIPPluginJar : add fmc
2026-06-26 16:51:43,804 [INFO] IPUIPlugin:80 - create IPUIPlugin
2026-06-26 16:51:43,804 [INFO] PluginManager:220 - loadIPPluginJar : add spi
2026-06-26 16:51:43,806 [INFO] IPUIPlugin:80 - create IPUIPlugin
2026-06-26 16:51:43,806 [INFO] PluginManager:220 - loadIPPluginJar : add nvic
2026-06-26 16:51:43,807 [INFO] IPUIPlugin:80 - create IPUIPlugin
2026-06-26 16:51:43,807 [INFO] PluginManager:220 - loadIPPluginJar : add usbx
2026-06-26 16:51:43,808 [INFO] IPUIPlugin:80 - create IPUIPlugin
2026-06-26 16:51:43,808 [INFO] PluginManager:220 - loadIPPluginJar : add ucpd
2026-06-26 16:51:43,809 [INFO] IPUIPlugin:80 - create IPUIPlugin
2026-06-26 16:51:43,809 [INFO] PluginManager:220 - loadIPPluginJar : add lorawan
2026-06-26 16:51:43,810 [INFO] IPUIPlugin:80 - create IPUIPlugin
2026-06-26 16:51:43,810 [INFO] PluginManager:220 - loadIPPluginJar : add hash
2026-06-26 16:51:43,810 [INFO] IPUIPlugin:80 - create IPUIPlugin
2026-06-26 16:51:43,810 [INFO] PluginManager:220 - loadIPPluginJar : add ltdc
2026-06-26 16:51:43,811 [INFO] IPUIPlugin:80 - create IPUIPlugin
2026-06-26 16:51:43,811 [INFO] PluginManager:220 - loadIPPluginJar : add tim
2026-06-26 16:51:43,812 [INFO] IPUIPlugin:80 - create IPUIPlugin
2026-06-26 16:51:43,812 [INFO] PluginManager:220 - loadIPPluginJar : add usart
2026-06-26 16:51:43,815 [INFO] IPUIPlugin:80 - create IPUIPlugin
2026-06-26 16:51:43,816 [INFO] PluginManager:220 - loadIPPluginJar : add plateformsettings
2026-06-26 16:51:43,817 [INFO] IPUIPlugin:80 - create IPUIPlugin
2026-06-26 16:51:43,818 [INFO] PluginManager:220 - loadIPPluginJar : add aes
2026-06-26 16:51:43,819 [INFO] IPUIPlugin:80 - create IPUIPlugin
2026-06-26 16:51:43,819 [INFO] PluginManager:220 - loadIPPluginJar : add opamp
2026-06-26 16:51:43,820 [INFO] IPUIPlugin:80 - create IPUIPlugin
2026-06-26 16:51:43,820 [INFO] PluginManager:220 - loadIPPluginJar : add dma3
2026-06-26 16:51:43,823 [INFO] IPUIPlugin:80 - create IPUIPlugin
2026-06-26 16:51:43,823 [INFO] PluginManager:220 - loadIPPluginJar : add linkedlist
2026-06-26 16:51:43,824 [INFO] IPUIPlugin:80 - create IPUIPlugin
2026-06-26 16:51:43,825 [INFO] PluginManager:220 - loadIPPluginJar : add i3c
2026-06-26 16:51:43,828 [INFO] IPUIPlugin:80 - create IPUIPlugin
2026-06-26 16:51:43,828 [INFO] PluginManager:220 - loadIPPluginJar : add mdma
2026-06-26 16:51:43,829 [INFO] IPUIPlugin:80 - create IPUIPlugin
2026-06-26 16:51:43,829 [INFO] PluginManager:220 - loadIPPluginJar : add i2c
2026-06-26 16:51:43,831 [INFO] IPUIPlugin:80 - create IPUIPlugin
2026-06-26 16:51:43,831 [INFO] PluginManager:220 - loadIPPluginJar : add ipddr
2026-06-26 16:51:43,832 [INFO] IPUIPlugin:80 - create IPUIPlugin
2026-06-26 16:51:43,832 [INFO] PluginManager:220 - loadIPPluginJar : add fatfs
2026-06-26 16:51:43,833 [INFO] IPUIPlugin:80 - create IPUIPlugin
2026-06-26 16:51:43,833 [INFO] PluginManager:220 - loadIPPluginJar : add gfxmmu
2026-06-26 16:51:43,834 [INFO] IPUIPlugin:80 - create IPUIPlugin
2026-06-26 16:51:43,834 [INFO] PluginManager:220 - loadIPPluginJar : add tsc
2026-06-26 16:51:43,836 [INFO] IPUIPlugin:80 - create IPUIPlugin
2026-06-26 16:51:43,836 [INFO] PluginManager:220 - loadIPPluginJar : add stm32_wpan
2026-06-26 16:51:43,837 [INFO] IPUIPlugin:80 - create IPUIPlugin
2026-06-26 16:51:43,837 [INFO] PluginManager:220 - loadIPPluginJar : add genericplugin
2026-06-26 16:51:43,838 [INFO] IPUIPlugin:80 - create IPUIPlugin
2026-06-26 16:51:43,838 [INFO] PluginManager:220 - loadIPPluginJar : add i2s
2026-06-26 16:51:43,841 [INFO] IPUIPlugin:80 - create IPUIPlugin
2026-06-26 16:51:43,841 [INFO] PluginManager:220 - loadIPPluginJar : add adc
2026-06-26 16:51:43,844 [INFO] IPUIPlugin:80 - create IPUIPlugin
2026-06-26 16:51:43,844 [INFO] PluginManager:220 - loadIPPluginJar : add freertos
2026-06-26 16:51:43,848 [INFO] IPUIPlugin:80 - create IPUIPlugin
2026-06-26 16:51:43,848 [INFO] PluginManager:220 - loadIPPluginJar : add dma
2026-06-26 16:51:43,849 [INFO] IPUIPlugin:80 - create IPUIPlugin
2026-06-26 16:51:43,849 [INFO] PluginManager:220 - loadIPPluginJar : add cryp
2026-06-26 16:51:43,850 [INFO] IPUIPlugin:80 - create IPUIPlugin
2026-06-26 16:51:43,850 [INFO] PluginManager:220 - loadIPPluginJar : add touchsensing
2026-06-26 16:51:43,853 [INFO] IPUIPlugin:80 - create IPUIPlugin
2026-06-26 16:51:43,853 [INFO] PluginManager:220 - loadIPPluginJar : add gpio
2026-06-26 16:51:43,854 [INFO] IPUIPlugin:80 - create IPUIPlugin
2026-06-26 16:51:43,854 [INFO] PluginManager:220 - loadIPPluginJar : add openamp
2026-06-26 16:51:43,855 [INFO] IPUIPlugin:80 - create IPUIPlugin
2026-06-26 16:51:43,855 [INFO] PluginManager:220 - loadIPPluginJar : add gtzc
2026-06-26 16:51:43,856 [INFO] IPUIPlugin:80 - create IPUIPlugin
2026-06-26 16:51:43,856 [INFO] PluginManager:220 - loadIPPluginJar : add tracer_emb
2026-06-26 16:51:43,857 [INFO] IPUIPlugin:80 - create IPUIPlugin
2026-06-26 16:51:43,857 [INFO] PluginManager:220 - loadIPPluginJar : add dfsdm
2026-06-26 16:51:43,858 [INFO] IPUIPlugin:80 - create IPUIPlugin
2026-06-26 16:51:43,858 [INFO] PluginManager:220 - loadIPPluginJar : add ts
2026-06-26 16:51:43,860 [INFO] IPUIPlugin:80 - create IPUIPlugin
2026-06-26 16:51:43,860 [INFO] PluginManager:220 - loadIPPluginJar : add resmgrutility
2026-06-26 16:51:43,860 [INFO] IPUIPlugin:80 - create IPUIPlugin
2026-06-26 16:51:43,861 [INFO] PluginManager:220 - loadIPPluginJar : add pdm2pcm
2026-06-26 16:51:43,947 [INFO] CADModel:165 - CPN selected for project level
2026-06-26 16:51:43,947 [INFO] CADModel:114 - Register for checkConnection events
2026-06-26 16:51:43,947 [FATAL] Updater:308 - Updater called before beeing initialized
2026-06-26 16:51:43,947 [ERROR] CADModel:125 - Updater not yet initialized, retry later 
2026-06-26 16:51:44,027 [INFO] CADModel:165 - CPN selected for project level
2026-06-26 16:51:44,027 [INFO] CADModel:114 - Register for checkConnection events
2026-06-26 16:51:44,027 [FATAL] Updater:308 - Updater called before beeing initialized
2026-06-26 16:51:44,027 [ERROR] CADModel:125 - Updater not yet initialized, retry later 
2026-06-26 16:51:44,031 [FATAL] Updater:308 - Updater called before beeing initialized
2026-06-26 16:51:44,070 [FATAL] Updater:308 - Updater called before beeing initialized
2026-06-26 16:51:44,073 [INFO] DbMcusAds:53 - JSON generation date=Thu May 28 12:08:16 CLT 2026 (1779984496303)
2026-06-26 16:51:44,073 [FATAL] Updater:308 - Updater called before beeing initialized
2026-06-26 16:51:44,092 [WARN] DetailPanel:346 - Failed to get advertising image, set to default
2026-06-26 16:51:44,159 [FATAL] Updater:308 - Updater called before beeing initialized
2026-06-26 16:51:44,160 [FATAL] Updater:308 - Updater called before beeing initialized
2026-06-26 16:51:44,160 [FATAL] Updater:308 - Updater called before beeing initialized
2026-06-26 16:51:44,160 [WARN] DetailPanel:346 - Failed to get advertising image, set to default
2026-06-26 16:51:44,161 [FATAL] Updater:308 - Updater called before beeing initialized
2026-06-26 16:51:44,187 [ERROR] Updater:1120 - MainUpdater not yet initialized. External WinMGr cannot be set.
2026-06-26 16:51:44,188 [INFO] Updater:1056 - Updater Version found : 6.9.2
2026-06-26 16:51:44,201 [INFO] ApplicationProperties:184 - Using Application install path: /opt/st/stm32cubeide_1.13.2_2/plugins/com.st.stm32cube.common.mx_6.9.2.202309101412
2026-06-26 16:51:44,310 [INFO] McuFinderGlobals:63 - Set McuFinder mode to 2 (CubeIDE integrated)
2026-06-26 16:51:46,532 [INFO] ThirdPartyUpdaterWithRetryManager:70 - Updater plugin not ready yet. [2/15]
2026-06-26 16:51:49,533 [FATAL] Updater:308 - Updater called before beeing initialized
2026-06-26 16:51:49,533 [ERROR] IntegrityCheckThread:130 - Cannot retrieve database content from updater: error 21
2026-06-26 16:51:49,534 [INFO] ThirdParty:978 - Integrity check success = false
2026-06-26 16:51:49,534 [INFO] IntegrityCheckThread:100 - exiting critical section [integrity check]
2026-06-26 16:51:49,534 [INFO] IntegrityCheckThread:103 - End integrity checks thread
2026-06-26 16:51:51,035 [INFO] MainUpdater:2868 - connection check result : 10
2026-06-26 16:51:51,035 [INFO] MainUpdater:285 - Updater Check For Update Now.
2026-06-26 16:51:51,035 [INFO] MicroXplorer:498 - Change Database Version : DB.6.0.92
2026-06-26 16:51:51,040 [INFO] McuFinderGlobals:63 - Set McuFinder mode to 2 (CubeIDE integrated)
2026-06-26 16:51:51,040 [INFO] UserAuth:179 - activating auth plugin
2026-06-26 16:51:51,043 [INFO] UserAuth:393 - Internet connection configuration mode: 1
2026-06-26 16:51:51,054 [INFO] JxBrowserEngine:151 - Initiate JxBrowser Engine with user profile folder
2026-06-26 16:51:51,189 [INFO] CheckServerUpdateThread:120 - End of CheckServer Thread
2026-06-26 16:51:51,241 [INFO] MainUpdater:2868 - connection check result : 10
2026-06-26 16:51:51,242 [INFO] MainUpdater:2868 - connection check result : 10
2026-06-26 16:51:51,265 [INFO] MicroXplorer:468 - Change Database Path : 
2026-06-26 16:51:51,266 [INFO] MicroXplorer:498 - Change Database Version : DB.6.0.92
2026-06-26 16:51:51,268 [WARN] ThirdParty:871 - waiting for thirdparty lock release [close project]
2026-06-26 16:51:51,268 [INFO] ThirdParty:873 - entering critical section [close project]
2026-06-26 16:51:51,269 [INFO] ThirdParty:883 - exiting critical section [close project]
2026-06-26 16:51:51,270 [INFO] PinOutPanel:1499 - setPackage(No Configuration,No Configuration)
2026-06-26 16:51:51,274 [INFO] UtilMem:75 - Begin LoadConfig() Used Memory: 174673896 Bytes (268435456)
2026-06-26 16:51:51,275 [INFO] MicroXplorer:468 - Change Database Path : 
2026-06-26 16:51:51,276 [INFO] MicroXplorer:498 - Change Database Version : DB.6.0.92
2026-06-26 16:51:51,276 [INFO] OpenFileManager:308 - Change cursor
2026-06-26 16:51:51,283 [WARN] IntegrityCheckThread:84 - waiting for thirdparty lock release [integrity check]
2026-06-26 16:51:51,284 [INFO] IntegrityCheckThread:86 - entering critical section [integrity check]
2026-06-26 16:51:51,454 [WARN] PackLoader:240 - Cannot read IP mode file for STMicroelectronics.X-CUBE-AZRTOS-H7.3.5.0
2026-06-26 16:51:51,468 [ERROR] Engine:466 - /home/papijou/.stm32cubemx/thirdparties/pdsc/STMicroelectronics.X-CUBE-SMBUS.2.1.1.pdsc: PDSC version is not supported
2026-06-26 16:51:51,490 [WARN] PackLoader:240 - Cannot read IP mode file for STMicroelectronics.X-CUBE-AZRTOS-F7.1.1.0
2026-06-26 16:51:51,500 [ERROR] Engine:466 - /home/papijou/.stm32cubemx/thirdparties/pdsc/WES.I-CUBE-Cesium.1.4.0.pdsc: PDSC version is not supported
2026-06-26 16:51:51,525 [WARN] PackLoader:240 - Cannot read IP mode file for STMicroelectronics.X-CUBE-DISPLAY.3.0.0
2026-06-26 16:51:51,546 [WARN] PackLoader:240 - Cannot read IP mode file for STMicroelectronics.X-CUBE-GNSS1.7.1.1
2026-06-26 16:51:51,549 [WARN] PackLoader:240 - Cannot read IP mode file for wolfSSL.I-CUBE-wolfSSL.5.9.1
2026-06-26 16:51:51,553 [WARN] PackLoader:240 - Cannot read IP mode file for STMicroelectronics.X-CUBE-NFC10.1.0.0
2026-06-26 16:51:51,555 [ERROR] Engine:466 - /home/papijou/.stm32cubemx/thirdparties/pdsc/STMicroelectronics.X-CUBE-ST60.1.1.0.pdsc: PDSC version is not supported
2026-06-26 16:51:51,557 [WARN] PackLoader:240 - Cannot read IP mode file for emotas.I-CUBE-CANOPEN.1.3.0
2026-06-26 16:51:51,563 [INFO] LogOutputStream:77 - [STDOUT_REDIRECT] 1 : Invalid condition id : UX_CORESTACK_Condition cause : null
2026-06-26 16:51:51,564 [INFO] LogOutputStream:77 - [STDOUT_REDIRECT] 1 : Invalid condition id : UX_CORESTACK_Condition cause : null
2026-06-26 16:51:51,564 [INFO] LogOutputStream:77 - [STDOUT_REDIRECT] 1 : Invalid condition id : UX_CORESTACK_Condition cause : null
2026-06-26 16:51:51,564 [INFO] LogOutputStream:77 - [STDOUT_REDIRECT] 1 : Invalid condition id : UX_CORESTACK_Condition cause : null
2026-06-26 16:51:51,564 [INFO] LogOutputStream:77 - [STDOUT_REDIRECT] 1 : Invalid condition id : UX_CORESTACK_Condition cause : null
2026-06-26 16:51:51,567 [WARN] PackLoader:240 - Cannot read IP mode file for STMicroelectronics.X-CUBE-AZRTOS-WL.2.0.0
2026-06-26 16:51:51,584 [WARN] PackLoader:240 - Cannot read IP mode file for STMicroelectronics.X-CUBE-AZRTOS-H7RS.1.2.0
2026-06-26 16:51:51,590 [WARN] PackLoader:240 - Cannot read IP mode file for STMicroelectronics.X-CUBE-BLE2.3.3.0
2026-06-26 16:51:51,591 [ERROR] Engine:466 - /home/papijou/.stm32cubemx/thirdparties/pdsc/Avnet-IOTCONNECT.X-CUBE-iotc-st67-sdk.1.0.0.pdsc: PDSC version is not supported
2026-06-26 16:51:51,595 [ERROR] Engine:466 - /home/papijou/.stm32cubemx/thirdparties/pdsc/Infineon.AIROC-Wi-Fi-Bluetooth-STM32.1.8.0.pdsc: PDSC version is not supported
2026-06-26 16:51:51,598 [WARN] PackLoader:240 - Cannot read IP mode file for STMicroelectronics.X-CUBE-NFC9.1.0.0
2026-06-26 16:51:51,603 [WARN] PackLoader:240 - Cannot read IP mode file for STMicroelectronics.X-CUBE-BLE1.7.1.0
2026-06-26 16:51:51,605 [WARN] PackLoader:240 - Cannot read IP mode file for wolfSSL.I-CUBE-wolfMQTT.1.19.2
2026-06-26 16:51:51,608 [WARN] PackLoader:240 - Cannot read IP mode file for STMicroelectronics.X-CUBE-EEPRMA1.5.2.0
2026-06-26 16:51:51,620 [WARN] PackLoader:240 - Cannot read IP mode file for STMicroelectronics.X-CUBE-AZRTOS-G0.1.1.0
2026-06-26 16:51:51,625 [WARN] PackLoader:240 - Cannot read IP mode file for STMicroelectronics.X-CUBE-NFC4.3.0.0
2026-06-26 16:51:51,628 [ERROR] Engine:466 - /home/papijou/.stm32cubemx/thirdparties/pdsc/EmbeddedOffice.I-CUBE-FS-RTOS.1.0.1.pdsc: PDSC version is not supported
2026-06-26 16:51:51,630 [WARN] PackLoader:240 - Cannot read IP mode file for wolfSSL.I-CUBE-wolfTPM.3.8.0
2026-06-26 16:51:51,632 [ERROR] Engine:466 - /home/papijou/.stm32cubemx/thirdparties/pdsc/STMicroelectronics.X-CUBE-TCPP.4.2.0.pdsc: PDSC version is not supported
2026-06-26 16:51:51,633 [ERROR] Engine:466 - /home/papijou/.stm32cubemx/thirdparties/pdsc/RealThread.X-CUBE-RT-Thread_Nano.4.1.1.pdsc: PDSC version is not supported
2026-06-26 16:51:51,635 [WARN] PackLoader:240 - Cannot read IP mode file for STMicroelectronics.FP-ATR-SIGFOX1.3.2.0
2026-06-26 16:51:51,637 [ERROR] Engine:466 - /home/papijou/.stm32cubemx/thirdparties/pdsc/STMicroelectronics.X-CUBE-FREERTOS.1.5.0.pdsc: PDSC version is not supported
2026-06-26 16:51:51,640 [WARN] PackLoader:240 - Cannot read IP mode file for ITTIA_DB.I-CUBE-ITTIADB.8.9.0
2026-06-26 16:51:51,641 [ERROR] Engine:466 - /home/papijou/.stm32cubemx/thirdparties/pdsc/Cesanta.I-CUBE-Mongoose.7.21.7.pdsc: PDSC version is not supported
2026-06-26 16:51:51,645 [WARN] PackLoader:240 - Cannot read IP mode file for STMicroelectronics.X-CUBE-NFC6.3.2.0
2026-06-26 16:51:51,650 [WARN] PackLoader:240 - Cannot read IP mode file for STMicroelectronics.X-CUBE-AI.10.2.1
2026-06-26 16:51:51,681 [WARN] PackLoader:240 - Cannot read IP mode file for STMicroelectronics.X-CUBE-MEMS1.12.1.0
2026-06-26 16:51:51,812 [WARN] PackLoader:240 - Cannot read IP mode file for SEGGER.I-CUBE-embOS.1.3.1
2026-06-26 16:51:51,830 [WARN] PackLoader:240 - Cannot read IP mode file for STMicroelectronics.X-CUBE-NFC13.1.0.0
2026-06-26 16:51:51,836 [WARN] PackLoader:240 - Cannot read IP mode file for STMicroelectronics.X-CUBE-PM33A1.1.0.0
2026-06-26 16:51:51,846 [WARN] PackLoader:240 - Cannot read IP mode file for STMicroelectronics.X-CUBE-AZRTOS-F4.1.1.0
2026-06-26 16:51:51,853 [WARN] PackLoader:240 - Cannot read IP mode file for STMicroelectronics.X-CUBE-ISPU.2.1.0
2026-06-26 16:51:51,857 [ERROR] Engine:466 - /home/papijou/.stm32cubemx/thirdparties/pdsc/STMicroelectronics.X-CUBE-IPS.3.2.0.pdsc: PDSC version is not supported
2026-06-26 16:51:51,859 [ERROR] Engine:466 - /home/papijou/.stm32cubemx/thirdparties/pdsc/STMicroelectronics.eDS-WB_DPC_TT-BIDIR.2.1.1.pdsc: PDSC version is not supported
2026-06-26 16:51:51,862 [WARN] PackLoader:240 - Cannot read IP mode file for STMicroelectronics.X-CUBE-NFC12.1.0.0
2026-06-26 16:51:51,872 [WARN] PackLoader:240 - Cannot read IP mode file for STMicroelectronics.X-CUBE-AZRTOS-L5.2.0.0
2026-06-26 16:51:51,877 [WARN] PackLoader:240 - Cannot read IP mode file for STMicroelectronics.X-CUBE-ALGOBUILD.1.5.0
2026-06-26 16:51:51,879 [ERROR] Engine:466 - /home/papijou/.stm32cubemx/thirdparties/pdsc/STMicroelectronics.eDS-WB_DPC_VIENNA.1.2.0.pdsc: PDSC version is not supported
2026-06-26 16:51:51,880 [ERROR] Engine:466 - /home/papijou/.stm32cubemx/thirdparties/pdsc/STMicroelectronics.eDS-WB_DPC_3PH2L-BIDIR.1.1.1.pdsc: PDSC version is not supported
2026-06-26 16:51:51,883 [ERROR] Engine:466 - /home/papijou/.stm32cubemx/thirdparties/pdsc/STMicroelectronics.X-CUBE-ST67W61.1.3.0.pdsc: PDSC version is not supported
2026-06-26 16:51:51,886 [WARN] PackLoader:240 - Cannot read IP mode file for STMicroelectronics.X-CUBE-TOUCHGFX.4.26.1
2026-06-26 16:51:51,889 [ERROR] Engine:466 - /home/papijou/.stm32cubemx/thirdparties/pdsc/STMicroelectronics.X-CUBE-DPower.1.3.0.pdsc: PDSC version is not supported
2026-06-26 16:51:51,903 [WARN] ConditionMgr:438 - getConditionDescription Invalid condition id : LAN8742 Phy interface Condition cause : null
2026-06-26 16:51:51,903 [WARN] PackLoader:240 - Cannot read IP mode file for STMicroelectronics.X-CUBE-AZRTOS-L4.2.0.0
2026-06-26 16:51:51,905 [WARN] ConditionMgr:1039 - genDependencies : Invalid condition id : LAN8742 Phy interface Condition cause : null
2026-06-26 16:51:51,905 [WARN] ConditionMgr:1039 - genDependencies : Invalid condition id : LAN8742 Phy interface Condition cause : null
2026-06-26 16:51:51,906 [WARN] ConditionMgr:1039 - genDependencies : Invalid condition id : LAN8742 Phy interface Condition cause : null
2026-06-26 16:51:51,912 [WARN] PackLoader:240 - Cannot read IP mode file for STMicroelectronics.X-CUBE-SFXS2LP1.4.0.0
2026-06-26 16:51:51,917 [WARN] PackLoader:240 - Cannot read IP mode file for STMicroelectronics.X-CUBE-WB05N.2.1.0
2026-06-26 16:51:51,920 [ERROR] Engine:466 - /home/papijou/.stm32cubemx/thirdparties/pdsc/STMicroelectronics.X-CUBE-BLEMGR.4.1.0.pdsc: PDSC version is not supported
2026-06-26 16:51:51,927 [WARN] ConditionMgr:438 - getConditionDescription Invalid condition id : UX DEVICE CLASS RTOS Condition cause : null
2026-06-26 16:51:51,927 [WARN] ConditionMgr:438 - getConditionDescription Invalid condition id : UX DEVICE CLASS RTOS Condition cause : null
2026-06-26 16:51:51,929 [WARN] PackLoader:240 - Cannot read IP mode file for STMicroelectronics.X-CUBE-AZRTOS-WB.2.0.0
2026-06-26 16:51:51,929 [WARN] ConditionMgr:1039 - genDependencies : Invalid condition id : UX DEVICE CLASS RTOS Condition cause : null
2026-06-26 16:51:51,929 [WARN] ConditionMgr:1039 - genDependencies : Invalid condition id : UX DEVICE CLASS RTOS Condition cause : null
2026-06-26 16:51:51,929 [WARN] ConditionMgr:1039 - genDependencies : Invalid condition id : UX DEVICE CLASS RTOS Condition cause : null
2026-06-26 16:51:51,930 [WARN] ConditionMgr:1039 - genDependencies : Invalid condition id : UX DEVICE CLASS RTOS Condition cause : null
2026-06-26 16:51:51,930 [WARN] ConditionMgr:1039 - genDependencies : Invalid condition id : UX DEVICE CLASS RTOS Condition cause : null
2026-06-26 16:51:51,931 [ERROR] Engine:466 - /home/papijou/.stm32cubemx/thirdparties/pdsc/quantropi.X-CUBE-qispace-sdk-base.2.1.0.pdsc: PDSC version is not supported
2026-06-26 16:51:51,934 [WARN] PackLoader:240 - Cannot read IP mode file for STMicroelectronics.X-CUBE-STSE01.2.0.0
2026-06-26 16:51:51,939 [WARN] PackLoader:240 - Cannot read IP mode file for STMicroelectronics.X-CUBE-SUBG2.5.0.0
2026-06-26 16:51:51,948 [WARN] PackLoader:240 - Cannot read IP mode file for STMicroelectronics.X-CUBE-AZRTOS-G4.2.0.0
2026-06-26 16:51:51,951 [WARN] PackLoader:240 - Cannot read IP mode file for wolfSSL.I-CUBE-wolfSSH.1.4.20
2026-06-26 16:51:51,953 [WARN] PackLoader:240 - Cannot read IP mode file for STMicroelectronics.X-CUBE-NFC7.2.0.0
2026-06-26 16:51:51,957 [ERROR] Engine:466 - /home/papijou/.stm32cubemx/thirdparties/pdsc/STMicroelectronics.X-CUBE-TOF1.3.4.3.pdsc: PDSC version is not supported
2026-06-26 16:51:51,957 [INFO] ThirdParty:978 - Integrity check success = true
2026-06-26 16:51:51,957 [INFO] IntegrityCheckThread:100 - exiting critical section [integrity check]
2026-06-26 16:51:51,957 [INFO] IntegrityCheckThread:103 - End integrity checks thread
2026-06-26 16:51:51,972 [INFO] Mcu:1946 - Initializing MCU STM32L476R(C-E-G)Tx STM32L476RGTx STM32L476RGT6
2026-06-26 16:51:51,992 [INFO] WebApp:157 - Instantiating new browser for Auth
2026-06-26 16:51:52,468 [INFO] WebApp:753 - Register for checkConnection events
2026-06-26 16:51:52,468 [INFO] WebApp:390 - Apply proxy settings
2026-06-26 16:51:52,469 [INFO] WebApp:475 - Chromium requires no authentication
2026-06-26 16:51:52,478 [INFO] WebApp:418 - Direct internet connection detected
2026-06-26 16:51:52,578 [INFO] WebApp:188 - Starting web application
2026-06-26 16:51:52,578 [INFO] WebApp:520 - Web application path used /opt/st/stm32cubeide_1.13.2_2/plugins/com.st.stm32cube.common.mx_6.9.2.202309101412/db/plugins/mcufinder/reactClient1/index.html
2026-06-26 16:51:53,307 [INFO] Context:659 - Trying to add GPIOservice into a context  which must be forbidden
2026-06-26 16:51:53,818 [INFO] RtosManager:555 - Registered RTOS mode: class=CMSIS, group=RTOS, mode=CMSIS_V1, owner=FREERTOS
2026-06-26 16:51:53,818 [INFO] RtosManager:555 - Registered RTOS mode: class=CMSIS, group=RTOS2, mode=CMSIS_V2, owner=FREERTOS
2026-06-26 16:51:53,818 [INFO] RtosManager:555 - Registered RTOS mode: class=RTOS, group=Core, mode=CMSIS_V1, owner=FREERTOS
2026-06-26 16:51:53,818 [INFO] RtosManager:555 - Registered RTOS mode: class=RTOS, group=Core, mode=CMSIS_V2, owner=FREERTOS
2026-06-26 16:51:53,818 [WARN] ModelIntegratedComponent:184 - Missing modes for component STMicroelectronics:FreeRTOS:0.0.1:STMicroelectronics:RTOS:FreeRTOS:Core:::10.2.0:
2026-06-26 16:51:53,827 [WARN] ModelIntegratedComponent:63 - No mode defined for component null
2026-06-26 16:51:53,827 [WARN] ModelIntegratedComponent:63 - No mode defined for component null
2026-06-26 16:51:53,827 [WARN] ModelIntegratedComponent:63 - No mode defined for component null
2026-06-26 16:51:53,827 [WARN] ModelIntegratedComponent:63 - No mode defined for component null
2026-06-26 16:51:53,827 [WARN] ModelIntegratedComponent:63 - No mode defined for component null
2026-06-26 16:51:53,827 [WARN] ModelIntegratedComponent:63 - No mode defined for component null
2026-06-26 16:51:53,827 [WARN] ModelIntegratedComponent:63 - No mode defined for component null
2026-06-26 16:51:53,827 [WARN] ModelIntegratedComponent:63 - No mode defined for component null
2026-06-26 16:51:53,827 [WARN] ModelIntegratedComponent:63 - No mode defined for component null
2026-06-26 16:51:53,827 [WARN] ModelIntegratedComponent:63 - No mode defined for component null
2026-06-26 16:51:53,827 [WARN] ModelIntegratedComponent:63 - No mode defined for component null
2026-06-26 16:51:53,827 [WARN] ModelIntegratedComponent:63 - No mode defined for component null
2026-06-26 16:51:53,827 [WARN] ModelIntegratedComponent:63 - No mode defined for component null
2026-06-26 16:51:53,827 [WARN] ModelIntegratedComponent:63 - No mode defined for component null
2026-06-26 16:51:53,827 [WARN] ModelIntegratedComponent:63 - No mode defined for component null
2026-06-26 16:51:53,827 [WARN] ModelIntegratedComponent:63 - No mode defined for component null
2026-06-26 16:51:53,827 [WARN] ModelIntegratedComponent:63 - No mode defined for component null
2026-06-26 16:51:53,827 [WARN] ModelIntegratedComponent:63 - No mode defined for component null
2026-06-26 16:51:53,827 [WARN] ModelIntegratedComponent:63 - No mode defined for component null
2026-06-26 16:51:53,827 [WARN] ModelIntegratedComponent:63 - No mode defined for component null
2026-06-26 16:51:53,828 [WARN] ModelIntegratedComponent:63 - No mode defined for component null
2026-06-26 16:51:53,828 [WARN] ModelIntegratedComponent:63 - No mode defined for component null
2026-06-26 16:51:53,828 [WARN] ModelIntegratedComponent:63 - No mode defined for component null
2026-06-26 16:51:53,828 [WARN] ModelIntegratedComponent:63 - No mode defined for component null
2026-06-26 16:51:53,828 [WARN] ModelIntegratedComponent:63 - No mode defined for component null
2026-06-26 16:51:53,828 [WARN] ModelIntegratedComponent:63 - No mode defined for component null
2026-06-26 16:51:53,828 [WARN] ModelIntegratedComponent:63 - No mode defined for component null
2026-06-26 16:51:53,828 [WARN] ModelIntegratedComponent:63 - No mode defined for component null
2026-06-26 16:51:53,828 [WARN] ModelIntegratedComponent:63 - No mode defined for component null
2026-06-26 16:51:53,828 [WARN] ModelIntegratedComponent:63 - No mode defined for component null
2026-06-26 16:51:53,828 [WARN] ModelIntegratedComponent:63 - No mode defined for component null
2026-06-26 16:51:53,828 [WARN] ModelIntegratedComponent:63 - No mode defined for component null
2026-06-26 16:51:53,828 [WARN] ModelIntegratedComponent:63 - No mode defined for component null
2026-06-26 16:51:53,948 [INFO] ThirdPartyModel:298 - Start build external matchings
2026-06-26 16:51:54,354 [INFO] ThirdPartyModel:316 - End build external matchings
2026-06-26 16:51:54,367 [INFO] ImportTextPane:194 - (OptionalMessage_ERROR) IP (ADC1) : Parameter (CommonPathInternal) has invalid value (null|ADC_CHANNEL_TEMPSENSOR|null|null)
2026-06-26 16:51:54,368 [INFO] ImportTextPane:194 - (OptionalMessage_ERROR) IP (ADC2) : Parameter (CommonPathInternal) has invalid value (null|null|null|null)
2026-06-26 16:51:54,368 [INFO] ImportTextPane:194 - (OptionalMessage_ERROR) IP (DMA) : Parameter (Instance) has Id (ADC2) currently not set
2026-06-26 16:51:54,368 [INFO] ImportTextPane:194 - (OptionalMessage_ERROR) IP (DMA) : Parameter (Request) has Id (ADC2) currently not set
2026-06-26 16:51:54,368 [INFO] ImportTextPane:194 - (OptionalMessage_ERROR) IP (DMA) : Parameter (Direction) has Id (ADC2) currently not set
2026-06-26 16:51:54,368 [INFO] ImportTextPane:194 - (OptionalMessage_ERROR) IP (DMA) : Parameter (PeriphInc) has Id (ADC2) currently not set
2026-06-26 16:51:54,368 [INFO] ImportTextPane:194 - (OptionalMessage_ERROR) IP (DMA) : Parameter (MemInc) has Id (ADC2) currently not set
2026-06-26 16:51:54,368 [INFO] ImportTextPane:194 - (OptionalMessage_ERROR) IP (DMA) : Parameter (PeriphDataAlignment) has Id (ADC2) currently not set
2026-06-26 16:51:54,368 [INFO] ImportTextPane:194 - (OptionalMessage_ERROR) IP (DMA) : Parameter (MemDataAlignment) has Id (ADC2) currently not set
2026-06-26 16:51:54,369 [INFO] ImportTextPane:194 - (OptionalMessage_ERROR) IP (DMA) : Parameter (Mode) has Id (ADC2) currently not set
2026-06-26 16:51:54,369 [INFO] ImportTextPane:194 - (OptionalMessage_ERROR) IP (DMA) : Parameter (Priority) has Id (ADC2) currently not set
2026-06-26 16:51:54,741 [INFO] UtilMem:75 - End LoadConfig() Used Memory: 255947776 Bytes (502267904)
2026-06-26 16:51:54,809 [INFO] ApiDb:581 - Connected to CubeFinder SQLite database (/home/papijou/.stmcufinder/plugins/mcufinder/mcu/cube-finder-db.db)
2026-06-26 16:51:54,885 [INFO] ApiDb:668 - CubeFinder database Data Model version=2.1
2026-06-26 16:51:54,886 [INFO] ApiDb:669 - CubeFinder database Configuration version=3.0.42
2026-06-26 16:51:54,886 [INFO] ApiDb:670 - CubeFinder database generation date=2026-05-14 (1778746352)
2026-06-26 16:51:54,886 [INFO] ApiDb:671 - CubeFinder database FW Pack versions=[FP-ATR-ASTRA1_V2.0.0, FP-SNS-FLIGHT1_V5.1.0, FP-SNS-MOTENV1_V5.1.0, FP-SNS-MOTENVWB1_V1.5.0, FP-SNS-SMARTAG2_V1.2.0, FP-SNS-STBOX1_V2.1.0, STM32Cube_FW_C0_V1.4.0, STM32Cube_FW_F4_V1.28.3, STM32Cube_FW_F7_V1.17.4, STM32Cube_FW_G0_V1.6.3, STM32Cube_FW_G4_V1.6.2, STM32Cube_FW_H5_V1.6.0, STM32Cube_FW_H7RS_V1.3.0, STM32Cube_FW_H7_V1.13.0, STM32Cube_FW_L0_V1.12.2, STM32Cube_FW_L4_V1.18.2, STM32Cube_FW_L5_V1.6.0, STM32Cube_FW_N6_V1.3.0, STM32Cube_FW_U0_V1.3.0, STM32Cube_FW_U3_V1.3.0, STM32Cube_FW_U5_V1.8.0, STM32Cube_FW_WB0_V1.4.0, STM32Cube_FW_WBA_V1.9.0, STM32Cube_FW_WB_V1.24.0, STM32Cube_FW_WL3_V1.4.0, STM32Cube_FW_WL_V1.5.0, X-CUBE-ALGOBUILD_V1.4.0, X-CUBE-ALS_V1.0.2, X-CUBE-AZRTOS-F4_V1.1.0, X-CUBE-AZRTOS-F7_V1.1.0, X-CUBE-AZRTOS-G0_V1.1.0, X-CUBE-AZRTOS-G4_V2.0.0, X-CUBE-AZRTOS-H7RS_V1.1.0, X-CUBE-AZRTOS-H7_V3.5.0, X-CUBE-AZRTOS-L4_V2.0.0, X-CUBE-AZRTOS-L5_V2.0.0, X-CUBE-AZRTOS-WB_V2.0.0, X-CUBE-AZRTOS-WL_V2.0.0, X-CUBE-BLE1_V7.1.0, X-CUBE-BLE2_V3.3.0, X-CUBE-BLEMGR_V4.1.0, X-CUBE-EEPRMA1_V5.2.0, X-CUBE-FREERTOS_V1.5.0, X-CUBE-GNSS1_V7.1.1, X-CUBE-MEMS1_V12.1.0, X-CUBE-NFC4_V3.0.0, X-CUBE-NFC7_V2.0.0, X-CUBE-SFXS2LP1_V4.0.0, X-CUBE-ST67W61_V1.3.0, X-CUBE-SUBG2_V5.0.0, X-CUBE-TOF1_V3.4.3]
2026-06-26 16:51:56,598 [INFO] ApiDb:240 - Found 323 in-development CPN: [B-G473E-ZEST1S, B-WB1M-WPAN1, B-WL5M-SUBG1, NUCLEO-C031C6, NUCLEO-H503RB, NUCLEO-H563ZI, NUCLEO-U545RE-Q, NUCLEO-U5A5ZJ-Q, NUCLEO-WBA52CG, STEVAL-PROTEUS1, STEVAL-SMARTAG2, STEVAL-STWINBX1, STM320518-EVAL, STM32C0116-DK, STM32C011D6Y3TR, STM32C011D6Y6TR, STM32C011F4P3, STM32C011F4P6, STM32C011F4U3, STM32C011F4U6TR, STM32C011F6P3, STM32C011F6P6, STM32C011F6U3, STM32C011F6U6TR, STM32C011J4M3, STM32C011J4M6, STM32C011J6M3, STM32C011J6M6, STM32C0316-DK, STM32C031C4T3, STM32C031C4T6, STM32C031C4U3, STM32C031C4U6, STM32C031C6T3, STM32C031C6T6, STM32C031C6U3, STM32C031C6U6, STM32C031F4P3, STM32C031F4P6, STM32C031F6P3, STM32C031F6P6, STM32C031G4U3, STM32C031G4U6, STM32C031G6U3, STM32C031G6U6, STM32C031K4T3, STM32C031K4T6, STM32C031K4U3, STM32C031K4U6, STM32C031K6T3, STM32C031K6T6, STM32C031K6U3, STM32C031K6U6, STM32G071K8TXN, STM32G071K8UXN, STM32G081GBU6N, STM32G081KBT6N, STM32G081KBUXN, STM32G0B1CCT6N, STM32G0B1KCT6, STM32G0B1NEY6TR, STM32G0B1RCT6N, STM32G0C1CCT6, STM32G0C1CCT6N, STM32G0C1CCU6N, STM32G0C1CET6N, STM32G0C1CEU6N, STM32G0C1KCT6, STM32G0C1NEY6TR, STM32G0C1RCI6N, STM32G0C1RCT6N, STM32G0C1REI6N, STM32G0C1RET6N, STM32G0C1VCI6, STM32G0C1VEI6, STM32G471CCT6, STM32G471CCU6, STM32G471CET3, STM32G471CET6, STM32G471CEU3, STM32G471CEU6, STM32G471MCT6, STM32G471MET3, STM32G471MET6, STM32G471MEY6TR, STM32G471QCT6, STM32G471QET3, STM32G471RCT6, STM32G471RET3, STM32G471RET6, STM32G471VCH6, STM32G471VCI6, STM32G471VCT6, STM32G471VEH3, STM32G471VEH6, STM32G471VEI3, STM32G471VEI6, STM32G471VET3, STM32G471VET6, STM32G474CCT6, STM32H503CBT6, STM32H503CBU6, STM32H503EBY6TR, STM32H503KBU6, STM32H503RBT6, STM32H562AGI6, STM32H562AII6, STM32H562IGK6, STM32H562IGT6, STM32H562IIK6, STM32H562IIT6, STM32H562RGT6, STM32H562RGV6, STM32H562RIT6, STM32H562RIV6, STM32H562VGT6, STM32H562VIT6, STM32H562ZGT6, STM32H562ZIT6, STM32H563AGI6, STM32H563AII3Q, STM32H563AII6, STM32H563IGK6, STM32H563IGT6, STM32H563IIK3Q, STM32H563IIK6, STM32H563IIT3Q, STM32H563IIT6, STM32H563MIY3QTR, STM32H563RGT6, STM32H563RGV6, STM32H563RIT6, STM32H563RIV6, STM32H563VGT6, STM32H563VIT3Q, STM32H563VIT6, STM32H563ZGT6, STM32H563ZIT3Q, STM32H563ZIT6, STM32H573AII3Q, STM32H573AII6, STM32H573I-DK, STM32H573IIK3Q, STM32H573IIK6, STM32H573IIT3Q, STM32H573IIT6, STM32H573MIY3QTR, STM32H573RIT6, STM32H573RIV6, STM32H573VIT3Q, STM32H573VIT6, STM32H573ZIT3Q, STM32H573ZIT6, STM32L4R5QGI6STR, STM32MP131AAE3, STM32MP131AAF3, STM32MP131AAG3, STM32MP131CAE3, STM32MP131CAF3, STM32MP131CAG3, STM32MP131DAE7, STM32MP131DAF7, STM32MP131DAG7, STM32MP131FAE7, STM32MP131FAF7, STM32MP131FAG7, STM32MP133AAE3, STM32MP133AAF3, STM32MP133AAG3, STM32MP133CAE3, STM32MP133CAF3, STM32MP133CAG3, STM32MP133DAE7, STM32MP133DAF7, STM32MP133DAG7, STM32MP133FAE7, STM32MP133FAF7, STM32MP133FAG7, STM32MP135AAE3, STM32MP135AAF3, STM32MP135AAG3, STM32MP135CAE3, STM32MP135CAF3, STM32MP135CAG3, STM32MP135DAE7, STM32MP135DAF7, STM32MP135DAG7, STM32MP135F-DK, STM32MP135FAE7, STM32MP135FAF7, STM32MP135FAF7T, STM32MP135FAF7U, STM32MP135FAG7, STM32U535CBT6, STM32U535CBT6Q, STM32U535CBU6, STM32U535CBU6Q, STM32U535CCT6, STM32U535CCT6Q, STM32U535CCU6, STM32U535CCU6Q, STM32U535CET6, STM32U535CET6Q, STM32U535CEU6, STM32U535CEU6Q, STM32U535JEY6QTR, STM32U535NCY6QTR, STM32U535NEY6QTR, STM32U535RBI6, STM32U535RBI6Q, STM32U535RBT6, STM32U535RBT6Q, STM32U535RCI6, STM32U535RCI6Q, STM32U535RCT6, STM32U535RCT6Q, STM32U535REI6, STM32U535REI6Q, STM32U535RET6, STM32U535RET6Q, STM32U535VCI6, STM32U535VCI6Q, STM32U535VCT6, STM32U535VCT6Q, STM32U535VEI6, STM32U535VEI6Q, STM32U535VET6, STM32U535VET6Q, STM32U545CET6, STM32U545CET6Q, STM32U545CEU6, STM32U545CEU6Q, STM32U545JEY6QTR, STM32U545NEY6QTR, STM32U545REI6, STM32U545REI6Q, STM32U545RET6, STM32U545RET6Q, STM32U545VEI6, STM32U545VEI6Q, STM32U545VET6, STM32U545VET6Q, STM32U595AIH6, STM32U595AIH6Q, STM32U595AJH6, STM32U595AJH6Q, STM32U595QII6, STM32U595QII6Q, STM32U595QJI6, STM32U595QJI6Q, STM32U595RIT6, STM32U595RIT6Q, STM32U595RJT6, STM32U595RJT6Q, STM32U595VIT6, STM32U595VIT6Q, STM32U595VJT6, STM32U595VJT6Q, STM32U595ZIT6, STM32U595ZIT6Q, STM32U595ZIY6QTR, STM32U595ZJT6, STM32U595ZJT6Q, STM32U595ZJY6QTR, STM32U599BJY6QTR, STM32U599NIH6Q, STM32U599NJH6Q, STM32U599VIT6Q, STM32U599VJT6, STM32U599VJT6Q, STM32U599ZIT6Q, STM32U599ZIY6QTR, STM32U599ZJT6Q, STM32U599ZJY6QTR, STM32U5A5AJH6, STM32U5A5AJH6Q, STM32U5A5QJI6, STM32U5A5QJI6Q, STM32U5A5RJT6, STM32U5A5RJT6Q, STM32U5A5VJT6, STM32U5A5VJT6Q, STM32U5A5ZJT6, STM32U5A5ZJT6Q, STM32U5A5ZJY6QTR, STM32U5A9BJY6QTR, STM32U5A9J-DK, STM32U5A9NJH6Q, STM32U5A9VJT6Q, STM32U5A9ZJT6Q, STM32U5A9ZJY6QTR, STM32U5F7VIT6, STM32U5F7VIT6Q, STM32U5F7VJT6, STM32U5F7VJT6Q, STM32U5F9BJY6QTR, STM32U5F9NJH6Q, STM32U5F9VIT6Q, STM32U5F9VJT6Q, STM32U5F9ZIJ6QTR, STM32U5F9ZIT6Q, STM32U5F9ZJJ6QTR, STM32U5F9ZJT6Q, STM32U5G7VJT6, STM32U5G7VJT6Q, STM32U5G9BJY6QTR, STM32U5G9J-DK1, STM32U5G9J-DK2, STM32U5G9NJH6Q, STM32U5G9VJT6Q, STM32U5G9ZJJ6QTR, STM32U5G9ZJT6Q, STM32WB1MMCH6, STM32WBA52CEU6, STM32WBA52CEU6T, STM32WBA52CGU6, STM32WBA52CGU6T, STM32WBA52KEU6, STM32WBA52KEU6T, STM32WBA52KGU6, STM32WBA52KGU6T, STM32WL5MOCH6, STM32WL5MOCH6TR]
2026-06-26 16:51:56,601 [INFO] DbMcus:217 - Found 5061 MCUs, 4943 are supported
2026-06-26 16:51:56,601 [INFO] ApiDb:423 - Load user favorites file /home/papijou/.stm32cubeide/favorites.mcus.txt: 0 item(s)
2026-06-26 16:51:56,601 [INFO] ApiDb:427 - User favorites MCUs=[]
2026-06-26 16:51:56,601 [INFO] DbMcus:223 - Set 0 / 0 favorites MCUs
2026-06-26 16:51:56,951 [WARN] ThirdParty:833 - waiting for thirdparty lock release [change project]
2026-06-26 16:51:56,951 [INFO] ThirdParty:835 - entering critical section [change project]
2026-06-26 16:51:56,951 [INFO] ThirdParty:1030 - CMSIS Pack Vendor :STMicroelectronics X-CUBE-AZRTOS-H7 3.5.0
2026-06-26 16:51:56,951 [INFO] ThirdParty:1030 - CMSIS Pack Vendor :STMicroelectronics X-CUBE-PM33A1 1.0.0
2026-06-26 16:51:56,951 [INFO] ThirdParty:1030 - CMSIS Pack Vendor :STMicroelectronics USBPD 4.1
2026-06-26 16:51:56,951 [INFO] ThirdParty:1030 - CMSIS Pack Vendor :STMicroelectronics X-CUBE-NFC9 1.0.0
2026-06-26 16:51:56,951 [INFO] ThirdParty:1030 - CMSIS Pack Vendor :STMicroelectronics USB_HOST 2.0.0
2026-06-26 16:51:56,951 [INFO] ThirdParty:1030 - CMSIS Pack Vendor :STMicroelectronics X-CUBE-AZRTOS-F4 1.1.0
2026-06-26 16:51:56,951 [INFO] ThirdParty:1030 - CMSIS Pack Vendor :STMicroelectronics LIBJPEG 8.0.0
2026-06-26 16:51:56,951 [INFO] ThirdParty:1030 - CMSIS Pack Vendor :STMicroelectronics X-CUBE-BLE1 7.1.0
2026-06-26 16:51:56,951 [INFO] ThirdParty:1030 - CMSIS Pack Vendor :wolfSSL I-CUBE-wolfMQTT 1.19.2
2026-06-26 16:51:56,951 [INFO] ThirdParty:1030 - CMSIS Pack Vendor :STMicroelectronics USB_DEVICE 3.0.0
2026-06-26 16:51:56,951 [INFO] ThirdParty:1030 - CMSIS Pack Vendor :STMicroelectronics X-CUBE-ISPU 2.1.0
2026-06-26 16:51:56,951 [INFO] ThirdParty:1030 - CMSIS Pack Vendor :STMicroelectronics X-CUBE-EEPRMA1 5.2.0
2026-06-26 16:51:56,951 [INFO] ThirdParty:1030 - CMSIS Pack Vendor :STMicroelectronics X-CUBE-AZRTOS-WB 2.0.0
2026-06-26 16:51:56,951 [INFO] ThirdParty:1030 - CMSIS Pack Vendor :STMicroelectronics X-CUBE-NFC12 1.0.0
2026-06-26 16:51:56,951 [INFO] ThirdParty:1030 - CMSIS Pack Vendor :STMicroelectronics X-CUBE-AZRTOS-F7 1.1.0
2026-06-26 16:51:56,952 [INFO] ThirdParty:1030 - CMSIS Pack Vendor :STMicroelectronics X-CUBE-AZRTOS-L5 2.0.0
2026-06-26 16:51:56,952 [INFO] ThirdParty:1030 - CMSIS Pack Vendor :STMicroelectronics USB_DEVICE 2.0.0
2026-06-26 16:51:56,952 [INFO] ThirdParty:1030 - CMSIS Pack Vendor :STMicroelectronics X-CUBE-STSE01 2.0.0
2026-06-26 16:51:56,952 [INFO] ThirdParty:1030 - CMSIS Pack Vendor :STMicroelectronics X-CUBE-ALGOBUILD 1.5.0
2026-06-26 16:51:56,952 [INFO] ThirdParty:1030 - CMSIS Pack Vendor :STMicroelectronics FreeRTOS 0.0.1
2026-06-26 16:51:56,952 [INFO] ThirdParty:1030 - CMSIS Pack Vendor :STMicroelectronics X-CUBE-AZRTOS-G0 1.1.0
2026-06-26 16:51:56,952 [INFO] ThirdParty:1030 - CMSIS Pack Vendor :STMicroelectronics X-CUBE-NFC4 3.0.0
2026-06-26 16:51:56,952 [INFO] ThirdParty:1030 - CMSIS Pack Vendor :STMicroelectronics X-CUBE-SUBG2 5.0.0
2026-06-26 16:51:56,952 [INFO] ThirdParty:1030 - CMSIS Pack Vendor :STMicroelectronics STM32_WPAN 1.0.0
2026-06-26 16:51:56,952 [INFO] ThirdParty:1030 - CMSIS Pack Vendor :STMicroelectronics lwIP 2.0.3
2026-06-26 16:51:56,952 [INFO] ThirdParty:1030 - CMSIS Pack Vendor :STMicroelectronics USB_HOST 1.0.0
2026-06-26 16:51:56,952 [INFO] ThirdParty:1030 - CMSIS Pack Vendor :STMicroelectronics X-CUBE-AZRTOS-G4 2.0.0
2026-06-26 16:51:56,952 [INFO] ThirdParty:1030 - CMSIS Pack Vendor :STMicroelectronics PDM2PCM 3.1.0
2026-06-26 16:51:56,952 [INFO] ThirdParty:1030 - CMSIS Pack Vendor :STMicroelectronics PDM2PCM 3.3.0
2026-06-26 16:51:56,952 [INFO] ThirdParty:1030 - CMSIS Pack Vendor :wolfSSL I-CUBE-wolfTPM 3.8.0
2026-06-26 16:51:56,952 [INFO] ThirdParty:1030 - CMSIS Pack Vendor :STMicroelectronics X-CUBE-DISPLAY 3.0.0
2026-06-26 16:51:56,952 [INFO] ThirdParty:1030 - CMSIS Pack Vendor :wolfSSL I-CUBE-wolfSSH 1.4.20
2026-06-26 16:51:56,952 [INFO] ThirdParty:1030 - CMSIS Pack Vendor :STMicroelectronics X-CUBE-NFC7 2.0.0
2026-06-26 16:51:56,952 [INFO] ThirdParty:1030 - CMSIS Pack Vendor :STMicroelectronics X-CUBE-GNSS1 7.1.1
2026-06-26 16:51:56,952 [INFO] ThirdParty:1030 - CMSIS Pack Vendor :wolfSSL I-CUBE-wolfSSL 5.9.1
2026-06-26 16:51:56,952 [INFO] ThirdParty:1030 - CMSIS Pack Vendor :STMicroelectronics FP-ATR-SIGFOX1 3.2.0
2026-06-26 16:51:56,952 [INFO] ThirdParty:1030 - CMSIS Pack Vendor :STMicroelectronics X-CUBE-NFC10 1.0.0
2026-06-26 16:51:56,952 [INFO] ThirdParty:1030 - CMSIS Pack Vendor :STMicroelectronics HAL Drivers 0.0.0
2026-06-26 16:51:56,952 [INFO] ThirdParty:1030 - CMSIS Pack Vendor :STMicroelectronics MBEDTLS 2.16.2
2026-06-26 16:51:56,952 [INFO] ThirdParty:1030 - CMSIS Pack Vendor :emotas I-CUBE-CANOPEN 1.3.0
2026-06-26 16:51:56,952 [INFO] ThirdParty:1030 - CMSIS Pack Vendor :STMicroelectronics MBEDTLS 2.14.1
2026-06-26 16:51:56,952 [INFO] ThirdParty:1030 - CMSIS Pack Vendor :ITTIA_DB I-CUBE-ITTIADB 8.9.0
2026-06-26 16:51:56,953 [INFO] ThirdParty:1030 - CMSIS Pack Vendor :STMicroelectronics X-CUBE-TOUCHGFX 4.26.1
2026-06-26 16:51:56,953 [INFO] ThirdParty:1030 - CMSIS Pack Vendor :STMicroelectronics X-CUBE-NFC6 3.2.0
2026-06-26 16:51:56,953 [INFO] ThirdParty:1030 - CMSIS Pack Vendor :STMicroelectronics X-CUBE-AI 10.2.1
2026-06-26 16:51:56,953 [INFO] ThirdParty:1030 - CMSIS Pack Vendor :STMicroelectronics ThreadX 1.0.0
2026-06-26 16:51:56,953 [INFO] ThirdParty:1030 - CMSIS Pack Vendor :STMicroelectronics X-CUBE-MEMS1 12.1.0
2026-06-26 16:51:56,953 [INFO] ThirdParty:1030 - CMSIS Pack Vendor :STMicroelectronics X-CUBE-AZRTOS-WL 2.0.0
2026-06-26 16:51:56,953 [INFO] ThirdParty:1030 - CMSIS Pack Vendor :SEGGER I-CUBE-embOS 1.3.1
2026-06-26 16:51:56,953 [INFO] ThirdParty:1030 - CMSIS Pack Vendor :STMicroelectronics USB_DEVICE 1.0.0
2026-06-26 16:51:56,953 [INFO] ThirdParty:1030 - CMSIS Pack Vendor :STMicroelectronics X-CUBE-AZRTOS-H7RS 1.2.0
2026-06-26 16:51:56,953 [INFO] ThirdParty:1030 - CMSIS Pack Vendor :STMicroelectronics X-CUBE-AZRTOS-L4 2.0.0
2026-06-26 16:51:56,953 [INFO] ThirdParty:1030 - CMSIS Pack Vendor :STMicroelectronics ThreadX 0.0.2
2026-06-26 16:51:56,953 [INFO] ThirdParty:1030 - CMSIS Pack Vendor :STMicroelectronics lwIP 2.1.2
2026-06-26 16:51:56,953 [INFO] ThirdParty:1030 - CMSIS Pack Vendor :STMicroelectronics X-CUBE-SFXS2LP1 4.0.0
2026-06-26 16:51:56,953 [INFO] ThirdParty:1030 - CMSIS Pack Vendor :STMicroelectronics X-CUBE-BLE2 3.3.0
2026-06-26 16:51:56,953 [INFO] ThirdParty:1030 - CMSIS Pack Vendor :STMicroelectronics X-CUBE-NFC13 1.0.0
2026-06-26 16:51:56,953 [INFO] ThirdParty:1030 - CMSIS Pack Vendor :STMicroelectronics PDM2PCM 3.2.0
2026-06-26 16:51:56,953 [INFO] ThirdParty:1030 - CMSIS Pack Vendor :STMicroelectronics X-CUBE-WB05N 2.1.0
2026-06-26 16:51:56,953 [INFO] ThirdParty:841 - exiting critical section [change project]
2026-06-26 16:51:57,236 [INFO] PinOutPanel:1499 - setPackage(No Configuration,No Configuration)
2026-06-26 16:51:57,237 [INFO] PinOutPanel:1499 - setPackage(STM32L476RGTx,LQFP64)
2026-06-26 16:51:57,719 [INFO] UtilMem:75 - Before build in PCC Used Memory: 381722424 Bytes (502267904)
2026-06-26 16:51:58,153 [INFO] UtilMem:75 - After build in PCC Used Memory: 338539200 Bytes (502267904)
2026-06-26 16:51:58,177 [INFO] IPUIPlugin:80 - create IPUIPlugin
2026-06-26 16:51:58,177 [INFO] IPUIPlugin:80 - create IPUIPlugin
2026-06-26 16:51:58,177 [INFO] IPUIPlugin:80 - create IPUIPlugin
2026-06-26 16:51:58,178 [INFO] IPUIPlugin:80 - create IPUIPlugin
2026-06-26 16:51:58,178 [INFO] IPUIPlugin:80 - create IPUIPlugin
2026-06-26 16:51:58,178 [INFO] IPUIPlugin:80 - create IPUIPlugin
2026-06-26 16:51:58,178 [INFO] IPUIPlugin:80 - create IPUIPlugin
2026-06-26 16:51:58,178 [INFO] IPUIPlugin:80 - create IPUIPlugin
2026-06-26 16:51:58,178 [INFO] IPUIPlugin:80 - create IPUIPlugin
2026-06-26 16:51:58,178 [INFO] IPUIPlugin:80 - create IPUIPlugin
2026-06-26 16:51:58,178 [INFO] IPUIPlugin:80 - create IPUIPlugin
2026-06-26 16:51:58,178 [INFO] IPUIPlugin:80 - create IPUIPlugin
2026-06-26 16:51:58,178 [INFO] IPUIPlugin:80 - create IPUIPlugin
2026-06-26 16:51:58,178 [INFO] IPUIPlugin:80 - create IPUIPlugin
2026-06-26 16:51:58,178 [INFO] IPUIPlugin:80 - create IPUIPlugin
2026-06-26 16:51:58,178 [INFO] IPUIPlugin:80 - create IPUIPlugin
2026-06-26 16:51:58,178 [INFO] IPUIPlugin:80 - create IPUIPlugin
2026-06-26 16:51:58,179 [INFO] IPUIPlugin:80 - create IPUIPlugin
2026-06-26 16:51:58,179 [INFO] IPUIPlugin:80 - create IPUIPlugin
2026-06-26 16:51:58,179 [INFO] IPUIPlugin:80 - create IPUIPlugin
2026-06-26 16:51:58,179 [INFO] IPUIPlugin:80 - create IPUIPlugin
2026-06-26 16:51:58,179 [INFO] IPUIPlugin:80 - create IPUIPlugin
2026-06-26 16:51:58,179 [INFO] IPUIPlugin:80 - create IPUIPlugin
2026-06-26 16:51:58,179 [INFO] IPUIPlugin:80 - create IPUIPlugin
2026-06-26 16:51:58,179 [INFO] IPUIPlugin:80 - create IPUIPlugin
2026-06-26 16:51:58,179 [INFO] IPUIPlugin:80 - create IPUIPlugin
2026-06-26 16:51:58,179 [INFO] IPUIPlugin:80 - create IPUIPlugin
2026-06-26 16:51:58,179 [INFO] IPUIPlugin:80 - create IPUIPlugin
2026-06-26 16:51:58,179 [INFO] IPUIPlugin:80 - create IPUIPlugin
2026-06-26 16:51:58,179 [INFO] IPUIPlugin:80 - create IPUIPlugin
2026-06-26 16:51:58,179 [INFO] IPUIPlugin:80 - create IPUIPlugin
2026-06-26 16:51:58,180 [INFO] IPUIPlugin:80 - create IPUIPlugin
2026-06-26 16:51:58,180 [INFO] IPUIPlugin:80 - create IPUIPlugin
2026-06-26 16:51:58,180 [INFO] IPUIPlugin:80 - create IPUIPlugin
2026-06-26 16:51:58,180 [INFO] IPUIPlugin:80 - create IPUIPlugin
2026-06-26 16:51:58,180 [INFO] IPUIPlugin:80 - create IPUIPlugin
2026-06-26 16:51:58,180 [INFO] IPUIPlugin:80 - create IPUIPlugin
2026-06-26 16:51:58,180 [INFO] IPUIPlugin:80 - create IPUIPlugin
2026-06-26 16:51:58,180 [INFO] IPUIPlugin:80 - create IPUIPlugin
2026-06-26 16:51:58,180 [INFO] IPUIPlugin:80 - create IPUIPlugin
2026-06-26 16:51:58,180 [INFO] IPUIPlugin:80 - create IPUIPlugin
2026-06-26 16:51:58,180 [INFO] IPUIPlugin:80 - create IPUIPlugin
2026-06-26 16:51:58,180 [INFO] IPUIPlugin:80 - create IPUIPlugin
2026-06-26 16:51:58,180 [INFO] IPUIPlugin:80 - create IPUIPlugin
2026-06-26 16:51:58,180 [INFO] IPUIPlugin:80 - create IPUIPlugin
2026-06-26 16:51:58,180 [INFO] IPUIPlugin:80 - create IPUIPlugin
2026-06-26 16:51:58,180 [INFO] IPUIPlugin:80 - create IPUIPlugin
2026-06-26 16:51:58,181 [INFO] IPUIPlugin:80 - create IPUIPlugin
2026-06-26 16:51:58,181 [INFO] IPUIPlugin:80 - create IPUIPlugin
2026-06-26 16:51:58,181 [INFO] IPUIPlugin:80 - create IPUIPlugin
2026-06-26 16:51:58,181 [INFO] IPUIPlugin:80 - create IPUIPlugin
2026-06-26 16:51:58,181 [INFO] IPUIPlugin:80 - create IPUIPlugin
2026-06-26 16:51:58,181 [INFO] IPUIPlugin:80 - create IPUIPlugin
2026-06-26 16:51:58,181 [INFO] IPUIPlugin:80 - create IPUIPlugin
2026-06-26 16:51:58,181 [INFO] IPUIPlugin:80 - create IPUIPlugin
2026-06-26 16:51:58,181 [INFO] IPUIPlugin:80 - create IPUIPlugin
2026-06-26 16:51:58,182 [INFO] IPUIPlugin:80 - create IPUIPlugin
2026-06-26 16:51:58,182 [INFO] IPUIPlugin:80 - create IPUIPlugin
2026-06-26 16:51:58,182 [INFO] IPUIPlugin:80 - create IPUIPlugin
2026-06-26 16:51:58,294 [INFO] CADModel:165 - CPN selected for project levelSTM32L476RGT6
2026-06-26 16:51:58,294 [INFO] CADModel:114 - Register for checkConnection events
2026-06-26 16:51:58,330 [INFO] OpenFileManager:328 - Restore cursor
2026-06-26 16:52:09,224 [INFO] ADCParametersView:116 -                Rank 1 : false
2026-06-26 16:52:09,302 [INFO] ADCParametersView:116 -                Rank 1 : false
2026-06-26 16:52:09,303 [INFO] ADCParametersView:116 -                Rank 1 : false
2026-06-26 16:52:09,303 [INFO] ADCParametersView:116 -                Rank 1 : false
2026-06-26 16:52:09,303 [INFO] ADCParametersView:116 -                Rank 1 : false
2026-06-26 16:52:09,303 [INFO] ADCParametersView:116 -                Rank 1 : false
2026-06-26 16:52:09,304 [INFO] ADCParametersView:116 -                Rank 1 : false
2026-06-26 16:52:09,304 [INFO] ADCParametersView:116 -                Rank 1 : false
2026-06-26 16:52:09,304 [INFO] ADCParametersView:116 -                Rank 1 : false
2026-06-26 16:52:09,304 [INFO] ADCParametersView:116 -                Rank 1 : false
2026-06-26 16:52:09,304 [INFO] ADCParametersView:116 -                Rank 1 : false
2026-06-26 16:52:09,304 [INFO] ADCParametersView:116 -                Rank 1 : false
2026-06-26 16:52:09,304 [INFO] ADCParametersView:116 -                Rank 1 : false
2026-06-26 16:52:09,304 [INFO] ADCParametersView:116 -                Rank 1 : false
2026-06-26 16:52:09,305 [INFO] ADCParametersView:116 -                Rank 1 : false
2026-06-26 16:52:09,305 [INFO] ADCParametersView:116 -                Rank 1 : false
2026-06-26 16:52:09,305 [INFO] ADCParametersView:116 -                Rank 1 : false
2026-06-26 16:52:09,305 [INFO] ADCParametersView:116 -                Rank 1 : false
2026-06-26 16:52:09,305 [INFO] ADCParametersView:116 -                Rank 1 : false
2026-06-26 16:52:09,305 [INFO] ADCParametersView:116 -                Rank 1 : false
2026-06-26 16:52:09,305 [INFO] ADCParametersView:116 -                Rank 1 : false
2026-06-26 16:52:09,341 [INFO] ADCParametersView:116 -                Rank 1 : false
2026-06-26 16:52:12,915 [ERROR] LogOutputStream:75 - [STDERR_REDIRECT] SLF4J: Failed to load class "org.slf4j.impl.StaticLoggerBinder".
2026-06-26 16:52:12,916 [ERROR] LogOutputStream:75 - [STDERR_REDIRECT] SLF4J: Defaulting to no-operation (NOP) logger implementation
2026-06-26 16:52:12,916 [ERROR] LogOutputStream:75 - [STDERR_REDIRECT] SLF4J: See http://www.slf4j.org/codes.html#StaticLoggerBinder for further details.
2026-06-26 17:01:09,688 [ERROR] LogOutputStream:75 - [STDERR_REDIRECT] 
