2026-06-29 19:22:19,741 [INFO] Activator:176 - 


2026-06-29 19:22:19,744 [INFO] Activator:177 - !SESSION log4j initialized
2026-06-29 19:22:23,968 [INFO] LogOutputStream:77 - [STDOUT_REDIRECT] 
2026-06-29 19:22:24,848 [INFO] ApplicationProperties:184 - Using Application install path: /opt/st/stm32cubeide_1.13.2_2/plugins/com.st.stm32cube.common.mx_6.9.2.202309101412
2026-06-29 19:22:24,859 [INFO] DbMcusXml:78 - Set database path to: /opt/st/stm32cubeide_1.13.2_2/plugins/com.st.stm32cube.common.mx_6.9.2.202309101412//db//mcu/
2026-06-29 19:22:24,859 [INFO] ApiDb:274 - Set plugin database path to: /opt/st/stm32cubeide_1.13.2_2/plugins/com.st.stm32cube.common.mx_6.9.2.202309101412//db//plugins/boardmanager/
2026-06-29 19:22:24,859 [WARN] ApiDb:259 - Overriding images path with different value:  => /opt/st/stm32cubeide_1.13.2_2/plugins/com.st.stm32cube.common.mx_6.9.2.202309101412//db//plugins/mcufinder/images/
2026-06-29 19:22:24,867 [INFO] ApiDb:250 - Set database path to: /home/papijou/.stmcufinder/plugins/mcufinder//mcu/
2026-06-29 19:22:24,868 [INFO] DbMcusAds:125 - Set database path to: /home/papijou/.stmcufinder/plugins/mcufinder//mcu/
2026-06-29 19:22:24,869 [INFO] CrossReferenceDbSqlite:203 - Set database path to: /home/papijou/.stmcufinder/plugins/mcufinder//mcu/cs/
2026-06-29 19:22:24,925 [INFO] RulesReader:64 - Compatibility file has been processed (293 Rules)
2026-06-29 19:22:24,968 [INFO] DbMcusXml:78 - Set database path to: /opt/st/stm32cubeide_1.13.2_2/plugins/com.st.stm32cube.common.mx_6.9.2.202309101412//db//mcu/
2026-06-29 19:22:24,969 [INFO] ApiDb:274 - Set plugin database path to: /opt/st/stm32cubeide_1.13.2_2/plugins/com.st.stm32cube.common.mx_6.9.2.202309101412//db//plugins/boardmanager/
2026-06-29 19:22:24,969 [INFO] ApiDb:261 - Set plugin images path to: /opt/st/stm32cubeide_1.13.2_2/plugins/com.st.stm32cube.common.mx_6.9.2.202309101412//db//plugins/mcufinder/images/
2026-06-29 19:22:24,969 [WARN] DbFile:41 - Overriding database path with different value: /home/papijou/.stmcufinder/plugins/mcufinder/ => /home/papijou/.stmcufinder/plugins/mcufinder
2026-06-29 19:22:24,969 [INFO] ApiDb:250 - Set database path to: /home/papijou/.stmcufinder/plugins/mcufinder//mcu/
2026-06-29 19:22:24,969 [WARN] DbFile:41 - Overriding database path with different value: /home/papijou/.stmcufinder/plugins/mcufinder/ => /home/papijou/.stmcufinder/plugins/mcufinder
2026-06-29 19:22:24,969 [INFO] DbMcusAds:125 - Set database path to: /home/papijou/.stmcufinder/plugins/mcufinder//mcu/
2026-06-29 19:22:24,969 [WARN] DbFile:41 - Overriding database path with different value: /home/papijou/.stmcufinder/plugins/mcufinder/ => /home/papijou/.stmcufinder/plugins/mcufinder
2026-06-29 19:22:24,969 [WARN] DbFile:41 - Overriding database path with different value: /home/papijou/.stmcufinder/plugins/mcufinder/ => /home/papijou/.stmcufinder/plugins/mcufinder
2026-06-29 19:22:24,969 [INFO] CrossReferenceDbSqlite:203 - Set database path to: /home/papijou/.stmcufinder/plugins/mcufinder//mcu/cs/
2026-06-29 19:22:25,023 [INFO] MainPanel:262 - HeapMemory: 268435456
2026-06-29 19:22:25,073 [INFO] DbMcusXml:78 - Set database path to: /opt/st/stm32cubeide_1.13.2_2/plugins/com.st.stm32cube.common.mx_6.9.2.202309101412//db//mcu/
2026-06-29 19:22:25,073 [INFO] ApiDb:274 - Set plugin database path to: /opt/st/stm32cubeide_1.13.2_2/plugins/com.st.stm32cube.common.mx_6.9.2.202309101412//db//plugins/boardmanager/
2026-06-29 19:22:25,073 [INFO] ApiDb:261 - Set plugin images path to: /opt/st/stm32cubeide_1.13.2_2/plugins/com.st.stm32cube.common.mx_6.9.2.202309101412//db//plugins/mcufinder/images/
2026-06-29 19:22:25,073 [WARN] DbFile:41 - Overriding database path with different value: /home/papijou/.stmcufinder/plugins/mcufinder/ => /home/papijou/.stmcufinder/plugins/mcufinder
2026-06-29 19:22:25,074 [INFO] ApiDb:250 - Set database path to: /home/papijou/.stmcufinder/plugins/mcufinder//mcu/
2026-06-29 19:22:25,074 [WARN] DbFile:41 - Overriding database path with different value: /home/papijou/.stmcufinder/plugins/mcufinder/ => /home/papijou/.stmcufinder/plugins/mcufinder
2026-06-29 19:22:25,074 [INFO] DbMcusAds:125 - Set database path to: /home/papijou/.stmcufinder/plugins/mcufinder//mcu/
2026-06-29 19:22:25,074 [WARN] DbFile:41 - Overriding database path with different value: /home/papijou/.stmcufinder/plugins/mcufinder/ => /home/papijou/.stmcufinder/plugins/mcufinder
2026-06-29 19:22:25,074 [WARN] DbFile:41 - Overriding database path with different value: /home/papijou/.stmcufinder/plugins/mcufinder/ => /home/papijou/.stmcufinder/plugins/mcufinder
2026-06-29 19:22:25,074 [INFO] CrossReferenceDbSqlite:203 - Set database path to: /home/papijou/.stmcufinder/plugins/mcufinder//mcu/cs/
2026-06-29 19:22:25,085 [INFO] ApplicationProperties:184 - Using Application install path: /opt/st/stm32cubeide_1.13.2_2/plugins/com.st.stm32cube.common.mx_6.9.2.202309101412
2026-06-29 19:22:25,086 [INFO] PluginManage:196 - Search for loadable plugins [exclusion list=, ]
2026-06-29 19:22:25,087 [INFO] PluginManage:310 - Check plugin analytics
2026-06-29 19:22:25,190 [INFO] AnalyticsPlugin:253 - Accepted Software Licenses: 
2026-06-29 19:22:25,190 [INFO] AnalyticsPlugin:255 - Accepted CMSIS Pack Licenses: 
2026-06-29 19:22:25,191 [INFO] AnalyticsPlugin:257 - Accepted Firmware Licenses: FW.L4.1.18.0
2026-06-29 19:22:25,192 [INFO] PluginManage:359 - Loaded plugin analytics (category:tool,tabindex:-1)
2026-06-29 19:22:25,193 [INFO] PluginManage:310 - Check plugin cadmodel
2026-06-29 19:22:25,263 [INFO] CADModel:105 - Init CAD model plugin
2026-06-29 19:22:25,264 [INFO] PluginManage:359 - Loaded plugin cadmodel (category:power,tabindex:5)
2026-06-29 19:22:25,264 [INFO] PluginManage:310 - Check plugin clock
2026-06-29 19:22:25,272 [INFO] PluginManage:359 - Loaded plugin clock (category:base,tabindex:2)
2026-06-29 19:22:25,272 [INFO] PluginManage:310 - Check plugin ddr
2026-06-29 19:22:25,274 [INFO] PluginManage:359 - Loaded plugin ddr (category:tool,tabindex:6)
2026-06-29 19:22:25,274 [INFO] PluginManage:310 - Check plugin filemanager
2026-06-29 19:22:25,337 [INFO] PluginManage:359 - Loaded plugin filemanager (category:base,tabindex:10)
2026-06-29 19:22:25,337 [INFO] PluginManage:310 - Check plugin ipmanager
2026-06-29 19:22:25,340 [INFO] PluginManage:359 - Loaded plugin ipmanager (category:base,tabindex:5)
2026-06-29 19:22:25,340 [INFO] PluginManage:310 - Check plugin lpbam
2026-06-29 19:22:25,345 [INFO] PluginManage:359 - Loaded plugin lpbam (category:base,tabindex:0)
2026-06-29 19:22:25,345 [INFO] PluginManage:310 - Check plugin memorymap
2026-06-29 19:22:25,351 [INFO] PluginManage:359 - Loaded plugin memorymap (category:base,tabindex:4)
2026-06-29 19:22:25,351 [INFO] PluginManage:310 - Check plugin pinoutandconfiguration
2026-06-29 19:22:25,355 [INFO] PluginManage:359 - Loaded plugin pinoutandconfiguration (category:base,tabindex:1)
2026-06-29 19:22:25,355 [INFO] PluginManage:310 - Check plugin pinoutconfig
2026-06-29 19:22:25,398 [WARN] SupportedApi:132 - Cannot load RTOS API schema: s4s-elt-must-match.1: The content of 'definitions' must match (annotation?, (simpleType | complexType)?, (unique | key | keyref)*)). A problem was found starting at: attribute.
2026-06-29 19:22:25,465 [INFO] PluginManage:359 - Loaded plugin pinoutconfig (category:base,tabindex:0)
2026-06-29 19:22:25,465 [INFO] PluginManage:310 - Check plugin power
2026-06-29 19:22:25,471 [INFO] PluginManage:359 - Loaded plugin power (category:power,tabindex:4)
2026-06-29 19:22:25,471 [INFO] PluginManage:310 - Check plugin projectmanager
2026-06-29 19:22:25,479 [INFO] PluginManage:359 - Loaded plugin projectmanager (category:projectmanager,tabindex:3)
2026-06-29 19:22:25,479 [INFO] PluginManage:310 - Check plugin thirdparty
2026-06-29 19:22:25,551 [INFO] PluginManage:359 - Loaded plugin thirdparty (category:base,tabindex:-1)
2026-06-29 19:22:25,551 [WARN] IntegrityCheckThread:84 - waiting for thirdparty lock release [integrity check]
2026-06-29 19:22:25,551 [INFO] PluginManage:310 - Check plugin tools
2026-06-29 19:22:25,551 [INFO] IntegrityCheckThread:86 - entering critical section [integrity check]
2026-06-29 19:22:25,551 [INFO] ThirdPartyUpdaterWithRetryManager:70 - Updater plugin not ready yet. [1/15]
2026-06-29 19:22:25,552 [INFO] PluginManage:359 - Loaded plugin tools (category:base,tabindex:7)
2026-06-29 19:22:25,552 [INFO] PluginManage:310 - Check plugin tutovideos
2026-06-29 19:22:25,648 [INFO] PluginManage:359 - Loaded plugin tutovideos (category:base,tabindex:-1)
2026-06-29 19:22:25,648 [INFO] PluginManage:310 - Check plugin updater
2026-06-29 19:22:25,656 [INFO] PluginManage:359 - Loaded plugin updater (category:base,tabindex:12)
2026-06-29 19:22:25,656 [INFO] PluginManage:310 - Check plugin userauth
2026-06-29 19:22:25,660 [INFO] UserAuth:113 - Init User Auth plugin
2026-06-29 19:22:25,660 [INFO] PluginManage:359 - Loaded plugin userauth (category:base,tabindex:14)
2026-06-29 19:22:25,660 [INFO] PluginManage:283 - PluginManage : Loaded plugins [17]
2026-06-29 19:22:25,770 [INFO] PinOutPanel:1499 - setPackage(No Configuration,No Configuration)
2026-06-29 19:22:25,826 [INFO] CADModel:165 - CPN selected for project level
2026-06-29 19:22:25,827 [INFO] CADModel:114 - Register for checkConnection events
2026-06-29 19:22:25,836 [INFO] IPUIPlugin:80 - create IPUIPlugin
2026-06-29 19:22:25,836 [INFO] PluginManager:220 - loadIPPluginJar : add can
2026-06-29 19:22:25,838 [INFO] IPUIPlugin:80 - create IPUIPlugin
2026-06-29 19:22:25,839 [INFO] PluginManager:220 - loadIPPluginJar : add gic
2026-06-29 19:22:25,840 [INFO] IPUIPlugin:80 - create IPUIPlugin
2026-06-29 19:22:25,840 [INFO] PluginManager:220 - loadIPPluginJar : add quadspi
2026-06-29 19:22:25,842 [INFO] IPUIPlugin:80 - create IPUIPlugin
2026-06-29 19:22:25,842 [INFO] PluginManager:220 - loadIPPluginJar : add sai
2026-06-29 19:22:25,843 [INFO] IPUIPlugin:80 - create IPUIPlugin
2026-06-29 19:22:25,843 [INFO] PluginManager:220 - loadIPPluginJar : add comp
2026-06-29 19:22:25,847 [INFO] IPUIPlugin:80 - create IPUIPlugin
2026-06-29 19:22:25,847 [INFO] PluginManager:220 - loadIPPluginJar : add fmc
2026-06-29 19:22:25,848 [INFO] IPUIPlugin:80 - create IPUIPlugin
2026-06-29 19:22:25,848 [INFO] PluginManager:220 - loadIPPluginJar : add spi
2026-06-29 19:22:25,850 [INFO] IPUIPlugin:80 - create IPUIPlugin
2026-06-29 19:22:25,850 [INFO] PluginManager:220 - loadIPPluginJar : add nvic
2026-06-29 19:22:25,852 [INFO] IPUIPlugin:80 - create IPUIPlugin
2026-06-29 19:22:25,852 [INFO] PluginManager:220 - loadIPPluginJar : add usbx
2026-06-29 19:22:25,852 [INFO] IPUIPlugin:80 - create IPUIPlugin
2026-06-29 19:22:25,852 [INFO] PluginManager:220 - loadIPPluginJar : add ucpd
2026-06-29 19:22:25,854 [INFO] IPUIPlugin:80 - create IPUIPlugin
2026-06-29 19:22:25,854 [INFO] PluginManager:220 - loadIPPluginJar : add lorawan
2026-06-29 19:22:25,855 [INFO] IPUIPlugin:80 - create IPUIPlugin
2026-06-29 19:22:25,855 [INFO] PluginManager:220 - loadIPPluginJar : add hash
2026-06-29 19:22:25,856 [INFO] IPUIPlugin:80 - create IPUIPlugin
2026-06-29 19:22:25,856 [INFO] PluginManager:220 - loadIPPluginJar : add ltdc
2026-06-29 19:22:25,857 [INFO] IPUIPlugin:80 - create IPUIPlugin
2026-06-29 19:22:25,857 [INFO] PluginManager:220 - loadIPPluginJar : add tim
2026-06-29 19:22:25,866 [INFO] IPUIPlugin:80 - create IPUIPlugin
2026-06-29 19:22:25,866 [INFO] PluginManager:220 - loadIPPluginJar : add usart
2026-06-29 19:22:25,870 [INFO] IPUIPlugin:80 - create IPUIPlugin
2026-06-29 19:22:25,871 [INFO] PluginManager:220 - loadIPPluginJar : add plateformsettings
2026-06-29 19:22:25,872 [INFO] IPUIPlugin:80 - create IPUIPlugin
2026-06-29 19:22:25,872 [INFO] PluginManager:220 - loadIPPluginJar : add aes
2026-06-29 19:22:25,873 [INFO] IPUIPlugin:80 - create IPUIPlugin
2026-06-29 19:22:25,873 [INFO] PluginManager:220 - loadIPPluginJar : add opamp
2026-06-29 19:22:25,875 [INFO] IPUIPlugin:80 - create IPUIPlugin
2026-06-29 19:22:25,875 [INFO] PluginManager:220 - loadIPPluginJar : add dma3
2026-06-29 19:22:25,882 [INFO] IPUIPlugin:80 - create IPUIPlugin
2026-06-29 19:22:25,882 [INFO] PluginManager:220 - loadIPPluginJar : add linkedlist
2026-06-29 19:22:25,884 [INFO] IPUIPlugin:80 - create IPUIPlugin
2026-06-29 19:22:25,884 [INFO] PluginManager:220 - loadIPPluginJar : add i3c
2026-06-29 19:22:25,887 [INFO] IPUIPlugin:80 - create IPUIPlugin
2026-06-29 19:22:25,887 [INFO] PluginManager:220 - loadIPPluginJar : add mdma
2026-06-29 19:22:25,888 [INFO] IPUIPlugin:80 - create IPUIPlugin
2026-06-29 19:22:25,888 [INFO] PluginManager:220 - loadIPPluginJar : add i2c
2026-06-29 19:22:25,890 [INFO] IPUIPlugin:80 - create IPUIPlugin
2026-06-29 19:22:25,890 [INFO] PluginManager:220 - loadIPPluginJar : add ipddr
2026-06-29 19:22:25,891 [INFO] IPUIPlugin:80 - create IPUIPlugin
2026-06-29 19:22:25,891 [INFO] PluginManager:220 - loadIPPluginJar : add fatfs
2026-06-29 19:22:25,892 [INFO] IPUIPlugin:80 - create IPUIPlugin
2026-06-29 19:22:25,892 [INFO] PluginManager:220 - loadIPPluginJar : add gfxmmu
2026-06-29 19:22:25,893 [INFO] IPUIPlugin:80 - create IPUIPlugin
2026-06-29 19:22:25,893 [INFO] PluginManager:220 - loadIPPluginJar : add tsc
2026-06-29 19:22:25,895 [INFO] IPUIPlugin:80 - create IPUIPlugin
2026-06-29 19:22:25,895 [INFO] PluginManager:220 - loadIPPluginJar : add stm32_wpan
2026-06-29 19:22:25,896 [INFO] IPUIPlugin:80 - create IPUIPlugin
2026-06-29 19:22:25,896 [INFO] PluginManager:220 - loadIPPluginJar : add genericplugin
2026-06-29 19:22:25,897 [INFO] IPUIPlugin:80 - create IPUIPlugin
2026-06-29 19:22:25,898 [INFO] PluginManager:220 - loadIPPluginJar : add i2s
2026-06-29 19:22:25,900 [INFO] IPUIPlugin:80 - create IPUIPlugin
2026-06-29 19:22:25,901 [INFO] PluginManager:220 - loadIPPluginJar : add adc
2026-06-29 19:22:25,904 [INFO] IPUIPlugin:80 - create IPUIPlugin
2026-06-29 19:22:25,904 [INFO] PluginManager:220 - loadIPPluginJar : add freertos
2026-06-29 19:22:25,907 [INFO] IPUIPlugin:80 - create IPUIPlugin
2026-06-29 19:22:25,907 [INFO] PluginManager:220 - loadIPPluginJar : add dma
2026-06-29 19:22:25,908 [INFO] IPUIPlugin:80 - create IPUIPlugin
2026-06-29 19:22:25,908 [INFO] PluginManager:220 - loadIPPluginJar : add cryp
2026-06-29 19:22:25,910 [INFO] IPUIPlugin:80 - create IPUIPlugin
2026-06-29 19:22:25,910 [INFO] PluginManager:220 - loadIPPluginJar : add touchsensing
2026-06-29 19:22:25,912 [INFO] IPUIPlugin:80 - create IPUIPlugin
2026-06-29 19:22:25,913 [INFO] PluginManager:220 - loadIPPluginJar : add gpio
2026-06-29 19:22:25,914 [INFO] IPUIPlugin:80 - create IPUIPlugin
2026-06-29 19:22:25,914 [INFO] PluginManager:220 - loadIPPluginJar : add openamp
2026-06-29 19:22:25,916 [INFO] IPUIPlugin:80 - create IPUIPlugin
2026-06-29 19:22:25,916 [INFO] PluginManager:220 - loadIPPluginJar : add gtzc
2026-06-29 19:22:25,917 [INFO] IPUIPlugin:80 - create IPUIPlugin
2026-06-29 19:22:25,917 [INFO] PluginManager:220 - loadIPPluginJar : add tracer_emb
2026-06-29 19:22:25,918 [INFO] IPUIPlugin:80 - create IPUIPlugin
2026-06-29 19:22:25,918 [INFO] PluginManager:220 - loadIPPluginJar : add dfsdm
2026-06-29 19:22:25,919 [INFO] IPUIPlugin:80 - create IPUIPlugin
2026-06-29 19:22:25,919 [INFO] PluginManager:220 - loadIPPluginJar : add ts
2026-06-29 19:22:25,921 [INFO] IPUIPlugin:80 - create IPUIPlugin
2026-06-29 19:22:25,921 [INFO] PluginManager:220 - loadIPPluginJar : add resmgrutility
2026-06-29 19:22:25,923 [INFO] IPUIPlugin:80 - create IPUIPlugin
2026-06-29 19:22:25,923 [INFO] PluginManager:220 - loadIPPluginJar : add pdm2pcm
2026-06-29 19:22:26,014 [INFO] CADModel:165 - CPN selected for project level
2026-06-29 19:22:26,015 [INFO] CADModel:114 - Register for checkConnection events
2026-06-29 19:22:26,015 [FATAL] Updater:308 - Updater called before beeing initialized
2026-06-29 19:22:26,015 [ERROR] CADModel:125 - Updater not yet initialized, retry later 
2026-06-29 19:22:26,093 [INFO] CADModel:165 - CPN selected for project level
2026-06-29 19:22:26,093 [INFO] CADModel:114 - Register for checkConnection events
2026-06-29 19:22:26,093 [FATAL] Updater:308 - Updater called before beeing initialized
2026-06-29 19:22:26,093 [ERROR] CADModel:125 - Updater not yet initialized, retry later 
2026-06-29 19:22:26,096 [FATAL] Updater:308 - Updater called before beeing initialized
2026-06-29 19:22:26,145 [FATAL] Updater:308 - Updater called before beeing initialized
2026-06-29 19:22:26,149 [INFO] DbMcusAds:53 - JSON generation date=Thu May 28 12:08:16 CLT 2026 (1779984496303)
2026-06-29 19:22:26,149 [FATAL] Updater:308 - Updater called before beeing initialized
2026-06-29 19:22:26,169 [WARN] DetailPanel:346 - Failed to get advertising image, set to default
2026-06-29 19:22:26,265 [FATAL] Updater:308 - Updater called before beeing initialized
2026-06-29 19:22:26,267 [FATAL] Updater:308 - Updater called before beeing initialized
2026-06-29 19:22:26,268 [FATAL] Updater:308 - Updater called before beeing initialized
2026-06-29 19:22:26,268 [WARN] DetailPanel:346 - Failed to get advertising image, set to default
2026-06-29 19:22:26,269 [FATAL] Updater:308 - Updater called before beeing initialized
2026-06-29 19:22:26,290 [ERROR] Updater:1120 - MainUpdater not yet initialized. External WinMGr cannot be set.
2026-06-29 19:22:26,291 [INFO] Updater:1056 - Updater Version found : 6.9.2
2026-06-29 19:22:26,303 [INFO] ApplicationProperties:184 - Using Application install path: /opt/st/stm32cubeide_1.13.2_2/plugins/com.st.stm32cube.common.mx_6.9.2.202309101412
2026-06-29 19:22:27,257 [INFO] MainUpdater:2868 - connection check result : 10
2026-06-29 19:22:27,258 [INFO] MainUpdater:3562 - Updater definition file requires update
2026-06-29 19:22:27,258 [INFO] MainUpdater:285 - Updater Check For Update Now.
2026-06-29 19:22:27,258 [INFO] MicroXplorer:498 - Change Database Version : DB.6.0.92
2026-06-29 19:22:27,264 [INFO] McuFinderGlobals:63 - Set McuFinder mode to 2 (CubeIDE integrated)
2026-06-29 19:22:27,265 [INFO] UserAuth:179 - activating auth plugin
2026-06-29 19:22:27,267 [INFO] UserAuth:393 - Internet connection configuration mode: 1
2026-06-29 19:22:27,276 [INFO] JxBrowserEngine:151 - Initiate JxBrowser Engine with user profile folder
2026-06-29 19:22:27,359 [INFO] ServerAccessManage:473 - Download File updaters.zip
2026-06-29 19:22:27,418 [INFO] FileExtend:240 - Unzip File : updaters.zip
2026-06-29 19:22:27,419 [INFO] FileExtend:255 - Standard Zip Deflate
2026-06-29 19:22:27,665 [INFO] ServerAccessManage:473 - Download File PacksControlFlags.xml
2026-06-29 19:22:27,767 [INFO] ServerAccessManage:473 - Download File cubemx.pidx
2026-06-29 19:22:27,895 [INFO] WebApp:157 - Instantiating new browser for Auth
2026-06-29 19:22:28,382 [INFO] ServerAccessManage:473 - Download File STMicroelectronics.X-CUBE-FREERTOS.pdsc
2026-06-29 19:22:28,398 [INFO] WebApp:753 - Register for checkConnection events
2026-06-29 19:22:28,398 [INFO] WebApp:390 - Apply proxy settings
2026-06-29 19:22:28,398 [INFO] WebApp:475 - Chromium requires no authentication
2026-06-29 19:22:28,401 [INFO] WebApp:418 - Direct internet connection detected
2026-06-29 19:22:28,478 [INFO] WebApp:188 - Starting web application
2026-06-29 19:22:28,478 [INFO] WebApp:520 - Web application path used /opt/st/stm32cubeide_1.13.2_2/plugins/com.st.stm32cube.common.mx_6.9.2.202309101412/db/plugins/mcufinder/reactClient1/index.html
2026-06-29 19:22:28,552 [WARN] MainUpdater:1189 - Updater busy. Cannot search thirdparties
2026-06-29 19:22:28,552 [INFO] ThirdPartyUpdaterWithRetryManager:96 - Updater plugin is busy. [1/15]
2026-06-29 19:22:30,841 [INFO] ServerAccessManage:473 - Download File STMicroelectronics.X-CUBE-TOUCHGFX.pdsc
2026-06-29 19:22:31,553 [WARN] MainUpdater:1189 - Updater busy. Cannot search thirdparties
2026-06-29 19:22:31,554 [INFO] ThirdPartyUpdaterWithRetryManager:96 - Updater plugin is busy. [2/15]
2026-06-29 19:22:34,554 [WARN] MainUpdater:1189 - Updater busy. Cannot search thirdparties
2026-06-29 19:22:34,555 [INFO] ThirdPartyUpdaterWithRetryManager:96 - Updater plugin is busy. [3/15]
2026-06-29 19:22:37,555 [WARN] MainUpdater:1189 - Updater busy. Cannot search thirdparties
2026-06-29 19:22:37,555 [INFO] ThirdPartyUpdaterWithRetryManager:96 - Updater plugin is busy. [4/15]
2026-06-29 19:22:40,556 [WARN] MainUpdater:1189 - Updater busy. Cannot search thirdparties
2026-06-29 19:22:40,556 [INFO] ThirdPartyUpdaterWithRetryManager:96 - Updater plugin is busy. [5/15]
2026-06-29 19:22:43,556 [WARN] MainUpdater:1189 - Updater busy. Cannot search thirdparties
2026-06-29 19:22:43,557 [INFO] ThirdPartyUpdaterWithRetryManager:96 - Updater plugin is busy. [6/15]
2026-06-29 19:22:46,557 [WARN] MainUpdater:1189 - Updater busy. Cannot search thirdparties
2026-06-29 19:22:46,557 [INFO] ThirdPartyUpdaterWithRetryManager:96 - Updater plugin is busy. [7/15]
2026-06-29 19:22:48,780 [ERROR] LogOutputStream:75 - [STDERR_REDIRECT] SLF4J: Failed to load class "org.slf4j.impl.StaticLoggerBinder".
2026-06-29 19:22:48,781 [ERROR] LogOutputStream:75 - [STDERR_REDIRECT] SLF4J: Defaulting to no-operation (NOP) logger implementation
2026-06-29 19:22:48,781 [ERROR] LogOutputStream:75 - [STDERR_REDIRECT] SLF4J: See http://www.slf4j.org/codes.html#StaticLoggerBinder for further details.
2026-06-29 19:22:49,557 [WARN] MainUpdater:1189 - Updater busy. Cannot search thirdparties
2026-06-29 19:22:49,558 [INFO] ThirdPartyUpdaterWithRetryManager:96 - Updater plugin is busy. [8/15]
2026-06-29 19:22:52,558 [WARN] MainUpdater:1189 - Updater busy. Cannot search thirdparties
2026-06-29 19:22:52,558 [INFO] ThirdPartyUpdaterWithRetryManager:96 - Updater plugin is busy. [9/15]
2026-06-29 19:22:55,558 [WARN] MainUpdater:1189 - Updater busy. Cannot search thirdparties
2026-06-29 19:22:55,559 [INFO] ThirdPartyUpdaterWithRetryManager:96 - Updater plugin is busy. [10/15]
2026-06-29 19:22:58,559 [WARN] MainUpdater:1189 - Updater busy. Cannot search thirdparties
2026-06-29 19:22:58,559 [INFO] ThirdPartyUpdaterWithRetryManager:96 - Updater plugin is busy. [11/15]
2026-06-29 19:22:58,698 [INFO] ServerAccessManage:473 - Download File STMicroelectronics.X-CUBE-AZRTOS-H7RS.pdsc
2026-06-29 19:23:00,282 [INFO] ServerAccessManage:473 - Download File STMicroelectronics.X-CUBE-WBA.pdsc
2026-06-29 19:23:01,559 [WARN] MainUpdater:1189 - Updater busy. Cannot search thirdparties
2026-06-29 19:23:01,560 [INFO] ThirdPartyUpdaterWithRetryManager:96 - Updater plugin is busy. [12/15]
2026-06-29 19:23:03,938 [INFO] ServerAccessManage:473 - Download File WES.I-CUBE-Cesium.pdsc
2026-06-29 19:23:04,560 [WARN] MainUpdater:1189 - Updater busy. Cannot search thirdparties
2026-06-29 19:23:04,560 [INFO] ThirdPartyUpdaterWithRetryManager:96 - Updater plugin is busy. [13/15]
2026-06-29 19:23:05,163 [ERROR] ServerAccessManage:1089 - Problem, file not found on Server
2026-06-29 19:23:05,465 [ERROR] ServerAccessManage:1089 - Problem, file not found on Server
2026-06-29 19:23:05,538 [WARN] PopulateThirdPartyThread:106 - Error when creating pack: /home/papijou/.stm32cubemx/thirdparties/pdsc/STMicroelectronics.X-CUBE-FREERTOS.pdsc
2026-06-29 19:23:05,551 [WARN] PackLoader:240 - Cannot read IP mode file for STMicroelectronics.X-CUBE-TOUCHGFX.4.26.1
2026-06-29 19:23:05,572 [WARN] PackLoader:240 - Cannot read IP mode file for STMicroelectronics.X-CUBE-AZRTOS-H7RS.1.3.0
2026-06-29 19:23:05,578 [WARN] PopulateThirdPartyThread:106 - Error when creating pack: /home/papijou/.stm32cubemx/thirdparties/pdsc/STMicroelectronics.X-CUBE-WBA.pdsc
2026-06-29 19:23:05,580 [WARN] PopulateThirdPartyThread:106 - Error when creating pack: /home/papijou/.stm32cubemx/thirdparties/pdsc/WES.I-CUBE-Cesium.pdsc
2026-06-29 19:23:05,580 [INFO] PopulateThirdPartyThread:66 - Ending populate Thread
2026-06-29 19:23:05,581 [INFO] ThirdParty:1030 - CMSIS Pack Vendor :STMicroelectronics X-CUBE-AZRTOS-H7RS 1.3.0
2026-06-29 19:23:05,581 [INFO] ThirdParty:1030 - CMSIS Pack Vendor :STMicroelectronics X-CUBE-TOUCHGFX 4.26.1
2026-06-29 19:23:05,582 [INFO] LoadServerUpdatesThread:373 - End of LoadServerUpdate Thread
2026-06-29 19:23:05,680 [INFO] CheckServerUpdateThread:120 - End of CheckServer Thread
2026-06-29 19:23:07,637 [WARN] PackLoader:240 - Cannot read IP mode file for STMicroelectronics.X-CUBE-AZRTOS-H7.3.5.0
2026-06-29 19:23:07,641 [ERROR] Engine:466 - /home/papijou/.stm32cubemx/thirdparties/pdsc/STMicroelectronics.X-CUBE-SMBUS.2.1.1.pdsc: PDSC version is not supported
2026-06-29 19:23:07,648 [WARN] PackLoader:240 - Cannot read IP mode file for STMicroelectronics.X-CUBE-AZRTOS-F7.1.1.0
2026-06-29 19:23:07,652 [ERROR] Engine:466 - /home/papijou/.stm32cubemx/thirdparties/pdsc/STMicroelectronics.X-CUBE-FREERTOS.1.6.0.pdsc: PDSC version is not supported
2026-06-29 19:23:07,660 [WARN] PackLoader:240 - Cannot read IP mode file for STMicroelectronics.X-CUBE-AZRTOS-H7RS.1.3.0
2026-06-29 19:23:07,663 [ERROR] Engine:466 - /home/papijou/.stm32cubemx/thirdparties/pdsc/WES.I-CUBE-Cesium.1.4.0.pdsc: PDSC version is not supported
2026-06-29 19:23:07,667 [WARN] PackLoader:240 - Cannot read IP mode file for STMicroelectronics.X-CUBE-DISPLAY.3.0.0
2026-06-29 19:23:07,674 [WARN] PackLoader:240 - Cannot read IP mode file for STMicroelectronics.X-CUBE-GNSS1.7.1.1
2026-06-29 19:23:07,677 [WARN] PackLoader:240 - Cannot read IP mode file for wolfSSL.I-CUBE-wolfSSL.5.9.1
2026-06-29 19:23:07,680 [WARN] PackLoader:240 - Cannot read IP mode file for STMicroelectronics.X-CUBE-NFC10.1.0.0
2026-06-29 19:23:07,682 [ERROR] Engine:466 - /home/papijou/.stm32cubemx/thirdparties/pdsc/STMicroelectronics.X-CUBE-ST60.1.1.0.pdsc: PDSC version is not supported
2026-06-29 19:23:07,685 [WARN] PackLoader:240 - Cannot read IP mode file for emotas.I-CUBE-CANOPEN.1.3.0
2026-06-29 19:23:07,686 [ERROR] Engine:466 - /home/papijou/.stm32cubemx/thirdparties/pdsc/STMicroelectronics.X-CUBE-WBA.1.1.0.pdsc: PDSC version is not supported
2026-06-29 19:23:07,690 [INFO] LogOutputStream:77 - [STDOUT_REDIRECT] 1 : Invalid condition id : UX_CORESTACK_Condition cause : null
2026-06-29 19:23:07,691 [INFO] LogOutputStream:77 - [STDOUT_REDIRECT] 1 : Invalid condition id : UX_CORESTACK_Condition cause : null
2026-06-29 19:23:07,691 [INFO] LogOutputStream:77 - [STDOUT_REDIRECT] 1 : Invalid condition id : UX_CORESTACK_Condition cause : null
2026-06-29 19:23:07,691 [INFO] LogOutputStream:77 - [STDOUT_REDIRECT] 1 : Invalid condition id : UX_CORESTACK_Condition cause : null
2026-06-29 19:23:07,691 [INFO] LogOutputStream:77 - [STDOUT_REDIRECT] 1 : Invalid condition id : UX_CORESTACK_Condition cause : null
2026-06-29 19:23:07,692 [WARN] PackLoader:240 - Cannot read IP mode file for STMicroelectronics.X-CUBE-AZRTOS-WL.2.0.0
2026-06-29 19:23:07,703 [WARN] PackLoader:240 - Cannot read IP mode file for STMicroelectronics.X-CUBE-AZRTOS-H7RS.1.2.0
2026-06-29 19:23:07,707 [WARN] PackLoader:240 - Cannot read IP mode file for STMicroelectronics.X-CUBE-BLE2.3.3.0
2026-06-29 19:23:07,709 [ERROR] Engine:466 - /home/papijou/.stm32cubemx/thirdparties/pdsc/Avnet-IOTCONNECT.X-CUBE-iotc-st67-sdk.1.0.0.pdsc: PDSC version is not supported
2026-06-29 19:23:07,711 [ERROR] Engine:466 - /home/papijou/.stm32cubemx/thirdparties/pdsc/Infineon.AIROC-Wi-Fi-Bluetooth-STM32.1.8.0.pdsc: PDSC version is not supported
2026-06-29 19:23:07,713 [WARN] PackLoader:240 - Cannot read IP mode file for STMicroelectronics.X-CUBE-NFC9.1.0.0
2026-06-29 19:23:07,716 [WARN] PackLoader:240 - Cannot read IP mode file for STMicroelectronics.X-CUBE-BLE1.7.1.0
2026-06-29 19:23:07,718 [WARN] PackLoader:240 - Cannot read IP mode file for wolfSSL.I-CUBE-wolfMQTT.1.19.2
2026-06-29 19:23:07,720 [WARN] PackLoader:240 - Cannot read IP mode file for STMicroelectronics.X-CUBE-EEPRMA1.5.2.0
2026-06-29 19:23:07,727 [WARN] PackLoader:240 - Cannot read IP mode file for STMicroelectronics.X-CUBE-AZRTOS-G0.1.1.0
2026-06-29 19:23:07,731 [WARN] PackLoader:240 - Cannot read IP mode file for STMicroelectronics.X-CUBE-NFC4.3.0.0
2026-06-29 19:23:07,733 [ERROR] Engine:466 - /home/papijou/.stm32cubemx/thirdparties/pdsc/EmbeddedOffice.I-CUBE-FS-RTOS.1.0.1.pdsc: PDSC version is not supported
2026-06-29 19:23:07,734 [WARN] PackLoader:240 - Cannot read IP mode file for wolfSSL.I-CUBE-wolfTPM.3.8.0
2026-06-29 19:23:07,736 [ERROR] Engine:466 - /home/papijou/.stm32cubemx/thirdparties/pdsc/STMicroelectronics.X-CUBE-TCPP.4.2.0.pdsc: PDSC version is not supported
2026-06-29 19:23:07,737 [ERROR] Engine:466 - /home/papijou/.stm32cubemx/thirdparties/pdsc/RealThread.X-CUBE-RT-Thread_Nano.4.1.1.pdsc: PDSC version is not supported
2026-06-29 19:23:07,738 [WARN] PackLoader:240 - Cannot read IP mode file for STMicroelectronics.FP-ATR-SIGFOX1.3.2.0
2026-06-29 19:23:07,739 [ERROR] Engine:466 - /home/papijou/.stm32cubemx/thirdparties/pdsc/STMicroelectronics.X-CUBE-FREERTOS.1.5.0.pdsc: PDSC version is not supported
2026-06-29 19:23:07,741 [WARN] PackLoader:240 - Cannot read IP mode file for ITTIA_DB.I-CUBE-ITTIADB.8.9.0
2026-06-29 19:23:07,742 [ERROR] Engine:466 - /home/papijou/.stm32cubemx/thirdparties/pdsc/Cesanta.I-CUBE-Mongoose.7.21.7.pdsc: PDSC version is not supported
2026-06-29 19:23:07,744 [WARN] PackLoader:240 - Cannot read IP mode file for STMicroelectronics.X-CUBE-NFC6.3.2.0
2026-06-29 19:23:07,748 [WARN] PackLoader:240 - Cannot read IP mode file for STMicroelectronics.X-CUBE-AI.10.2.1
2026-06-29 19:23:07,767 [WARN] PackLoader:240 - Cannot read IP mode file for STMicroelectronics.X-CUBE-MEMS1.12.1.0
2026-06-29 19:23:07,831 [WARN] PackLoader:240 - Cannot read IP mode file for SEGGER.I-CUBE-embOS.1.3.1
2026-06-29 19:23:07,849 [WARN] PackLoader:240 - Cannot read IP mode file for STMicroelectronics.X-CUBE-NFC13.1.0.0
2026-06-29 19:23:07,852 [WARN] PackLoader:240 - Cannot read IP mode file for STMicroelectronics.X-CUBE-PM33A1.1.0.0
2026-06-29 19:23:07,858 [WARN] PackLoader:240 - Cannot read IP mode file for STMicroelectronics.X-CUBE-AZRTOS-F4.1.1.0
2026-06-29 19:23:07,860 [WARN] PackLoader:240 - Cannot read IP mode file for STMicroelectronics.X-CUBE-ISPU.2.1.0
2026-06-29 19:23:07,863 [ERROR] Engine:466 - /home/papijou/.stm32cubemx/thirdparties/pdsc/STMicroelectronics.X-CUBE-IPS.3.2.0.pdsc: PDSC version is not supported
2026-06-29 19:23:07,863 [ERROR] Engine:466 - /home/papijou/.stm32cubemx/thirdparties/pdsc/STMicroelectronics.eDS-WB_DPC_TT-BIDIR.2.1.1.pdsc: PDSC version is not supported
2026-06-29 19:23:07,866 [WARN] PackLoader:240 - Cannot read IP mode file for STMicroelectronics.X-CUBE-NFC12.1.0.0
2026-06-29 19:23:07,873 [WARN] PackLoader:240 - Cannot read IP mode file for STMicroelectronics.X-CUBE-AZRTOS-L5.2.0.0
2026-06-29 19:23:07,877 [WARN] PackLoader:240 - Cannot read IP mode file for STMicroelectronics.X-CUBE-ALGOBUILD.1.5.0
2026-06-29 19:23:07,878 [ERROR] Engine:466 - /home/papijou/.stm32cubemx/thirdparties/pdsc/STMicroelectronics.eDS-WB_DPC_VIENNA.1.2.0.pdsc: PDSC version is not supported
2026-06-29 19:23:07,879 [ERROR] Engine:466 - /home/papijou/.stm32cubemx/thirdparties/pdsc/STMicroelectronics.eDS-WB_DPC_3PH2L-BIDIR.1.1.1.pdsc: PDSC version is not supported
2026-06-29 19:23:07,880 [ERROR] Engine:466 - /home/papijou/.stm32cubemx/thirdparties/pdsc/STMicroelectronics.X-CUBE-ST67W61.1.3.0.pdsc: PDSC version is not supported
2026-06-29 19:23:07,881 [WARN] PackLoader:240 - Cannot read IP mode file for STMicroelectronics.X-CUBE-TOUCHGFX.4.26.1
2026-06-29 19:23:07,882 [ERROR] Engine:466 - /home/papijou/.stm32cubemx/thirdparties/pdsc/STMicroelectronics.X-CUBE-DPower.1.3.0.pdsc: PDSC version is not supported
2026-06-29 19:23:07,888 [WARN] ConditionMgr:438 - getConditionDescription Invalid condition id : LAN8742 Phy interface Condition cause : null
2026-06-29 19:23:07,889 [WARN] PackLoader:240 - Cannot read IP mode file for STMicroelectronics.X-CUBE-AZRTOS-L4.2.0.0
2026-06-29 19:23:07,889 [WARN] ConditionMgr:1039 - genDependencies : Invalid condition id : LAN8742 Phy interface Condition cause : null
2026-06-29 19:23:07,890 [WARN] ConditionMgr:1039 - genDependencies : Invalid condition id : LAN8742 Phy interface Condition cause : null
2026-06-29 19:23:07,890 [WARN] ConditionMgr:1039 - genDependencies : Invalid condition id : LAN8742 Phy interface Condition cause : null
2026-06-29 19:23:07,893 [WARN] PackLoader:240 - Cannot read IP mode file for STMicroelectronics.X-CUBE-SFXS2LP1.4.0.0
2026-06-29 19:23:07,896 [WARN] PackLoader:240 - Cannot read IP mode file for STMicroelectronics.X-CUBE-WB05N.2.1.0
2026-06-29 19:23:07,897 [ERROR] Engine:466 - /home/papijou/.stm32cubemx/thirdparties/pdsc/STMicroelectronics.X-CUBE-BLEMGR.4.1.0.pdsc: PDSC version is not supported
2026-06-29 19:23:07,902 [WARN] ConditionMgr:438 - getConditionDescription Invalid condition id : UX DEVICE CLASS RTOS Condition cause : null
2026-06-29 19:23:07,902 [WARN] ConditionMgr:438 - getConditionDescription Invalid condition id : UX DEVICE CLASS RTOS Condition cause : null
2026-06-29 19:23:07,903 [WARN] PackLoader:240 - Cannot read IP mode file for STMicroelectronics.X-CUBE-AZRTOS-WB.2.0.0
2026-06-29 19:23:07,903 [WARN] ConditionMgr:1039 - genDependencies : Invalid condition id : UX DEVICE CLASS RTOS Condition cause : null
2026-06-29 19:23:07,903 [WARN] ConditionMgr:1039 - genDependencies : Invalid condition id : UX DEVICE CLASS RTOS Condition cause : null
2026-06-29 19:23:07,903 [WARN] ConditionMgr:1039 - genDependencies : Invalid condition id : UX DEVICE CLASS RTOS Condition cause : null
2026-06-29 19:23:07,904 [WARN] ConditionMgr:1039 - genDependencies : Invalid condition id : UX DEVICE CLASS RTOS Condition cause : null
2026-06-29 19:23:07,904 [WARN] ConditionMgr:1039 - genDependencies : Invalid condition id : UX DEVICE CLASS RTOS Condition cause : null
2026-06-29 19:23:07,905 [ERROR] Engine:466 - /home/papijou/.stm32cubemx/thirdparties/pdsc/quantropi.X-CUBE-qispace-sdk-base.2.1.0.pdsc: PDSC version is not supported
2026-06-29 19:23:07,907 [WARN] PackLoader:240 - Cannot read IP mode file for STMicroelectronics.X-CUBE-STSE01.2.0.0
2026-06-29 19:23:07,912 [WARN] PackLoader:240 - Cannot read IP mode file for STMicroelectronics.X-CUBE-SUBG2.5.0.0
2026-06-29 19:23:07,919 [WARN] PackLoader:240 - Cannot read IP mode file for STMicroelectronics.X-CUBE-AZRTOS-G4.2.0.0
2026-06-29 19:23:07,922 [WARN] PackLoader:240 - Cannot read IP mode file for wolfSSL.I-CUBE-wolfSSH.1.4.20
2026-06-29 19:23:07,924 [WARN] PackLoader:240 - Cannot read IP mode file for STMicroelectronics.X-CUBE-NFC7.2.0.0
2026-06-29 19:23:07,927 [ERROR] Engine:466 - /home/papijou/.stm32cubemx/thirdparties/pdsc/STMicroelectronics.X-CUBE-TOF1.3.4.3.pdsc: PDSC version is not supported
2026-06-29 19:23:07,927 [INFO] ThirdParty:978 - Integrity check success = true
2026-06-29 19:23:07,927 [INFO] IntegrityCheckThread:100 - exiting critical section [integrity check]
2026-06-29 19:23:07,927 [INFO] IntegrityCheckThread:103 - End integrity checks thread
2026-06-29 19:36:29,233 [ERROR] ConfigurationRetriever:142 - IOException on connection: Read timed out
2026-06-29 19:36:30,989 [ERROR] LogOutputStream:75 - [STDERR_REDIRECT] 
