23:11:08 **** Incremental Build of configuration Debug for project SSanchez_IPD439_T2_p1 ****
make -j12 all 
arm-none-eabi-gcc "../Core/Src/funciones.c" -mcpu=cortex-m4 -std=gnu11 -g3 -DDEBUG -DUSE_HAL_DRIVER -DSTM32L476xx -c -I../Core/Inc -I../Drivers/STM32L4xx_HAL_Driver/Inc -I../Drivers/STM32L4xx_HAL_Driver/Inc/Legacy -I../Drivers/CMSIS/Device/ST/STM32L4xx/Include -I../Drivers/CMSIS/Include -I../Middlewares/Third_Party/FreeRTOS/Source/include -I../Middlewares/Third_Party/FreeRTOS/Source/CMSIS_RTOS_V2 -I../Middlewares/Third_Party/FreeRTOS/Source/portable/GCC/ARM_CM4F -O0 -ffunction-sections -fdata-sections -Wall -fstack-usage -fcyclomatic-complexity -MMD -MP -MF"Core/Src/funciones.d" -MT"Core/Src/funciones.o" --specs=nano.specs -mfpu=fpv4-sp-d16 -mfloat-abi=hard -mthumb -o "Core/Src/funciones.o"
../Core/Src/funciones.c: In function 'Task3_Carga':
../Core/Src/funciones.c:43:18: warning: variable 'basura' set but not used [-Wunused-but-set-variable]
   43 |     volatile int basura=0;
      |                  ^~~~~~
arm-none-eabi-gcc -o "SSanchez_IPD439_T2_p1.elf" @"objects.list"   -mcpu=cortex-m4 -T"C:\Users\sebas\OneDrive\Escritorio\Seminario avanzado PC\IPD_439_Workspaces\T2\SSanchez_IPD439_T2_p1\STM32L476RGTX_FLASH.ld" --specs=nosys.specs -Wl,-Map="SSanchez_IPD439_T2_p1.map" -Wl,--gc-sections -static --specs=nano.specs -mfpu=fpv4-sp-d16 -mfloat-abi=hard -mthumb -Wl,--start-group -lc -lm -Wl,--end-group
Finished building target: SSanchez_IPD439_T2_p1.elf
 
arm-none-eabi-size   SSanchez_IPD439_T2_p1.elf 
arm-none-eabi-objdump -h -S  SSanchez_IPD439_T2_p1.elf  > "SSanchez_IPD439_T2_p1.list"
   text	   data	    bss	    dec	    hex	filename
  18272	    104	   8456	  26832	   68d0	SSanchez_IPD439_T2_p1.elf
Finished building: default.size.stdout
 
Finished building: SSanchez_IPD439_T2_p1.list
 
23:11:12 **** Incremental Build of configuration Debug for project SSanchez_IPD439_T2_p1 ****
make -j12 all 
arm-none-eabi-size   SSanchez_IPD439_T2_p1.elf 
   text	   data	    bss	    dec	    hex	filename
  18272	    104	   8456	  26832	   68d0	SSanchez_IPD439_T2_p1.elf
Finished building: default.size.stdout
 
23:11:57 **** Incremental Build of configuration Debug for project SSanchez_IPD439_T2_p1 ****
make -j12 all 
arm-none-eabi-gcc "../Core/Src/funciones.c" -mcpu=cortex-m4 -std=gnu11 -g3 -DDEBUG -DUSE_HAL_DRIVER -DSTM32L476xx -c -I../Core/Inc -I../Drivers/STM32L4xx_HAL_Driver/Inc -I../Drivers/STM32L4xx_HAL_Driver/Inc/Legacy -I../Drivers/CMSIS/Device/ST/STM32L4xx/Include -I../Drivers/CMSIS/Include -I../Middlewares/Third_Party/FreeRTOS/Source/include -I../Middlewares/Third_Party/FreeRTOS/Source/CMSIS_RTOS_V2 -I../Middlewares/Third_Party/FreeRTOS/Source/portable/GCC/ARM_CM4F -O0 -ffunction-sections -fdata-sections -Wall -fstack-usage -fcyclomatic-complexity -MMD -MP -MF"Core/Src/funciones.d" -MT"Core/Src/funciones.o" --specs=nano.specs -mfpu=fpv4-sp-d16 -mfloat-abi=hard -mthumb -o "Core/Src/funciones.o"
../Core/Src/funciones.c: In function 'Task3_Carga':
../Core/Src/funciones.c:43:18: warning: variable 'basura' set but not used [-Wunused-but-set-variable]
   43 |     volatile int basura=0;
      |                  ^~~~~~
arm-none-eabi-gcc -o "SSanchez_IPD439_T2_p1.elf" @"objects.list"   -mcpu=cortex-m4 -T"C:\Users\sebas\OneDrive\Escritorio\Seminario avanzado PC\IPD_439_Workspaces\T2\SSanchez_IPD439_T2_p1\STM32L476RGTX_FLASH.ld" --specs=nosys.specs -Wl,-Map="SSanchez_IPD439_T2_p1.map" -Wl,--gc-sections -static --specs=nano.specs -mfpu=fpv4-sp-d16 -mfloat-abi=hard -mthumb -Wl,--start-group -lc -lm -Wl,--end-group
Finished building target: SSanchez_IPD439_T2_p1.elf
 
arm-none-eabi-size   SSanchez_IPD439_T2_p1.elf 
arm-none-eabi-objdump -h -S  SSanchez_IPD439_T2_p1.elf  > "SSanchez_IPD439_T2_p1.list"
   text	   data	    bss	    dec	    hex	filename
  18272	    104	   8456	  26832	   68d0	SSanchez_IPD439_T2_p1.elf
Finished building: default.size.stdout
 
Finished building: SSanchez_IPD439_T2_p1.list
 
23:13:34 **** Incremental Build of configuration Debug for project SSanchez_IPD439_T2_p1 ****
make -j12 all 
arm-none-eabi-gcc "../Core/Src/funciones.c" -mcpu=cortex-m4 -std=gnu11 -g3 -DDEBUG -DUSE_HAL_DRIVER -DSTM32L476xx -c -I../Core/Inc -I../Drivers/STM32L4xx_HAL_Driver/Inc -I../Drivers/STM32L4xx_HAL_Driver/Inc/Legacy -I../Drivers/CMSIS/Device/ST/STM32L4xx/Include -I../Drivers/CMSIS/Include -I../Middlewares/Third_Party/FreeRTOS/Source/include -I../Middlewares/Third_Party/FreeRTOS/Source/CMSIS_RTOS_V2 -I../Middlewares/Third_Party/FreeRTOS/Source/portable/GCC/ARM_CM4F -O0 -ffunction-sections -fdata-sections -Wall -fstack-usage -fcyclomatic-complexity -MMD -MP -MF"Core/Src/funciones.d" -MT"Core/Src/funciones.o" --specs=nano.specs -mfpu=fpv4-sp-d16 -mfloat-abi=hard -mthumb -o "Core/Src/funciones.o"
../Core/Src/funciones.c: In function 'Task3_Carga':
../Core/Src/funciones.c:43:18: warning: variable 'basura' set but not used [-Wunused-but-set-variable]
   43 |     volatile int basura=0;
      |                  ^~~~~~
arm-none-eabi-gcc -o "SSanchez_IPD439_T2_p1.elf" @"objects.list"   -mcpu=cortex-m4 -T"C:\Users\sebas\OneDrive\Escritorio\Seminario avanzado PC\IPD_439_Workspaces\T2\SSanchez_IPD439_T2_p1\STM32L476RGTX_FLASH.ld" --specs=nosys.specs -Wl,-Map="SSanchez_IPD439_T2_p1.map" -Wl,--gc-sections -static --specs=nano.specs -mfpu=fpv4-sp-d16 -mfloat-abi=hard -mthumb -Wl,--start-group -lc -lm -Wl,--end-group
Finished building target: SSanchez_IPD439_T2_p1.elf
 
arm-none-eabi-size   SSanchez_IPD439_T2_p1.elf 
arm-none-eabi-objdump -h -S  SSanchez_IPD439_T2_p1.elf  > "SSanchez_IPD439_T2_p1.list"
   text	   data	    bss	    dec	    hex	filename
  18272	    104	   8456	  26832	   68d0	SSanchez_IPD439_T2_p1.elf
Finished building: default.size.stdout
 
Finished building: SSanchez_IPD439_T2_p1.list
 
23:16:13 **** Incremental Build of configuration Debug for project SSanchez_IPD439_T2_p1 ****
make -j12 all 
arm-none-eabi-gcc "../Core/Src/funciones.c" -mcpu=cortex-m4 -std=gnu11 -g3 -DDEBUG -DUSE_HAL_DRIVER -DSTM32L476xx -c -I../Core/Inc -I../Drivers/STM32L4xx_HAL_Driver/Inc -I../Drivers/STM32L4xx_HAL_Driver/Inc/Legacy -I../Drivers/CMSIS/Device/ST/STM32L4xx/Include -I../Drivers/CMSIS/Include -I../Middlewares/Third_Party/FreeRTOS/Source/include -I../Middlewares/Third_Party/FreeRTOS/Source/CMSIS_RTOS_V2 -I../Middlewares/Third_Party/FreeRTOS/Source/portable/GCC/ARM_CM4F -O0 -ffunction-sections -fdata-sections -Wall -fstack-usage -fcyclomatic-complexity -MMD -MP -MF"Core/Src/funciones.d" -MT"Core/Src/funciones.o" --specs=nano.specs -mfpu=fpv4-sp-d16 -mfloat-abi=hard -mthumb -o "Core/Src/funciones.o"
../Core/Src/funciones.c: In function 'Task3_Carga':
../Core/Src/funciones.c:43:18: warning: variable 'basura' set but not used [-Wunused-but-set-variable]
   43 |     volatile int basura=0;
      |                  ^~~~~~
arm-none-eabi-gcc -o "SSanchez_IPD439_T2_p1.elf" @"objects.list"   -mcpu=cortex-m4 -T"C:\Users\sebas\OneDrive\Escritorio\Seminario avanzado PC\IPD_439_Workspaces\T2\SSanchez_IPD439_T2_p1\STM32L476RGTX_FLASH.ld" --specs=nosys.specs -Wl,-Map="SSanchez_IPD439_T2_p1.map" -Wl,--gc-sections -static --specs=nano.specs -mfpu=fpv4-sp-d16 -mfloat-abi=hard -mthumb -Wl,--start-group -lc -lm -Wl,--end-group
Finished building target: SSanchez_IPD439_T2_p1.elf
 
arm-none-eabi-size   SSanchez_IPD439_T2_p1.elf 
arm-none-eabi-objdump -h -S  SSanchez_IPD439_T2_p1.elf  > "SSanchez_IPD439_T2_p1.list"
   text	   data	    bss	    dec	    hex	filename
  18272	    104	   8456	  26832	   68d0	SSanchez_IPD439_T2_p1.elf
Finished building: default.size.stdout
 
Finished building: SSanchez_IPD439_T2_p1.list
 
