21:27:14 **** Incremental Build of configuration Debug for project SSanchez_IPD439_T4_p1 ****
make -j12 all 
arm-none-eabi-gcc "../Core/Src/gpio.c" -mcpu=cortex-m4 -std=gnu11 -g3 -DDEBUG -DUSE_HAL_DRIVER -DSTM32L476xx -c -I../Core/Inc -I../Drivers/STM32L4xx_HAL_Driver/Inc -I../Drivers/STM32L4xx_HAL_Driver/Inc/Legacy -I../Drivers/CMSIS/Device/ST/STM32L4xx/Include -I../Drivers/CMSIS/Include -O0 -ffunction-sections -fdata-sections -Wall -fstack-usage -fcyclomatic-complexity -MMD -MP -MF"Core/Src/gpio.d" -MT"Core/Src/gpio.o" --specs=nano.specs -mfpu=fpv4-sp-d16 -mfloat-abi=hard -mthumb -o "Core/Src/gpio.o"
arm-none-eabi-gcc "../Core/Src/main.c" -mcpu=cortex-m4 -std=gnu11 -g3 -DDEBUG -DUSE_HAL_DRIVER -DSTM32L476xx -c -I../Core/Inc -I../Drivers/STM32L4xx_HAL_Driver/Inc -I../Drivers/STM32L4xx_HAL_Driver/Inc/Legacy -I../Drivers/CMSIS/Device/ST/STM32L4xx/Include -I../Drivers/CMSIS/Include -O0 -ffunction-sections -fdata-sections -Wall -fstack-usage -fcyclomatic-complexity -MMD -MP -MF"Core/Src/main.d" -MT"Core/Src/main.o" --specs=nano.specs -mfpu=fpv4-sp-d16 -mfloat-abi=hard -mthumb -o "Core/Src/main.o"
arm-none-eabi-gcc "../Core/Src/stm32l4xx_it.c" -mcpu=cortex-m4 -std=gnu11 -g3 -DDEBUG -DUSE_HAL_DRIVER -DSTM32L476xx -c -I../Core/Inc -I../Drivers/STM32L4xx_HAL_Driver/Inc -I../Drivers/STM32L4xx_HAL_Driver/Inc/Legacy -I../Drivers/CMSIS/Device/ST/STM32L4xx/Include -I../Drivers/CMSIS/Include -O0 -ffunction-sections -fdata-sections -Wall -fstack-usage -fcyclomatic-complexity -MMD -MP -MF"Core/Src/stm32l4xx_it.d" -MT"Core/Src/stm32l4xx_it.o" --specs=nano.specs -mfpu=fpv4-sp-d16 -mfloat-abi=hard -mthumb -o "Core/Src/stm32l4xx_it.o"
arm-none-eabi-gcc -o "SSanchez_IPD439_T4_p1.elf" @"objects.list"   -mcpu=cortex-m4 -T"C:\Users\sebas\OneDrive\Escritorio\Seminario avanzado PC\IPD_439_Workspaces\T4\SSanchez_IPD439_T4_p1\STM32L476RGTX_FLASH.ld" --specs=nosys.specs -Wl,-Map="SSanchez_IPD439_T4_p1.map" -Wl,--gc-sections -static --specs=nano.specs -mfpu=fpv4-sp-d16 -mfloat-abi=hard -mthumb -Wl,--start-group -lc -lm -Wl,--end-group
Finished building target: SSanchez_IPD439_T4_p1.elf
 
arm-none-eabi-size   SSanchez_IPD439_T4_p1.elf 
arm-none-eabi-objdump -h -S  SSanchez_IPD439_T4_p1.elf  > "SSanchez_IPD439_T4_p1.list"
   text	   data	    bss	    dec	    hex	filename
   7396	     20	   1572	   8988	   231c	SSanchez_IPD439_T4_p1.elf
Finished building: default.size.stdout
 
Finished building: SSanchez_IPD439_T4_p1.list
 
21:27:44 **** Incremental Build of configuration Debug for project SSanchez_IPD439_T4_p1 ****
make -j12 all 
arm-none-eabi-size   SSanchez_IPD439_T4_p1.elf 
   text	   data	    bss	    dec	    hex	filename
   7396	     20	   1572	   8988	   231c	SSanchez_IPD439_T4_p1.elf
Finished building: default.size.stdout
 
21:29:59 **** Incremental Build of configuration Debug for project SSanchez_IPD439_T4_p1 ****
make -j12 all 
arm-none-eabi-size   SSanchez_IPD439_T4_p1.elf 
   text	   data	    bss	    dec	    hex	filename
   7396	     20	   1572	   8988	   231c	SSanchez_IPD439_T4_p1.elf
Finished building: default.size.stdout
 
21:30:36 **** Incremental Build of configuration Debug for project SSanchez_IPD439_T4_p1 ****
make -j12 all 
arm-none-eabi-size   SSanchez_IPD439_T4_p1.elf 
   text	   data	    bss	    dec	    hex	filename
   7396	     20	   1572	   8988	   231c	SSanchez_IPD439_T4_p1.elf
Finished building: default.size.stdout
 
21:36:54 **** Incremental Build of configuration Debug for project SSanchez_IPD439_T4_p1 ****
make -j12 all 
arm-none-eabi-size   SSanchez_IPD439_T4_p1.elf 
   text	   data	    bss	    dec	    hex	filename
   7396	     20	   1572	   8988	   231c	SSanchez_IPD439_T4_p1.elf
Finished building: default.size.stdout
 
22:09:14 **** Incremental Build of configuration Debug for project SSanchez_IPD439_T4_p1 ****
make -j12 all 
arm-none-eabi-size   SSanchez_IPD439_T4_p1.elf 
   text	   data	    bss	    dec	    hex	filename
   7396	     20	   1572	   8988	   231c	SSanchez_IPD439_T4_p1.elf
Finished building: default.size.stdout
 
