Archive member included to satisfy reference by file (symbol)

C:/ST/STM32CubeIDE_1.13.2/STM32CubeIDE/plugins/com.st.stm32cube.ide.mcu.externaltools.gnu-tools-for-stm32.11.3.rel1.win32_1.1.1.202309131626/tools/bin/../lib/gcc/arm-none-eabi/11.3.1/../../../../arm-none-eabi/lib/thumb/v7e-m+fp/hard\libc_nano.a(libc_a-exit.o)
                              C:/ST/STM32CubeIDE_1.13.2/STM32CubeIDE/plugins/com.st.stm32cube.ide.mcu.externaltools.gnu-tools-for-stm32.11.3.rel1.win32_1.1.1.202309131626/tools/bin/../lib/gcc/arm-none-eabi/11.3.1/../../../../arm-none-eabi/lib/thumb/v7e-m+fp/hard/crt0.o (exit)
C:/ST/STM32CubeIDE_1.13.2/STM32CubeIDE/plugins/com.st.stm32cube.ide.mcu.externaltools.gnu-tools-for-stm32.11.3.rel1.win32_1.1.1.202309131626/tools/bin/../lib/gcc/arm-none-eabi/11.3.1/../../../../arm-none-eabi/lib/thumb/v7e-m+fp/hard\libc_nano.a(libc_a-findfp.o)
                              C:/ST/STM32CubeIDE_1.13.2/STM32CubeIDE/plugins/com.st.stm32cube.ide.mcu.externaltools.gnu-tools-for-stm32.11.3.rel1.win32_1.1.1.202309131626/tools/bin/../lib/gcc/arm-none-eabi/11.3.1/../../../../arm-none-eabi/lib/thumb/v7e-m+fp/hard\libc_nano.a(libc_a-exit.o) (__stdio_exit_handler)
C:/ST/STM32CubeIDE_1.13.2/STM32CubeIDE/plugins/com.st.stm32cube.ide.mcu.externaltools.gnu-tools-for-stm32.11.3.rel1.win32_1.1.1.202309131626/tools/bin/../lib/gcc/arm-none-eabi/11.3.1/../../../../arm-none-eabi/lib/thumb/v7e-m+fp/hard\libc_nano.a(libc_a-fwalk.o)
                              C:/ST/STM32CubeIDE_1.13.2/STM32CubeIDE/plugins/com.st.stm32cube.ide.mcu.externaltools.gnu-tools-for-stm32.11.3.rel1.win32_1.1.1.202309131626/tools/bin/../lib/gcc/arm-none-eabi/11.3.1/../../../../arm-none-eabi/lib/thumb/v7e-m+fp/hard\libc_nano.a(libc_a-findfp.o) (_fwalk_sglue)
C:/ST/STM32CubeIDE_1.13.2/STM32CubeIDE/plugins/com.st.stm32cube.ide.mcu.externaltools.gnu-tools-for-stm32.11.3.rel1.win32_1.1.1.202309131626/tools/bin/../lib/gcc/arm-none-eabi/11.3.1/../../../../arm-none-eabi/lib/thumb/v7e-m+fp/hard\libc_nano.a(libc_a-stdio.o)
                              C:/ST/STM32CubeIDE_1.13.2/STM32CubeIDE/plugins/com.st.stm32cube.ide.mcu.externaltools.gnu-tools-for-stm32.11.3.rel1.win32_1.1.1.202309131626/tools/bin/../lib/gcc/arm-none-eabi/11.3.1/../../../../arm-none-eabi/lib/thumb/v7e-m+fp/hard\libc_nano.a(libc_a-findfp.o) (__sread)
C:/ST/STM32CubeIDE_1.13.2/STM32CubeIDE/plugins/com.st.stm32cube.ide.mcu.externaltools.gnu-tools-for-stm32.11.3.rel1.win32_1.1.1.202309131626/tools/bin/../lib/gcc/arm-none-eabi/11.3.1/../../../../arm-none-eabi/lib/thumb/v7e-m+fp/hard\libc_nano.a(libc_a-memset.o)
                              C:/ST/STM32CubeIDE_1.13.2/STM32CubeIDE/plugins/com.st.stm32cube.ide.mcu.externaltools.gnu-tools-for-stm32.11.3.rel1.win32_1.1.1.202309131626/tools/bin/../lib/gcc/arm-none-eabi/11.3.1/../../../../arm-none-eabi/lib/thumb/v7e-m+fp/hard/crt0.o (memset)
C:/ST/STM32CubeIDE_1.13.2/STM32CubeIDE/plugins/com.st.stm32cube.ide.mcu.externaltools.gnu-tools-for-stm32.11.3.rel1.win32_1.1.1.202309131626/tools/bin/../lib/gcc/arm-none-eabi/11.3.1/../../../../arm-none-eabi/lib/thumb/v7e-m+fp/hard\libc_nano.a(libc_a-closer.o)
                              C:/ST/STM32CubeIDE_1.13.2/STM32CubeIDE/plugins/com.st.stm32cube.ide.mcu.externaltools.gnu-tools-for-stm32.11.3.rel1.win32_1.1.1.202309131626/tools/bin/../lib/gcc/arm-none-eabi/11.3.1/../../../../arm-none-eabi/lib/thumb/v7e-m+fp/hard\libc_nano.a(libc_a-stdio.o) (_close_r)
C:/ST/STM32CubeIDE_1.13.2/STM32CubeIDE/plugins/com.st.stm32cube.ide.mcu.externaltools.gnu-tools-for-stm32.11.3.rel1.win32_1.1.1.202309131626/tools/bin/../lib/gcc/arm-none-eabi/11.3.1/../../../../arm-none-eabi/lib/thumb/v7e-m+fp/hard\libc_nano.a(libc_a-reent.o)
                              C:/ST/STM32CubeIDE_1.13.2/STM32CubeIDE/plugins/com.st.stm32cube.ide.mcu.externaltools.gnu-tools-for-stm32.11.3.rel1.win32_1.1.1.202309131626/tools/bin/../lib/gcc/arm-none-eabi/11.3.1/../../../../arm-none-eabi/lib/thumb/v7e-m+fp/hard\libc_nano.a(libc_a-closer.o) (errno)
C:/ST/STM32CubeIDE_1.13.2/STM32CubeIDE/plugins/com.st.stm32cube.ide.mcu.externaltools.gnu-tools-for-stm32.11.3.rel1.win32_1.1.1.202309131626/tools/bin/../lib/gcc/arm-none-eabi/11.3.1/../../../../arm-none-eabi/lib/thumb/v7e-m+fp/hard\libc_nano.a(libc_a-impure.o)
                              C:/ST/STM32CubeIDE_1.13.2/STM32CubeIDE/plugins/com.st.stm32cube.ide.mcu.externaltools.gnu-tools-for-stm32.11.3.rel1.win32_1.1.1.202309131626/tools/bin/../lib/gcc/arm-none-eabi/11.3.1/../../../../arm-none-eabi/lib/thumb/v7e-m+fp/hard\libc_nano.a(libc_a-reent.o) (_impure_ptr)
C:/ST/STM32CubeIDE_1.13.2/STM32CubeIDE/plugins/com.st.stm32cube.ide.mcu.externaltools.gnu-tools-for-stm32.11.3.rel1.win32_1.1.1.202309131626/tools/bin/../lib/gcc/arm-none-eabi/11.3.1/../../../../arm-none-eabi/lib/thumb/v7e-m+fp/hard\libc_nano.a(libc_a-lseekr.o)
[...]
Memory Configuration

Name             Origin             Length             Attributes
RAM              0x0000000020000000 0x0000000000018000 xrw
RAM2             0x0000000010000000 0x0000000000008000 xrw
FLASH            0x0000000008000000 0x0000000000100000 xr
*default*        0x0000000000000000 0xffffffffffffffff

Linker script and memory map

LOAD C:/ST/STM32CubeIDE_1.13.2/STM32CubeIDE/plugins/com.st.stm32cube.ide.mcu.externaltools.gnu-tools-for-stm32.11.3.rel1.win32_1.1.1.202309131626/tools/bin/../lib/gcc/arm-none-eabi/11.3.1/thumb/v7e-m+fp/hard/crti.o
LOAD C:/ST/STM32CubeIDE_1.13.2/STM32CubeIDE/plugins/com.st.stm32cube.ide.mcu.externaltools.gnu-tools-for-stm32.11.3.rel1.win32_1.1.1.202309131626/tools/bin/../lib/gcc/arm-none-eabi/11.3.1/thumb/v7e-m+fp/hard/crtbegin.o
LOAD C:/ST/STM32CubeIDE_1.13.2/STM32CubeIDE/plugins/com.st.stm32cube.ide.mcu.externaltools.gnu-tools-for-stm32.11.3.rel1.win32_1.1.1.202309131626/tools/bin/../lib/gcc/arm-none-eabi/11.3.1/../../../../arm-none-eabi/lib/thumb/v7e-m+fp/hard/crt0.o
LOAD ./Core/Src/callbacks.o
LOAD ./Core/Src/gpio.o
LOAD ./Core/Src/main.o
LOAD ./Core/Src/stm32l4xx_hal_msp.o
LOAD ./Core/Src/stm32l4xx_it.o
LOAD ./Core/Src/syscalls.o
LOAD ./Core/Src/sysmem.o
LOAD ./Core/Src/system_stm32l4xx.o
LOAD ./Core/Startup/startup_stm32l476rgtx.o
LOAD ./Drivers/STM32L4xx_HAL_Driver/Src/stm32l4xx_hal.o
LOAD ./Drivers/STM32L4xx_HAL_Driver/Src/stm32l4xx_hal_cortex.o
LOAD ./Drivers/STM32L4xx_HAL_Driver/Src/stm32l4xx_hal_dma.o
LOAD ./Drivers/STM32L4xx_HAL_Driver/Src/stm32l4xx_hal_dma_ex.o
LOAD ./Drivers/STM32L4xx_HAL_Driver/Src/stm32l4xx_hal_exti.o
LOAD ./Drivers/STM32L4xx_HAL_Driver/Src/stm32l4xx_hal_flash.o
LOAD ./Drivers/STM32L4xx_HAL_Driver/Src/stm32l4xx_hal_flash_ex.o
LOAD ./Drivers/STM32L4xx_HAL_Driver/Src/stm32l4xx_hal_flash_ramfunc.o
LOAD ./Drivers/STM32L4xx_HAL_Driver/Src/stm32l4xx_hal_gpio.o
LOAD ./Drivers/STM32L4xx_HAL_Driver/Src/stm32l4xx_hal_pwr.o
LOAD ./Drivers/STM32L4xx_HAL_Driver/Src/stm32l4xx_hal_pwr_ex.o
LOAD ./Drivers/STM32L4xx_HAL_Driver/Src/stm32l4xx_hal_rcc.o
LOAD ./Drivers/STM32L4xx_HAL_Driver/Src/stm32l4xx_hal_rcc_ex.o
LOAD ./Drivers/STM32L4xx_HAL_Driver/Src/stm32l4xx_hal_tim.o
LOAD ./Drivers/STM32L4xx_HAL_Driver/Src/stm32l4xx_hal_tim_ex.o
START GROUP
LOAD C:/ST/STM32CubeIDE_1.13.2/STM32CubeIDE/plugins/com.st.stm32cube.ide.mcu.externaltools.gnu-tools-for-stm32.11.3.rel1.win32_1.1.1.202309131626/tools/bin/../lib/gcc/arm-none-eabi/11.3.1/../../../../arm-none-eabi/lib/thumb/v7e-m+fp/hard\libc_nano.a
LOAD C:/ST/STM32CubeIDE_1.13.2/STM32CubeIDE/plugins/com.st.stm32cube.ide.mcu.externaltools.gnu-tools-for-stm32.11.3.rel1.win32_1.1.1.202309131626/tools/bin/../lib/gcc/arm-none-eabi/11.3.1/../../../../arm-none-eabi/lib/thumb/v7e-m+fp/hard\libm.a
END GROUP
START GROUP
LOAD C:/ST/STM32CubeIDE_1.13.2/STM32CubeIDE/plugins/com.st.stm32cube.ide.mcu.externaltools.gnu-tools-for-stm32.11.3.rel1.win32_1.1.1.202309131626/tools/bin/../lib/gcc/arm-none-eabi/11.3.1/thumb/v7e-m+fp/hard\libgcc.a
LOAD C:/ST/STM32CubeIDE_1.13.2/STM32CubeIDE/plugins/com.st.stm32cube.ide.mcu.externaltools.gnu-tools-for-stm32.11.3.rel1.win32_1.1.1.202309131626/tools/bin/../lib/gcc/arm-none-eabi/11.3.1/../../../../arm-none-eabi/lib/thumb/v7e-m+fp/hard\libc_nano.a
END GROUP
START GROUP
LOAD C:/ST/STM32CubeIDE_1.13.2/STM32CubeIDE/plugins/com.st.stm32cube.ide.mcu.externaltools.gnu-tools-for-stm32.11.3.rel1.win32_1.1.1.202309131626/tools/bin/../lib/gcc/arm-none-eabi/11.3.1/thumb/v7e-m+fp/hard\libgcc.a
LOAD C:/ST/STM32CubeIDE_1.13.2/STM32CubeIDE/plugins/com.st.stm32cube.ide.mcu.externaltools.gnu-tools-for-stm32.11.3.rel1.win32_1.1.1.202309131626/tools/bin/../lib/gcc/arm-none-eabi/11.3.1/../../../../arm-none-eabi/lib/thumb/v7e-m+fp/hard\libc_nano.a
LOAD C:/ST/STM32CubeIDE_1.13.2/STM32CubeIDE/plugins/com.st.stm32cube.ide.mcu.externaltools.gnu-tools-for-stm32.11.3.rel1.win32_1.1.1.202309131626/tools/bin/../lib/gcc/arm-none-eabi/11.3.1/../../../../arm-none-eabi/lib/thumb/v7e-m+fp/hard\libnosys.a
END GROUP
START GROUP
LOAD C:/ST/STM32CubeIDE_1.13.2/STM32CubeIDE/plugins/com.st.stm32cube.ide.mcu.externaltools.gnu-tools-for-stm32.11.3.rel1.win32_1.1.1.202309131626/tools/bin/../lib/gcc/arm-none-eabi/11.3.1/thumb/v7e-m+fp/hard\libgcc.a
LOAD C:/ST/STM32CubeIDE_1.13.2/STM32CubeIDE/plugins/com.st.stm32cube.ide.mcu.externaltools.gnu-tools-for-stm32.11.3.rel1.win32_1.1.1.202309131626/tools/bin/../lib/gcc/arm-none-eabi/11.3.1/../../../../arm-none-eabi/lib/thumb/v7e-m+fp/hard\libc_nano.a
LOAD C:/ST/STM32CubeIDE_1.13.2/STM32CubeIDE/plugins/com.st.stm32cube.ide.mcu.externaltools.gnu-tools-for-stm32.11.3.rel1.win32_1.1.1.202309131626/tools/bin/../lib/gcc/arm-none-eabi/11.3.1/../../../../arm-none-eabi/lib/thumb/v7e-m+fp/hard\libnosys.a
END GROUP
LOAD C:/ST/STM32CubeIDE_1.13.2/STM32CubeIDE/plugins/com.st.stm32cube.ide.mcu.externaltools.gnu-tools-for-stm32.11.3.rel1.win32_1.1.1.202309131626/tools/bin/../lib/gcc/arm-none-eabi/11.3.1/thumb/v7e-m+fp/hard/crtend.o
LOAD C:/ST/STM32CubeIDE_1.13.2/STM32CubeIDE/plugins/com.st.stm32cube.ide.mcu.externaltools.gnu-tools-for-stm32.11.3.rel1.win32_1.1.1.202309131626/tools/bin/../lib/gcc/arm-none-eabi/11.3.1/thumb/v7e-m+fp/hard/crtn.o
                0x0000000020018000                _estack = (ORIGIN (RAM) + LENGTH (RAM))
                0x0000000000000200                _Min_Heap_Size = 0x200
                0x0000000000000400                _Min_Stack_Size = 0x400

.isr_vector     0x0000000008000000      0x188
                0x0000000008000000                . = ALIGN (0x4)
 *(.isr_vector)
 .isr_vector    0x0000000008000000      0x188 ./Core/Startup/startup_stm32l476rgtx.o
                0x0000000008000000                g_pfnVectors
                0x0000000008000188                . = ALIGN (0x4)

.text           0x0000000008000188     0x1b1c
                0x0000000008000188                . = ALIGN (0x4)
 *(.text)
 .text          0x0000000008000188       0x40 C:/ST/STM32CubeIDE_1.13.2/STM32CubeIDE/plugins/com.st.stm32cube.ide.mcu.externaltools.gnu-tools-for-stm32.11.3.rel1.win32_1.1.1.202309131626/tools/bin/../lib/gcc/arm-none-eabi/11.3.1/thumb/v7e-m+fp/hard/crtbegin.o
 *(.text*)
 .text.HAL_GPIO_EXTI_Callback
                0x00000000080001c8       0x80 ./Core/Src/callbacks.o
                0x00000000080001c8                HAL_GPIO_EXTI_Callback
 .text.MX_GPIO_Init
                0x0000000008000248       0xfc ./Core/Src/gpio.o
                0x0000000008000248                MX_GPIO_Init
 .text.main     0x0000000008000344      0x114 ./Core/Src/main.o
                0x0000000008000344                main
 .text.SystemClock_Config
                0x0000000008000458       0xa2 ./Core/Src/main.o
                0x0000000008000458                SystemClock_Config
 .text.Error_Handler
                0x00000000080004fa        0xa ./Core/Src/main.o
                0x00000000080004fa                Error_Handler
 .text.HAL_MspInit
                0x0000000008000504       0x48 ./Core/Src/stm32l4xx_hal_msp.o
                0x0000000008000504                HAL_MspInit
 .text.NMI_Handler
                0x000000000800054c        0x6 ./Core/Src/stm32l4xx_it.o
                0x000000000800054c                NMI_Handler
 .text.HardFault_Handler
                0x0000000008000552        0x6 ./Core/Src/stm32l4xx_it.o
                0x0000000008000552                HardFault_Handler
 .text.MemManage_Handler
                0x0000000008000558        0x6 ./Core/Src/stm32l4xx_it.o
                0x0000000008000558                MemManage_Handler
 .text.BusFault_Handler
                0x000000000800055e        0x6 ./Core/Src/stm32l4xx_it.o
                0x000000000800055e                BusFault_Handler
 .text.UsageFault_Handler
                0x0000000008000564        0x6 ./Core/Src/stm32l4xx_it.o
                0x0000000008000564                UsageFault_Handler
 .text.SVC_Handler
                0x000000000800056a        0xe ./Core/Src/stm32l4xx_it.o
                0x000000000800056a                SVC_Handler
 .text.DebugMon_Handler
                0x0000000008000578        0xe ./Core/Src/stm32l4xx_it.o
                0x0000000008000578                DebugMon_Handler
 .text.PendSV_Handler
                0x0000000008000586        0xe ./Core/Src/stm32l4xx_it.o
                0x0000000008000586                PendSV_Handler
 .text.SysTick_Handler
                0x0000000008000594        0xc ./Core/Src/stm32l4xx_it.o
                0x0000000008000594                SysTick_Handler
 .text.EXTI0_IRQHandler
                0x00000000080005a0        0xe ./Core/Src/stm32l4xx_it.o
                0x00000000080005a0                EXTI0_IRQHandler
 .text.EXTI15_10_IRQHandler
                0x00000000080005ae       0x10 ./Core/Src/stm32l4xx_it.o
                0x00000000080005ae                EXTI15_10_IRQHandler
 *fill*         0x00000000080005be        0x2 
 .text.SystemInit
                0x00000000080005c0       0x24 ./Core/Src/system_stm32l4xx.o
                0x00000000080005c0                SystemInit
 .text.Reset_Handler
                0x00000000080005e4       0x50 ./Core/Startup/startup_stm32l476rgtx.o
                0x00000000080005e4                Reset_Handler
 .text.Default_Handler
                0x0000000008000634        0x2 ./Core/Startup/startup_stm32l476rgtx.o
                0x0000000008000634                RTC_Alarm_IRQHandler
                0x0000000008000634                EXTI2_IRQHandler
                0x0000000008000634                TIM8_TRG_COM_IRQHandler
                0x0000000008000634                TIM8_CC_IRQHandler
                0x0000000008000634                TIM1_CC_IRQHandler
                0x0000000008000634                TSC_IRQHandler
                0x0000000008000634                TAMP_STAMP_IRQHandler
                0x0000000008000634                EXTI3_IRQHandler
                0x0000000008000634                LPTIM2_IRQHandler
                0x0000000008000634                DFSDM1_FLT1_IRQHandler
                0x0000000008000634                I2C3_ER_IRQHandler
                0x0000000008000634                DFSDM1_FLT2_IRQHandler
                0x0000000008000634                I2C2_EV_IRQHandler
                0x0000000008000634                CAN1_RX0_IRQHandler
                0x0000000008000634                FPU_IRQHandler
                0x0000000008000634                TIM1_UP_TIM16_IRQHandler
                0x0000000008000634                ADC1_2_IRQHandler
                0x0000000008000634                SPI1_IRQHandler
                0x0000000008000634                TIM6_DAC_IRQHandler
                0x0000000008000634                TIM8_UP_IRQHandler
                0x0000000008000634                DMA2_Channel2_IRQHandler
                0x0000000008000634                DMA1_Channel4_IRQHandler
                0x0000000008000634                SAI2_IRQHandler
                0x0000000008000634                DFSDM1_FLT3_IRQHandler
                0x0000000008000634                USART3_IRQHandler
                0x0000000008000634                DMA1_Channel7_IRQHandler
                0x0000000008000634                CAN1_RX1_IRQHandler
                0x0000000008000634                LCD_IRQHandler
                0x0000000008000634                UART5_IRQHandler
                0x0000000008000634                ADC3_IRQHandler
                0x0000000008000634                TIM4_IRQHandler
                0x0000000008000634                DMA2_Channel1_IRQHandler
                0x0000000008000634                QUADSPI_IRQHandler
                0x0000000008000634                I2C1_EV_IRQHandler
                0x0000000008000634                DMA1_Channel6_IRQHandler
                0x0000000008000634                UART4_IRQHandler
                0x0000000008000634                DMA2_Channel4_IRQHandler
                0x0000000008000634                TIM3_IRQHandler
                0x0000000008000634                RCC_IRQHandler
                0x0000000008000634                DMA1_Channel1_IRQHandler
                0x0000000008000634                Default_Handler
                0x0000000008000634                DMA2_Channel7_IRQHandler
                0x0000000008000634                TIM7_IRQHandler
                0x0000000008000634                SDMMC1_IRQHandler
                0x0000000008000634                TIM5_IRQHandler
                0x0000000008000634                I2C3_EV_IRQHandler
                0x0000000008000634                EXTI9_5_IRQHandler
                0x0000000008000634                RTC_WKUP_IRQHandler
                0x0000000008000634                PVD_PVM_IRQHandler
                0x0000000008000634                SPI2_IRQHandler
                0x0000000008000634                CAN1_TX_IRQHandler
                0x0000000008000634                DMA2_Channel5_IRQHandler
                0x0000000008000634                DMA1_Channel5_IRQHandler
                0x0000000008000634                EXTI4_IRQHandler
                0x0000000008000634                RNG_IRQHandler
                0x0000000008000634                TIM1_TRG_COM_TIM17_IRQHandler
                0x0000000008000634                DMA1_Channel3_IRQHandler
                0x0000000008000634                COMP_IRQHandler
                0x0000000008000634                WWDG_IRQHandler
                0x0000000008000634                LPUART1_IRQHandler
                0x0000000008000634                DMA2_Channel6_IRQHandler
                0x0000000008000634                TIM2_IRQHandler
                0x0000000008000634                EXTI1_IRQHandler
                0x0000000008000634                USART2_IRQHandler
                0x0000000008000634                DFSDM1_FLT0_IRQHandler
                0x0000000008000634                I2C2_ER_IRQHandler
                0x0000000008000634                DMA1_Channel2_IRQHandler
                0x0000000008000634                TIM8_BRK_IRQHandler
                0x0000000008000634                CAN1_SCE_IRQHandler
                0x0000000008000634                FLASH_IRQHandler
                0x0000000008000634                USART1_IRQHandler
                0x0000000008000634                OTG_FS_IRQHandler
                0x0000000008000634                SPI3_IRQHandler
                0x0000000008000634                I2C1_ER_IRQHandler
                0x0000000008000634                FMC_IRQHandler
                0x0000000008000634                SWPMI1_IRQHandler
                0x0000000008000634                LPTIM1_IRQHandler
                0x0000000008000634                SAI1_IRQHandler
                0x0000000008000634                DMA2_Channel3_IRQHandler
                0x0000000008000634                TIM1_BRK_TIM15_IRQHandler
 .text.HAL_Init
                0x0000000008000636       0x30 ./Drivers/STM32L4xx_HAL_Driver/Src/stm32l4xx_hal.o
                0x0000000008000636                HAL_Init
 *fill*         0x0000000008000666        0x2 
 .text.HAL_InitTick
                0x0000000008000668       0x78 ./Drivers/STM32L4xx_HAL_Driver/Src/stm32l4xx_hal.o
                0x0000000008000668                HAL_InitTick
 .text.HAL_IncTick
                0x00000000080006e0       0x28 ./Drivers/STM32L4xx_HAL_Driver/Src/stm32l4xx_hal.o
                0x00000000080006e0                HAL_IncTick
 .text.HAL_GetTick
                0x0000000008000708       0x18 ./Drivers/STM32L4xx_HAL_Driver/Src/stm32l4xx_hal.o
                0x0000000008000708                HAL_GetTick
 .text.HAL_SuspendTick
                0x0000000008000720       0x20 ./Drivers/STM32L4xx_HAL_Driver/Src/stm32l4xx_hal.o
                0x0000000008000720                HAL_SuspendTick
 .text.HAL_ResumeTick
                0x0000000008000740       0x20 ./Drivers/STM32L4xx_HAL_Driver/Src/stm32l4xx_hal.o
                0x0000000008000740                HAL_ResumeTick
 .text.__NVIC_SetPriorityGrouping
                0x0000000008000760       0x48 ./Drivers/STM32L4xx_HAL_Driver/Src/stm32l4xx_hal_cortex.o
 .text.__NVIC_GetPriorityGrouping
                0x00000000080007a8       0x1c ./Drivers/STM32L4xx_HAL_Driver/Src/stm32l4xx_hal_cortex.o
 .text.__NVIC_EnableIRQ
                0x00000000080007c4       0x3c ./Drivers/STM32L4xx_HAL_Driver/Src/stm32l4xx_hal_cortex.o
 .text.__NVIC_SetPriority
                0x0000000008000800       0x54 ./Drivers/STM32L4xx_HAL_Driver/Src/stm32l4xx_hal_cortex.o
 .text.NVIC_EncodePriority
                0x0000000008000854       0x66 ./Drivers/STM32L4xx_HAL_Driver/Src/stm32l4xx_hal_cortex.o
 *fill*         0x00000000080008ba        0x2 
 .text.SysTick_Config
                0x00000000080008bc       0x44 ./Drivers/STM32L4xx_HAL_Driver/Src/stm32l4xx_hal_cortex.o
 .text.HAL_NVIC_SetPriorityGrouping
                0x0000000008000900       0x16 ./Drivers/STM32L4xx_HAL_Driver/Src/stm32l4xx_hal_cortex.o
                0x0000000008000900                HAL_NVIC_SetPriorityGrouping
 .text.HAL_NVIC_SetPriority
                0x0000000008000916       0x38 ./Drivers/STM32L4xx_HAL_Driver/Src/stm32l4xx_hal_cortex.o
                0x0000000008000916                HAL_NVIC_SetPriority
 .text.HAL_NVIC_EnableIRQ
                0x000000000800094e       0x1c ./Drivers/STM32L4xx_HAL_Driver/Src/stm32l4xx_hal_cortex.o
                0x000000000800094e                HAL_NVIC_EnableIRQ
 .text.HAL_SYSTICK_Config
                0x000000000800096a       0x18 ./Drivers/STM32L4xx_HAL_Driver/Src/stm32l4xx_hal_cortex.o
                0x000000000800096a                HAL_SYSTICK_Config
 *fill*         0x0000000008000982        0x2 
 .text.HAL_GPIO_Init
                0x0000000008000984      0x354 ./Drivers/STM32L4xx_HAL_Driver/Src/stm32l4xx_hal_gpio.o
                0x0000000008000984                HAL_GPIO_Init
 .text.HAL_GPIO_ReadPin
                0x0000000008000cd8       0x30 ./Drivers/STM32L4xx_HAL_Driver/Src/stm32l4xx_hal_gpio.o
                0x0000000008000cd8                HAL_GPIO_ReadPin
 .text.HAL_GPIO_EXTI_IRQHandler
                0x0000000008000d08       0x30 ./Drivers/STM32L4xx_HAL_Driver/Src/stm32l4xx_hal_gpio.o
                0x0000000008000d08                HAL_GPIO_EXTI_IRQHandler
 .text.HAL_PWR_EnableWakeUpPin
                0x0000000008000d38       0x40 ./Drivers/STM32L4xx_HAL_Driver/Src/stm32l4xx_hal_pwr.o
                0x0000000008000d38                HAL_PWR_EnableWakeUpPin
 .text.HAL_PWR_EnterSLEEPMode
                0x0000000008000d78       0x68 ./Drivers/STM32L4xx_HAL_Driver/Src/stm32l4xx_hal_pwr.o
                0x0000000008000d78                HAL_PWR_EnterSLEEPMode
 .text.HAL_PWR_EnterSTANDBYMode
                0x0000000008000de0       0x34 ./Drivers/STM32L4xx_HAL_Driver/Src/stm32l4xx_hal_pwr.o
                0x0000000008000de0                HAL_PWR_EnterSTANDBYMode
 .text.HAL_PWREx_GetVoltageRange
                0x0000000008000e14       0x1c ./Drivers/STM32L4xx_HAL_Driver/Src/stm32l4xx_hal_pwr_ex.o
                0x0000000008000e14                HAL_PWREx_GetVoltageRange
 .text.HAL_PWREx_ControlVoltageScaling
                0x0000000008000e30       0xac ./Drivers/STM32L4xx_HAL_Driver/Src/stm32l4xx_hal_pwr_ex.o
                0x0000000008000e30                HAL_PWREx_ControlVoltageScaling
 .text.HAL_PWREx_EnableLowPowerRunMode
                0x0000000008000edc       0x20 ./Drivers/STM32L4xx_HAL_Driver/Src/stm32l4xx_hal_pwr_ex.o
                0x0000000008000edc                HAL_PWREx_EnableLowPowerRunMode
 .text.HAL_PWREx_DisableLowPowerRunMode
                0x0000000008000efc       0x70 ./Drivers/STM32L4xx_HAL_Driver/Src/stm32l4xx_hal_pwr_ex.o
                0x0000000008000efc                HAL_PWREx_DisableLowPowerRunMode
 .text.HAL_PWREx_EnterSTOP0Mode
                0x0000000008000f6c       0x54 ./Drivers/STM32L4xx_HAL_Driver/Src/stm32l4xx_hal_pwr_ex.o
                0x0000000008000f6c                HAL_PWREx_EnterSTOP0Mode
 .text.HAL_PWREx_EnterSTOP1Mode
                0x0000000008000fc0       0x58 ./Drivers/STM32L4xx_HAL_Driver/Src/stm32l4xx_hal_pwr_ex.o
                0x0000000008000fc0                HAL_PWREx_EnterSTOP1Mode
 .text.HAL_PWREx_EnterSTOP2Mode
                0x0000000008001018       0x58 ./Drivers/STM32L4xx_HAL_Driver/Src/stm32l4xx_hal_pwr_ex.o
                0x0000000008001018                HAL_PWREx_EnterSTOP2Mode
 .text.HAL_PWREx_EnterSHUTDOWNMode
                0x0000000008001070       0x34 ./Drivers/STM32L4xx_HAL_Driver/Src/stm32l4xx_hal_pwr_ex.o
                0x0000000008001070                HAL_PWREx_EnterSHUTDOWNMode
 .text.HAL_RCC_OscConfig
                0x00000000080010a4      0x7b8 ./Drivers/STM32L4xx_HAL_Driver/Src/stm32l4xx_hal_rcc.o
                0x00000000080010a4                HAL_RCC_OscConfig
 .text.HAL_RCC_ClockConfig
                0x000000000800185c      0x200 ./Drivers/STM32L4xx_HAL_Driver/Src/stm32l4xx_hal_rcc.o
                0x000000000800185c                HAL_RCC_ClockConfig
 .text.HAL_RCC_GetSysClockFreq
                0x0000000008001a5c      0x118 ./Drivers/STM32L4xx_HAL_Driver/Src/stm32l4xx_hal_rcc.o
                0x0000000008001a5c                HAL_RCC_GetSysClockFreq
 .text.RCC_SetFlashLatencyFromMSIRange
                0x0000000008001b74       0xc0 ./Drivers/STM32L4xx_HAL_Driver/Src/stm32l4xx_hal_rcc.o
 .text.memset   0x0000000008001c34       0x10 C:/ST/STM32CubeIDE_1.13.2/STM32CubeIDE/plugins/com.st.stm32cube.ide.mcu.externaltools.gnu-tools-for-stm32.11.3.rel1.win32_1.1.1.202309131626/tools/bin/../lib/gcc/arm-none-eabi/11.3.1/../../../../arm-none-eabi/lib/thumb/v7e-m+fp/hard\libc_nano.a(libc_a-memset.o)
                0x0000000008001c34                memset
 .text.__libc_init_array
                0x0000000008001c44       0x48 C:/ST/STM32CubeIDE_1.13.2/STM32CubeIDE/plugins/com.st.stm32cube.ide.mcu.externaltools.gnu-tools-for-stm32.11.3.rel1.win32_1.1.1.202309131626/tools/bin/../lib/gcc/arm-none-eabi/11.3.1/../../../../arm-none-eabi/lib/thumb/v7e-m+fp/hard\libc_nano.a(libc_a-init.o)
                0x0000000008001c44                __libc_init_array
 *(.glue_7)
 .glue_7        0x0000000008001c8c        0x0 linker stubs
 *(.glue_7t)
 .glue_7t       0x0000000008001c8c        0x0 linker stubs
 *(.eh_frame)
 .eh_frame      0x0000000008001c8c        0x0 C:/ST/STM32CubeIDE_1.13.2/STM32CubeIDE/plugins/com.st.stm32cube.ide.mcu.externaltools.gnu-tools-for-stm32.11.3.rel1.win32_1.1.1.202309131626/tools/bin/../lib/gcc/arm-none-eabi/11.3.1/thumb/v7e-m+fp/hard/crtbegin.o
 *(.init)
 .init          0x0000000008001c8c        0x4 C:/ST/STM32CubeIDE_1.13.2/STM32CubeIDE/plugins/com.st.stm32cube.ide.mcu.externaltools.gnu-tools-for-stm32.11.3.rel1.win32_1.1.1.202309131626/tools/bin/../lib/gcc/arm-none-eabi/11.3.1/thumb/v7e-m+fp/hard/crti.o
                0x0000000008001c8c                _init
 .init          0x0000000008001c90        0x8 C:/ST/STM32CubeIDE_1.13.2/STM32CubeIDE/plugins/com.st.stm32cube.ide.mcu.externaltools.gnu-tools-for-stm32.11.3.rel1.win32_1.1.1.202309131626/tools/bin/../lib/gcc/arm-none-eabi/11.3.1/thumb/v7e-m+fp/hard/crtn.o
 *(.fini)
 .fini          0x0000000008001c98        0x4 C:/ST/STM32CubeIDE_1.13.2/STM32CubeIDE/plugins/com.st.stm32cube.ide.mcu.externaltools.gnu-tools-for-stm32.11.3.rel1.win32_1.1.1.202309131626/tools/bin/../lib/gcc/arm-none-eabi/11.3.1/thumb/v7e-m+fp/hard/crti.o
                0x0000000008001c98                _fini
 .fini          0x0000000008001c9c        0x8 C:/ST/STM32CubeIDE_1.13.2/STM32CubeIDE/plugins/com.st.stm32cube.ide.mcu.externaltools.gnu-tools-for-stm32.11.3.rel1.win32_1.1.1.202309131626/tools/bin/../lib/gcc/arm-none-eabi/11.3.1/thumb/v7e-m+fp/hard/crtn.o
                0x0000000008001ca4                . = ALIGN (0x4)
                0x0000000008001ca4                _etext = .

.vfp11_veneer   0x0000000008001ca4        0x0
 .vfp11_veneer  0x0000000008001ca4        0x0 linker stubs

.v4_bx          0x0000000008001ca4        0x0
 .v4_bx         0x0000000008001ca4        0x0 linker stubs

.iplt           0x0000000008001ca4        0x0
 .iplt          0x0000000008001ca4        0x0 C:/ST/STM32CubeIDE_1.13.2/STM32CubeIDE/plugins/com.st.stm32cube.ide.mcu.externaltools.gnu-tools-for-stm32.11.3.rel1.win32_1.1.1.202309131626/tools/bin/../lib/gcc/arm-none-eabi/11.3.1/thumb/v7e-m+fp/hard/crtbegin.o

.rodata         0x0000000008001ca4       0x40
                0x0000000008001ca4                . = ALIGN (0x4)
 *(.rodata)
 *(.rodata*)
 .rodata.AHBPrescTable
                0x0000000008001ca4       0x10 ./Core/Src/system_stm32l4xx.o
                0x0000000008001ca4                AHBPrescTable
 .rodata.MSIRangeTable
                0x0000000008001cb4       0x30 ./Core/Src/system_stm32l4xx.o
                0x0000000008001cb4                MSIRangeTable
                0x0000000008001ce4                . = ALIGN (0x4)

.rel.dyn        0x0000000008001ce4        0x0
 .rel.iplt      0x0000000008001ce4        0x0 C:/ST/STM32CubeIDE_1.13.2/STM32CubeIDE/plugins/com.st.stm32cube.ide.mcu.externaltools.gnu-tools-for-stm32.11.3.rel1.win32_1.1.1.202309131626/tools/bin/../lib/gcc/arm-none-eabi/11.3.1/thumb/v7e-m+fp/hard/crtbegin.o

.ARM.extab      0x0000000008001ce4        0x0
                0x0000000008001ce4                . = ALIGN (0x4)
 *(.ARM.extab* .gnu.linkonce.armextab.*)
                0x0000000008001ce4                . = ALIGN (0x4)

.ARM            0x0000000008001ce4        0x0
                0x0000000008001ce4                . = ALIGN (0x4)
                0x0000000008001ce4                __exidx_start = .
 *(.ARM.exidx*)
                0x0000000008001ce4                __exidx_end = .
                0x0000000008001ce4                . = ALIGN (0x4)

.preinit_array  0x0000000008001ce4        0x0
                0x0000000008001ce4                . = ALIGN (0x4)
                0x0000000008001ce4                PROVIDE (__preinit_array_start = .)
 *(.preinit_array*)
                0x0000000008001ce4                PROVIDE (__preinit_array_end = .)
                0x0000000008001ce4                . = ALIGN (0x4)

.init_array     0x0000000008001ce4        0x4
                0x0000000008001ce4                . = ALIGN (0x4)
                0x0000000008001ce4                PROVIDE (__init_array_start = .)
 *(SORT_BY_NAME(.init_array.*))
 *(.init_array*)
 .init_array    0x0000000008001ce4        0x4 C:/ST/STM32CubeIDE_1.13.2/STM32CubeIDE/plugins/com.st.stm32cube.ide.mcu.externaltools.gnu-tools-for-stm32.11.3.rel1.win32_1.1.1.202309131626/tools/bin/../lib/gcc/arm-none-eabi/11.3.1/thumb/v7e-m+fp/hard/crtbegin.o
                0x0000000008001ce8                PROVIDE (__init_array_end = .)
                0x0000000008001ce8                . = ALIGN (0x4)

.fini_array     0x0000000008001ce8        0x4
                0x0000000008001ce8                . = ALIGN (0x4)
                [!provide]                        PROVIDE (__fini_array_start = .)
 *(SORT_BY_NAME(.fini_array.*))
 *(.fini_array*)
 .fini_array    0x0000000008001ce8        0x4 C:/ST/STM32CubeIDE_1.13.2/STM32CubeIDE/plugins/com.st.stm32cube.ide.mcu.externaltools.gnu-tools-for-stm32.11.3.rel1.win32_1.1.1.202309131626/tools/bin/../lib/gcc/arm-none-eabi/11.3.1/thumb/v7e-m+fp/hard/crtbegin.o
                [!provide]                        PROVIDE (__fini_array_end = .)
                0x0000000008001cec                . = ALIGN (0x4)
                0x0000000008001cec                _sidata = LOADADDR (.data)

.data           0x0000000020000000        0xc load address 0x0000000008001cec
                0x0000000020000000                . = ALIGN (0x4)
                0x0000000020000000                _sdata = .
 *(.data)
 *(.data*)
 .data.SystemCoreClock
                0x0000000020000000        0x4 ./Core/Src/system_stm32l4xx.o
                0x0000000020000000                SystemCoreClock
 .data.uwTickPrio
                0x0000000020000004        0x4 ./Drivers/STM32L4xx_HAL_Driver/Src/stm32l4xx_hal.o
                0x0000000020000004                uwTickPrio
 .data.uwTickFreq
                0x0000000020000008        0x1 ./Drivers/STM32L4xx_HAL_Driver/Src/stm32l4xx_hal.o
                0x0000000020000008                uwTickFreq
 *(.RamFunc)
 *(.RamFunc*)
                0x000000002000000c                . = ALIGN (0x4)
 *fill*         0x0000000020000009        0x3 
                0x000000002000000c                _edata = .

.igot.plt       0x000000002000000c        0x0 load address 0x0000000008001cf8
 .igot.plt      0x000000002000000c        0x0 C:/ST/STM32CubeIDE_1.13.2/STM32CubeIDE/plugins/com.st.stm32cube.ide.mcu.externaltools.gnu-tools-for-stm32.11.3.rel1.win32_1.1.1.202309131626/tools/bin/../lib/gcc/arm-none-eabi/11.3.1/thumb/v7e-m+fp/hard/crtbegin.o
                0x000000002000000c                . = ALIGN (0x4)

.bss            0x000000002000000c       0x24 load address 0x0000000008001cf8
                0x000000002000000c                _sbss = .
                0x000000002000000c                __bss_start__ = _sbss
 *(.bss)
 .bss           0x000000002000000c       0x1c C:/ST/STM32CubeIDE_1.13.2/STM32CubeIDE/plugins/com.st.stm32cube.ide.mcu.externaltools.gnu-tools-for-stm32.11.3.rel1.win32_1.1.1.202309131626/tools/bin/../lib/gcc/arm-none-eabi/11.3.1/thumb/v7e-m+fp/hard/crtbegin.o
 *(.bss*)
 .bss.modo      0x0000000020000028        0x1 ./Core/Src/callbacks.o
                0x0000000020000028                modo
 *fill*         0x0000000020000029        0x3 
 .bss.uwTick    0x000000002000002c        0x4 ./Drivers/STM32L4xx_HAL_Driver/Src/stm32l4xx_hal.o
                0x000000002000002c                uwTick
 *(COMMON)
                0x0000000020000030                . = ALIGN (0x4)
                0x0000000020000030                _ebss = .
                0x0000000020000030                __bss_end__ = _ebss

._user_heap_stack
                0x0000000020000030      0x600 load address 0x0000000008001cf8
                0x0000000020000030                . = ALIGN (0x8)
                [!provide]                        PROVIDE (end = .)
                0x0000000020000030                PROVIDE (_end = .)
                0x0000000020000230                . = (. + _Min_Heap_Size)
 *fill*         0x0000000020000030      0x200 
                0x0000000020000630                . = (. + _Min_Stack_Size)
 *fill*         0x0000000020000230      0x400 
                0x0000000020000630                . = ALIGN (0x8)

/DISCARD/
 libc.a(*)
 libm.a(*)
 libgcc.a(*)

.ARM.attributes
                0x0000000000000000       0x30
 *(.ARM.attributes)
 .ARM.attributes
                0x0000000000000000       0x1e C:/ST/STM32CubeIDE_1.13.2/STM32CubeIDE/plugins/com.st.stm32cube.ide.mcu.externaltools.gnu-tools-for-stm32.11.3.rel1.win32_1.1.1.202309131626/tools/bin/../lib/gcc/arm-none-eabi/11.3.1/thumb/v7e-m+fp/hard/crti.o
 .ARM.attributes
                0x000000000000001e       0x34 C:/ST/STM32CubeIDE_1.13.2/STM32CubeIDE/plugins/com.st.stm32cube.ide.mcu.externaltools.gnu-tools-for-stm32.11.3.rel1.win32_1.1.1.202309131626/tools/bin/../lib/gcc/arm-none-eabi/11.3.1/thumb/v7e-m+fp/hard/crtbegin.o
 .ARM.attributes
                0x0000000000000052       0x34 ./Core/Src/callbacks.o
 .ARM.attributes
                0x0000000000000086       0x34 ./Core/Src/gpio.o
 .ARM.attributes
                0x00000000000000ba       0x34 ./Core/Src/main.o
 .ARM.attributes
                0x00000000000000ee       0x34 ./Core/Src/stm32l4xx_hal_msp.o
 .ARM.attributes
                0x0000000000000122       0x34 ./Core/Src/stm32l4xx_it.o
 .ARM.attributes
                0x0000000000000156       0x34 ./Core/Src/system_stm32l4xx.o
 .ARM.attributes
                0x000000000000018a       0x21 ./Core/Startup/startup_stm32l476rgtx.o
 .ARM.attributes
                0x00000000000001ab       0x34 ./Drivers/STM32L4xx_HAL_Driver/Src/stm32l4xx_hal.o
 .ARM.attributes
                0x00000000000001df       0x34 ./Drivers/STM32L4xx_HAL_Driver/Src/stm32l4xx_hal_cortex.o
 .ARM.attributes
                0x0000000000000213       0x34 ./Drivers/STM32L4xx_HAL_Driver/Src/stm32l4xx_hal_gpio.o
 .ARM.attributes
                0x0000000000000247       0x34 ./Drivers/STM32L4xx_HAL_Driver/Src/stm32l4xx_hal_pwr.o
 .ARM.attributes
                0x000000000000027b       0x34 ./Drivers/STM32L4xx_HAL_Driver/Src/stm32l4xx_hal_pwr_ex.o
 .ARM.attributes
                0x00000000000002af       0x34 ./Drivers/STM32L4xx_HAL_Driver/Src/stm32l4xx_hal_rcc.o
 .ARM.attributes
                0x00000000000002e3       0x34 C:/ST/STM32CubeIDE_1.13.2/STM32CubeIDE/plugins/com.st.stm32cube.ide.mcu.externaltools.gnu-tools-for-stm32.11.3.rel1.win32_1.1.1.202309131626/tools/bin/../lib/gcc/arm-none-eabi/11.3.1/../../../../arm-none-eabi/lib/thumb/v7e-m+fp/hard\libc_nano.a(libc_a-memset.o)
 .ARM.attributes
                0x0000000000000317       0x34 C:/ST/STM32CubeIDE_1.13.2/STM32CubeIDE/plugins/com.st.stm32cube.ide.mcu.externaltools.gnu-tools-for-stm32.11.3.rel1.win32_1.1.1.202309131626/tools/bin/../lib/gcc/arm-none-eabi/11.3.1/../../../../arm-none-eabi/lib/thumb/v7e-m+fp/hard\libc_nano.a(libc_a-init.o)
 .ARM.attributes
                0x000000000000034b       0x1e C:/ST/STM32CubeIDE_1.13.2/STM32CubeIDE/plugins/com.st.stm32cube.ide.mcu.externaltools.gnu-tools-for-stm32.11.3.rel1.win32_1.1.1.202309131626/tools/bin/../lib/gcc/arm-none-eabi/11.3.1/thumb/v7e-m+fp/hard/crtn.o
OUTPUT(SSanchez_IPD439_T4_p1.elf elf32-littlearm)
LOAD linker stubs
LOAD C:/ST/STM32CubeIDE_1.13.2/STM32CubeIDE/plugins/com.st.stm32cube.ide.mcu.externaltools.gnu-tools-for-stm32.11.3.rel1.win32_1.1.1.202309131626/tools/bin/../lib/gcc/arm-none-eabi/11.3.1/../../../../arm-none-eabi/lib/thumb/v7e-m+fp/hard\libc.a
LOAD C:/ST/STM32CubeIDE_1.13.2/STM32CubeIDE/plugins/com.st.stm32cube.ide.mcu.externaltools.gnu-tools-for-stm32.11.3.rel1.win32_1.1.1.202309131626/tools/bin/../lib/gcc/arm-none-eabi/11.3.1/../../../../arm-none-eabi/lib/thumb/v7e-m+fp/hard\libm.a
LOAD C:/ST/STM32CubeIDE_1.13.2/STM32CubeIDE/plugins/com.st.stm32cube.ide.mcu.externaltools.gnu-tools-for-stm32.11.3.rel1.win32_1.1.1.202309131626/tools/bin/../lib/gcc/arm-none-eabi/11.3.1/thumb/v7e-m+fp/hard\libgcc.a

.comment        0x0000000000000000       0x43
 .comment       0x0000000000000000       0x43 C:/ST/STM32CubeIDE_1.13.2/STM32CubeIDE/plugins/com.st.stm32cube.ide.mcu.externaltools.gnu-tools-for-stm32.11.3.rel1.win32_1.1.1.202309131626/tools/bin/../lib/gcc/arm-none-eabi/11.3.1/thumb/v7e-m+fp/hard/crtbegin.o
                                         0x44 (size before relaxing)
 .comment       0x0000000000000043       0x44 ./Core/Src/callbacks.o
 .comment       0x0000000000000043       0x44 ./Core/Src/gpio.o
 .comment       0x0000000000000043       0x44 ./Core/Src/main.o
 .comment       0x0000000000000043       0x44 ./Core/Src/stm32l4xx_hal_msp.o
 .comment       0x0000000000000043       0x44 ./Core/Src/stm32l4xx_it.o
 .comment       0x0000000000000043       0x44 ./Core/Src/system_stm32l4xx.o
 .comment       0x0000000000000043       0x44 ./Drivers/STM32L4xx_HAL_Driver/Src/stm32l4xx_hal.o
 .comment       0x0000000000000043       0x44 ./Drivers/STM32L4xx_HAL_Driver/Src/stm32l4xx_hal_cortex.o
 .comment       0x0000000000000043       0x44 ./Drivers/STM32L4xx_HAL_Driver/Src/stm32l4xx_hal_gpio.o
 .comment       0x0000000000000043       0x44 ./Drivers/STM32L4xx_HAL_Driver/Src/stm32l4xx_hal_pwr.o
 .comment       0x0000000000000043       0x44 ./Drivers/STM32L4xx_HAL_Driver/Src/stm32l4xx_hal_pwr_ex.o
 .comment       0x0000000000000043       0x44 ./Drivers/STM32L4xx_HAL_Driver/Src/stm32l4xx_hal_rcc.o

.debug_info     0x0000000000000000     0x5885
 .debug_info    0x0000000000000000      0x224 ./Core/Src/callbacks.o
 .debug_info    0x0000000000000224      0x6c6 ./Core/Src/gpio.o
 .debug_info    0x00000000000008ea      0x523 ./Core/Src/main.o
 .debug_info    0x0000000000000e0d      0x301 ./Core/Src/stm32l4xx_hal_msp.o
 .debug_info    0x000000000000110e      0x1a0 ./Core/Src/stm32l4xx_it.o
 .debug_info    0x00000000000012ae      0x5e2 ./Core/Src/system_stm32l4xx.o
 .debug_info    0x0000000000001890       0x23 ./Core/Startup/startup_stm32l476rgtx.o
 .debug_info    0x00000000000018b3      0xb2d ./Drivers/STM32L4xx_HAL_Driver/Src/stm32l4xx_hal.o
 .debug_info    0x00000000000023e0      0xdad ./Drivers/STM32L4xx_HAL_Driver/Src/stm32l4xx_hal_cortex.o
 .debug_info    0x000000000000318d      0x79f ./Drivers/STM32L4xx_HAL_Driver/Src/stm32l4xx_hal_gpio.o
 .debug_info    0x000000000000392c      0x94a ./Drivers/STM32L4xx_HAL_Driver/Src/stm32l4xx_hal_pwr.o
 .debug_info    0x0000000000004276      0x9ca ./Drivers/STM32L4xx_HAL_Driver/Src/stm32l4xx_hal_pwr_ex.o
 .debug_info    0x0000000000004c40      0xc45 ./Drivers/STM32L4xx_HAL_Driver/Src/stm32l4xx_hal_rcc.o

.debug_abbrev   0x0000000000000000     0x1558
 .debug_abbrev  0x0000000000000000      0x130 ./Core/Src/callbacks.o
 .debug_abbrev  0x0000000000000130      0x15f ./Core/Src/gpio.o
 .debug_abbrev  0x000000000000028f      0x20f ./Core/Src/main.o
 .debug_abbrev  0x000000000000049e       0xdd ./Core/Src/stm32l4xx_hal_msp.o
 .debug_abbrev  0x000000000000057b       0xca ./Core/Src/stm32l4xx_it.o
 .debug_abbrev  0x0000000000000645      0x117 ./Core/Src/system_stm32l4xx.o
 .debug_abbrev  0x000000000000075c       0x12 ./Core/Startup/startup_stm32l476rgtx.o
 .debug_abbrev  0x000000000000076e      0x243 ./Drivers/STM32L4xx_HAL_Driver/Src/stm32l4xx_hal.o
 .debug_abbrev  0x00000000000009b1      0x31c ./Drivers/STM32L4xx_HAL_Driver/Src/stm32l4xx_hal_cortex.o
 .debug_abbrev  0x0000000000000ccd      0x1d1 ./Drivers/STM32L4xx_HAL_Driver/Src/stm32l4xx_hal_gpio.o
 .debug_abbrev  0x0000000000000e9e      0x1e5 ./Drivers/STM32L4xx_HAL_Driver/Src/stm32l4xx_hal_pwr.o
 .debug_abbrev  0x0000000000001083      0x1f9 ./Drivers/STM32L4xx_HAL_Driver/Src/stm32l4xx_hal_pwr_ex.o
 .debug_abbrev  0x000000000000127c      0x2dc ./Drivers/STM32L4xx_HAL_Driver/Src/stm32l4xx_hal_rcc.o

.debug_aranges  0x0000000000000000      0x688
 .debug_aranges
                0x0000000000000000       0x20 ./Core/Src/callbacks.o
 .debug_aranges
                0x0000000000000020       0x20 ./Core/Src/gpio.o
 .debug_aranges
                0x0000000000000040       0x30 ./Core/Src/main.o
 .debug_aranges
                0x0000000000000070       0x20 ./Core/Src/stm32l4xx_hal_msp.o
 .debug_aranges
                0x0000000000000090       0x70 ./Core/Src/stm32l4xx_it.o
 .debug_aranges
                0x0000000000000100       0x28 ./Core/Src/system_stm32l4xx.o
 .debug_aranges
                0x0000000000000128       0x28 ./Core/Startup/startup_stm32l476rgtx.o
 .debug_aranges
                0x0000000000000150      0x130 ./Drivers/STM32L4xx_HAL_Driver/Src/stm32l4xx_hal.o
 .debug_aranges
                0x0000000000000280      0x128 ./Drivers/STM32L4xx_HAL_Driver/Src/stm32l4xx_hal_cortex.o
 .debug_aranges
                0x00000000000003a8       0x58 ./Drivers/STM32L4xx_HAL_Driver/Src/stm32l4xx_hal_gpio.o
 .debug_aranges
                0x0000000000000400       0x98 ./Drivers/STM32L4xx_HAL_Driver/Src/stm32l4xx_hal_pwr.o
 .debug_aranges
                0x0000000000000498      0x160 ./Drivers/STM32L4xx_HAL_Driver/Src/stm32l4xx_hal_pwr_ex.o
 .debug_aranges
                0x00000000000005f8       0x90 ./Drivers/STM32L4xx_HAL_Driver/Src/stm32l4xx_hal_rcc.o

.debug_rnglists
                0x0000000000000000      0x4ba
 .debug_rnglists
                0x0000000000000000       0x14 ./Core/Src/callbacks.o
 .debug_rnglists
                0x0000000000000014       0x14 ./Core/Src/gpio.o
 .debug_rnglists
                0x0000000000000028       0x21 ./Core/Src/main.o
 .debug_rnglists
                0x0000000000000049       0x13 ./Core/Src/stm32l4xx_hal_msp.o
 .debug_rnglists
                0x000000000000005c       0x4f ./Core/Src/stm32l4xx_it.o
 .debug_rnglists
                0x00000000000000ab       0x1a ./Core/Src/system_stm32l4xx.o
 .debug_rnglists
                0x00000000000000c5       0x19 ./Core/Startup/startup_stm32l476rgtx.o
 .debug_rnglists
                0x00000000000000de       0xdf ./Drivers/STM32L4xx_HAL_Driver/Src/stm32l4xx_hal.o
 .debug_rnglists
                0x00000000000001bd       0xda ./Drivers/STM32L4xx_HAL_Driver/Src/stm32l4xx_hal_cortex.o
 .debug_rnglists
                0x0000000000000297       0x3f ./Drivers/STM32L4xx_HAL_Driver/Src/stm32l4xx_hal_gpio.o
 .debug_rnglists
                0x00000000000002d6       0x6e ./Drivers/STM32L4xx_HAL_Driver/Src/stm32l4xx_hal_pwr.o
 .debug_rnglists
                0x0000000000000344      0x109 ./Drivers/STM32L4xx_HAL_Driver/Src/stm32l4xx_hal_pwr_ex.o
 .debug_rnglists
                0x000000000000044d       0x6d ./Drivers/STM32L4xx_HAL_Driver/Src/stm32l4xx_hal_rcc.o

.debug_macro    0x0000000000000000    0x249f8
 .debug_macro   0x0000000000000000      0x1bf ./Core/Src/callbacks.o
 .debug_macro   0x00000000000001bf      0xaa8 ./Core/Src/callbacks.o
 .debug_macro   0x0000000000000c67      0x19b ./Core/Src/callbacks.o
 .debug_macro   0x0000000000000e02       0x2e ./Core/Src/callbacks.o
 .debug_macro   0x0000000000000e30       0x28 ./Core/Src/callbacks.o
 .debug_macro   0x0000000000000e58       0x22 ./Core/Src/callbacks.o
 .debug_macro   0x0000000000000e7a       0x8e ./Core/Src/callbacks.o
 .debug_macro   0x0000000000000f08       0x51 ./Core/Src/callbacks.o
 .debug_macro   0x0000000000000f59      0x103 ./Core/Src/callbacks.o
 .debug_macro   0x000000000000105c       0x6a ./Core/Src/callbacks.o
 .debug_macro   0x00000000000010c6      0x1df ./Core/Src/callbacks.o
 .debug_macro   0x00000000000012a5       0x1c ./Core/Src/callbacks.o
 .debug_macro   0x00000000000012c1       0x22 ./Core/Src/callbacks.o
 .debug_macro   0x00000000000012e3       0xfb ./Core/Src/callbacks.o
 .debug_macro   0x00000000000013de     0x1011 ./Core/Src/callbacks.o
 .debug_macro   0x00000000000023ef      0x11f ./Core/Src/callbacks.o
 .debug_macro   0x000000000000250e    0x1a192 ./Core/Src/callbacks.o
 .debug_macro   0x000000000001c6a0       0x6d ./Core/Src/callbacks.o
 .debug_macro   0x000000000001c70d     0x38fb ./Core/Src/callbacks.o
 .debug_macro   0x0000000000020008      0x174 ./Core/Src/callbacks.o
 .debug_macro   0x000000000002017c       0x5c ./Core/Src/callbacks.o
 .debug_macro   0x00000000000201d8     0x159e ./Core/Src/callbacks.o
 .debug_macro   0x0000000000021776      0x5a5 ./Core/Src/callbacks.o
 .debug_macro   0x0000000000021d1b      0x1b9 ./Core/Src/callbacks.o
 .debug_macro   0x0000000000021ed4      0x18b ./Core/Src/callbacks.o
 .debug_macro   0x000000000002205f      0x2c4 ./Core/Src/callbacks.o
 .debug_macro   0x0000000000022323      0x27a ./Core/Src/callbacks.o
 .debug_macro   0x000000000002259d      0x23d ./Core/Src/callbacks.o
 .debug_macro   0x00000000000227da      0x241 ./Core/Src/callbacks.o
 .debug_macro   0x0000000000022a1b      0x37c ./Core/Src/callbacks.o
 .debug_macro   0x0000000000022d97       0xd6 ./Core/Src/callbacks.o
 .debug_macro   0x0000000000022e6d      0x122 ./Core/Src/callbacks.o
 .debug_macro   0x0000000000022f8f      0x3ef ./Core/Src/callbacks.o
 .debug_macro   0x000000000002337e      0x330 ./Core/Src/callbacks.o
 .debug_macro   0x00000000000236ae      0x1bb ./Core/Src/gpio.o
 .debug_macro   0x0000000000023869      0x1bf ./Core/Src/main.o
 .debug_macro   0x0000000000023a28      0x1b1 ./Core/Src/stm32l4xx_hal_msp.o
 .debug_macro   0x0000000000023bd9      0x1bb ./Core/Src/stm32l4xx_it.o
 .debug_macro   0x0000000000023d94      0x1a7 ./Core/Src/system_stm32l4xx.o
 .debug_macro   0x0000000000023f3b      0x1f5 ./Drivers/STM32L4xx_HAL_Driver/Src/stm32l4xx_hal.o
 .debug_macro   0x0000000000024130      0x1a7 ./Drivers/STM32L4xx_HAL_Driver/Src/stm32l4xx_hal_cortex.o
 .debug_macro   0x00000000000242d7      0x1ae ./Drivers/STM32L4xx_HAL_Driver/Src/stm32l4xx_hal_gpio.o
 .debug_macro   0x0000000000024485      0x1bf ./Drivers/STM32L4xx_HAL_Driver/Src/stm32l4xx_hal_pwr.o
 .debug_macro   0x0000000000024644      0x1cb ./Drivers/STM32L4xx_HAL_Driver/Src/stm32l4xx_hal_pwr_ex.o
 .debug_macro   0x000000000002480f      0x1e9 ./Drivers/STM32L4xx_HAL_Driver/Src/stm32l4xx_hal_rcc.o

.debug_line     0x0000000000000000     0x7515
 .debug_line    0x0000000000000000      0x714 ./Core/Src/callbacks.o
 .debug_line    0x0000000000000714      0x726 ./Core/Src/gpio.o
 .debug_line    0x0000000000000e3a      0x7dd ./Core/Src/main.o
 .debug_line    0x0000000000001617      0x6fa ./Core/Src/stm32l4xx_hal_msp.o
 .debug_line    0x0000000000001d11      0x7ec ./Core/Src/stm32l4xx_it.o
 .debug_line    0x00000000000024fd      0x791 ./Core/Src/system_stm32l4xx.o
 .debug_line    0x0000000000002c8e       0x7a ./Core/Startup/startup_stm32l476rgtx.o
 .debug_line    0x0000000000002d08      0xae9 ./Drivers/STM32L4xx_HAL_Driver/Src/stm32l4xx_hal.o
 .debug_line    0x00000000000037f1      0xcbe ./Drivers/STM32L4xx_HAL_Driver/Src/stm32l4xx_hal_cortex.o
 .debug_line    0x00000000000044af      0xb5d ./Drivers/STM32L4xx_HAL_Driver/Src/stm32l4xx_hal_gpio.o
 .debug_line    0x000000000000500c      0x8c6 ./Drivers/STM32L4xx_HAL_Driver/Src/stm32l4xx_hal_pwr.o
 .debug_line    0x00000000000058d2      0xce1 ./Drivers/STM32L4xx_HAL_Driver/Src/stm32l4xx_hal_pwr_ex.o
 .debug_line    0x00000000000065b3      0xf62 ./Drivers/STM32L4xx_HAL_Driver/Src/stm32l4xx_hal_rcc.o

.debug_str      0x0000000000000000    0xdfe23
 .debug_str     0x0000000000000000    0xddddf ./Core/Src/callbacks.o
                                      0xde07a (size before relaxing)
 .debug_str     0x00000000000ddddf      0x620 ./Core/Src/gpio.o
                                      0xde6ce (size before relaxing)
 .debug_str     0x00000000000de3ff      0x34c ./Core/Src/main.o
                                      0xde329 (size before relaxing)
 .debug_str     0x00000000000de74b       0x2c ./Core/Src/stm32l4xx_hal_msp.o
                                      0xde127 (size before relaxing)
 .debug_str     0x00000000000de777      0x108 ./Core/Src/stm32l4xx_it.o
                                      0xde0b3 (size before relaxing)
 .debug_str     0x00000000000de87f       0xf2 ./Core/Src/system_stm32l4xx.o
                                      0xde1dc (size before relaxing)
 .debug_str     0x00000000000de971       0x34 ./Core/Startup/startup_stm32l476rgtx.o
                                         0x9f (size before relaxing)
 .debug_str     0x00000000000de9a5      0x62e ./Drivers/STM32L4xx_HAL_Driver/Src/stm32l4xx_hal.o
                                      0xded84 (size before relaxing)
 .debug_str     0x00000000000defd3      0x375 ./Drivers/STM32L4xx_HAL_Driver/Src/stm32l4xx_hal_cortex.o
                                      0xdea55 (size before relaxing)
 .debug_str     0x00000000000df348      0x100 ./Drivers/STM32L4xx_HAL_Driver/Src/stm32l4xx_hal_gpio.o
                                      0xde367 (size before relaxing)
 .debug_str     0x00000000000df448      0x27e ./Drivers/STM32L4xx_HAL_Driver/Src/stm32l4xx_hal_pwr.o
                                      0xde547 (size before relaxing)
 .debug_str     0x00000000000df6c6      0x3b1 ./Drivers/STM32L4xx_HAL_Driver/Src/stm32l4xx_hal_pwr_ex.o
                                      0xde737 (size before relaxing)
 .debug_str     0x00000000000dfa77      0x3ac ./Drivers/STM32L4xx_HAL_Driver/Src/stm32l4xx_hal_rcc.o
                                      0xde822 (size before relaxing)

.debug_frame    0x0000000000000000     0x1784
 .debug_frame   0x0000000000000000       0x34 ./Core/Src/callbacks.o
 .debug_frame   0x0000000000000034       0x34 ./Core/Src/gpio.o
 .debug_frame   0x0000000000000068       0x68 ./Core/Src/main.o
 .debug_frame   0x00000000000000d0       0x38 ./Core/Src/stm32l4xx_hal_msp.o
 .debug_frame   0x0000000000000108      0x13c ./Core/Src/stm32l4xx_it.o
 .debug_frame   0x0000000000000244       0x58 ./Core/Src/system_stm32l4xx.o
 .debug_frame   0x000000000000029c      0x498 ./Drivers/STM32L4xx_HAL_Driver/Src/stm32l4xx_hal.o
 .debug_frame   0x0000000000000734      0x4e8 ./Drivers/STM32L4xx_HAL_Driver/Src/stm32l4xx_hal_cortex.o
 .debug_frame   0x0000000000000c1c      0x14c ./Drivers/STM32L4xx_HAL_Driver/Src/stm32l4xx_hal_gpio.o
 .debug_frame   0x0000000000000d68      0x230 ./Drivers/STM32L4xx_HAL_Driver/Src/stm32l4xx_hal_pwr.o
 .debug_frame   0x0000000000000f98      0x584 ./Drivers/STM32L4xx_HAL_Driver/Src/stm32l4xx_hal_pwr_ex.o
 .debug_frame   0x000000000000151c      0x21c ./Drivers/STM32L4xx_HAL_Driver/Src/stm32l4xx_hal_rcc.o
 .debug_frame   0x0000000000001738       0x20 C:/ST/STM32CubeIDE_1.13.2/STM32CubeIDE/plugins/com.st.stm32cube.ide.mcu.externaltools.gnu-tools-for-stm32.11.3.rel1.win32_1.1.1.202309131626/tools/bin/../lib/gcc/arm-none-eabi/11.3.1/../../../../arm-none-eabi/lib/thumb/v7e-m+fp/hard\libc_nano.a(libc_a-memset.o)
 .debug_frame   0x0000000000001758       0x2c C:/ST/STM32CubeIDE_1.13.2/STM32CubeIDE/plugins/com.st.stm32cube.ide.mcu.externaltools.gnu-tools-for-stm32.11.3.rel1.win32_1.1.1.202309131626/tools/bin/../lib/gcc/arm-none-eabi/11.3.1/../../../../arm-none-eabi/lib/thumb/v7e-m+fp/hard\libc_nano.a(libc_a-init.o)

.debug_line_str
                0x0000000000000000       0x93
 .debug_line_str
                0x0000000000000000       0x93 ./Core/Startup/startup_stm32l476rgtx.o
                                         0xab (size before relaxing)
