08:29:03 **** Incremental Build of configuration Debug for project ADC_DC ****
make -j12 all 
arm-none-eabi-gcc "../Core/Src/callbacks.c" -mcpu=cortex-m4 -std=gnu11 -g3 -DDEBUG -DUSE_HAL_DRIVER -DSTM32L476xx -c -I../Core/Inc -I../Drivers/STM32L4xx_HAL_Driver/Inc -I../Drivers/STM32L4xx_HAL_Driver/Inc/Legacy -I../Drivers/CMSIS/Device/ST/STM32L4xx/Include -I../Drivers/CMSIS/Include -O0 -ffunction-sections -fdata-sections -Wall -fstack-usage -fcyclomatic-complexity -MMD -MP -MF"Core/Src/callbacks.d" -MT"Core/Src/callbacks.o" --specs=nano.specs -mfpu=fpv4-sp-d16 -mfloat-abi=hard -mthumb -o "Core/Src/callbacks.o"
arm-none-eabi-gcc "../Core/Src/main.c" -mcpu=cortex-m4 -std=gnu11 -g3 -DDEBUG -DUSE_HAL_DRIVER -DSTM32L476xx -c -I../Core/Inc -I../Drivers/STM32L4xx_HAL_Driver/Inc -I../Drivers/STM32L4xx_HAL_Driver/Inc/Legacy -I../Drivers/CMSIS/Device/ST/STM32L4xx/Include -I../Drivers/CMSIS/Include -O0 -ffunction-sections -fdata-sections -Wall -fstack-usage -fcyclomatic-complexity -MMD -MP -MF"Core/Src/main.d" -MT"Core/Src/main.o" --specs=nano.specs -mfpu=fpv4-sp-d16 -mfloat-abi=hard -mthumb -o "Core/Src/main.o"
arm-none-eabi-gcc -o "ADC_DC.elf" @"objects.list"   -mcpu=cortex-m4 -T"/home/papijou/Desktop/IPD439/IPD_439_Workspaces/Proyecto/STM32_workspace/ADC_DC/STM32L476RGTX_FLASH.ld" --specs=nosys.specs -Wl,-Map="ADC_DC.map" -Wl,--gc-sections -static --specs=nano.specs -mfpu=fpv4-sp-d16 -mfloat-abi=hard -mthumb -Wl,--start-group -lc -lm -Wl,--end-group
Finished building target: ADC_DC.elf
 
arm-none-eabi-size   ADC_DC.elf 
arm-none-eabi-objdump -h -S  ADC_DC.elf  > "ADC_DC.list"
   text	   data	    bss	    dec	    hex	filename
  29988	    100	  35196	  65284	   ff04	ADC_DC.elf
Finished building: default.size.stdout
 
Finished building: ADC_DC.list
 

08:29:04 Build Finished. 0 errors, 0 warnings. (took 742ms)

