22:20:13 **** Incremental Build of configuration Debug for project ADC_AC ****
make -j12 all 
arm-none-eabi-size   ADC_AC.elf 
   text	   data	    bss	    dec	    hex	filename
  31628	    100	  35260	  66988	  105ac	ADC_AC.elf
Finished building: default.size.stdout
 
22:20:16 **** Incremental Build of configuration Debug for project ADC_AC ****
make -j12 all 
arm-none-eabi-size   ADC_AC.elf 
   text	   data	    bss	    dec	    hex	filename
  31628	    100	  35260	  66988	  105ac	ADC_AC.elf
Finished building: default.size.stdout
 
09:17:10 **** Incremental Build of configuration Debug for project ADC_DC ****
make -j12 all 
arm-none-eabi-size   ADC_DC.elf 
   text	   data	    bss	    dec	    hex	filename
  29992	    100	  82428	 112520	  1b788	ADC_DC.elf
Finished building: default.size.stdout
 
09:24:25 **** Incremental Build of configuration Debug for project ADC_DC ****
make -j12 all 
arm-none-eabi-size   ADC_DC.elf 
   text	   data	    bss	    dec	    hex	filename
  29992	    100	  82428	 112520	  1b788	ADC_DC.elf
Finished building: default.size.stdout
 
